Archive member included because of file (symbol)

c:/freescale/kds_2.0.0/toolchain/bin/../lib/gcc/arm-none-eabi/4.8.0\libgcc.a(_udivsi3.o)
                              ./Generated_Code/UTIL1.o (__aeabi_uidiv)
c:/freescale/kds_2.0.0/toolchain/bin/../lib/gcc/arm-none-eabi/4.8.0\libgcc.a(_divsi3.o)
                              ./Generated_Code/UTIL1.o (__aeabi_idiv)
c:/freescale/kds_2.0.0/toolchain/bin/../lib/gcc/arm-none-eabi/4.8.0\libgcc.a(_dvmd_tls.o)
                              c:/freescale/kds_2.0.0/toolchain/bin/../lib/gcc/arm-none-eabi/4.8.0\libgcc.a(_udivsi3.o) (__aeabi_idiv0)
c:/freescale/kds_2.0.0/toolchain/bin/../lib/gcc/arm-none-eabi/4.8.0/../../../../arm-none-eabi/lib\libg_s.a(lib_a-atexit.o)
                              c:/freescale/kds_2.0.0/toolchain/bin/../lib/gcc/arm-none-eabi/4.8.0/../../../../arm-none-eabi/lib/crt0.o (atexit)
c:/freescale/kds_2.0.0/toolchain/bin/../lib/gcc/arm-none-eabi/4.8.0/../../../../arm-none-eabi/lib\libg_s.a(lib_a-exit.o)
                              c:/freescale/kds_2.0.0/toolchain/bin/../lib/gcc/arm-none-eabi/4.8.0/../../../../arm-none-eabi/lib/crt0.o (exit)
c:/freescale/kds_2.0.0/toolchain/bin/../lib/gcc/arm-none-eabi/4.8.0/../../../../arm-none-eabi/lib\libg_s.a(lib_a-fini.o)
                              c:/freescale/kds_2.0.0/toolchain/bin/../lib/gcc/arm-none-eabi/4.8.0/../../../../arm-none-eabi/lib\libg_s.a(lib_a-exit.o) (__libc_fini_array)
c:/freescale/kds_2.0.0/toolchain/bin/../lib/gcc/arm-none-eabi/4.8.0/../../../../arm-none-eabi/lib\libg_s.a(lib_a-impure.o)
                              c:/freescale/kds_2.0.0/toolchain/bin/../lib/gcc/arm-none-eabi/4.8.0/../../../../arm-none-eabi/lib\libg_s.a(lib_a-exit.o) (_global_impure_ptr)
c:/freescale/kds_2.0.0/toolchain/bin/../lib/gcc/arm-none-eabi/4.8.0/../../../../arm-none-eabi/lib\libg_s.a(lib_a-memcpy.o)
                              ./Generated_Code/queue.o (memcpy)
c:/freescale/kds_2.0.0/toolchain/bin/../lib/gcc/arm-none-eabi/4.8.0/../../../../arm-none-eabi/lib\libg_s.a(lib_a-memset.o)
                              c:/freescale/kds_2.0.0/toolchain/bin/../lib/gcc/arm-none-eabi/4.8.0/../../../../arm-none-eabi/lib/crt0.o (memset)
c:/freescale/kds_2.0.0/toolchain/bin/../lib/gcc/arm-none-eabi/4.8.0/../../../../arm-none-eabi/lib\libg_s.a(lib_a-setjmp.o)
                              ./Generated_Code/port.o (setjmp)
c:/freescale/kds_2.0.0/toolchain/bin/../lib/gcc/arm-none-eabi/4.8.0/../../../../arm-none-eabi/lib\libg_s.a(lib_a-strchr.o)
                              ./Generated_Code/UTIL1.o (strchr)
c:/freescale/kds_2.0.0/toolchain/bin/../lib/gcc/arm-none-eabi/4.8.0/../../../../arm-none-eabi/lib\libg_s.a(lib_a-strcmp.o)
                              ./Generated_Code/CLS1.o (strcmp)
c:/freescale/kds_2.0.0/toolchain/bin/../lib/gcc/arm-none-eabi/4.8.0/../../../../arm-none-eabi/lib\libg_s.a(lib_a-strcpy.o)
                              ./Generated_Code/tasks.o (strcpy)
c:/freescale/kds_2.0.0/toolchain/bin/../lib/gcc/arm-none-eabi/4.8.0/../../../../arm-none-eabi/lib\libg_s.a(lib_a-strlen.o)
                              ./Generated_Code/CLS1.o (strlen)
c:/freescale/kds_2.0.0/toolchain/bin/../lib/gcc/arm-none-eabi/4.8.0/../../../../arm-none-eabi/lib\libg_s.a(lib_a-strncmp.o)
                              ./Generated_Code/UTIL1.o (strncmp)
c:/freescale/kds_2.0.0/toolchain/bin/../lib/gcc/arm-none-eabi/4.8.0/../../../../arm-none-eabi/lib\libg_s.a(lib_a-syscalls.o)
                              c:/freescale/kds_2.0.0/toolchain/bin/../lib/gcc/arm-none-eabi/4.8.0/../../../../arm-none-eabi/lib\libg_s.a(lib_a-exit.o) (_exit)
c:/freescale/kds_2.0.0/toolchain/bin/../lib/gcc/arm-none-eabi/4.8.0/../../../../arm-none-eabi/lib\libg_s.a(lib_a-__atexit.o)
                              c:/freescale/kds_2.0.0/toolchain/bin/../lib/gcc/arm-none-eabi/4.8.0/../../../../arm-none-eabi/lib\libg_s.a(lib_a-atexit.o) (__do_register_exitproc)
c:/freescale/kds_2.0.0/toolchain/bin/../lib/gcc/arm-none-eabi/4.8.0/../../../../arm-none-eabi/lib\libg_s.a(lib_a-__call_atexit.o)
                              c:/freescale/kds_2.0.0/toolchain/bin/../lib/gcc/arm-none-eabi/4.8.0/../../../../arm-none-eabi/lib\libg_s.a(lib_a-__atexit.o) (__call_exitprocs)
c:/freescale/kds_2.0.0/toolchain/bin/../lib/gcc/arm-none-eabi/4.8.0/../../../../arm-none-eabi/lib\libg_s.a(lib_a-errno.o)
                              c:/freescale/kds_2.0.0/toolchain/bin/../lib/gcc/arm-none-eabi/4.8.0/../../../../arm-none-eabi/lib\libg_s.a(lib_a-syscalls.o) (__errno)
c:/freescale/kds_2.0.0/toolchain/bin/../lib/gcc/arm-none-eabi/4.8.0/../../../../arm-none-eabi/lib\libg_s.a(lib_a-malloc.o)
                              c:/freescale/kds_2.0.0/toolchain/bin/../lib/gcc/arm-none-eabi/4.8.0/../../../../arm-none-eabi/lib\libg_s.a(lib_a-__atexit.o) (malloc)
c:/freescale/kds_2.0.0/toolchain/bin/../lib/gcc/arm-none-eabi/4.8.0/../../../../arm-none-eabi/lib\libg_s.a(lib_a-mallocr.o)
[...]
Memory Configuration

Name             Origin             Length             Attributes
m_interrupts     0x00000000         0x000000c0         xr
m_text           0x00000410         0x0001fbf0         xr
m_data           0x1ffff000         0x00004000         rw
m_cfmprotrom     0x00000400         0x00000010         xr
*default*        0x00000000         0xffffffff

Linker script and memory map

LOAD c:/freescale/kds_2.0.0/toolchain/bin/../lib/gcc/arm-none-eabi/4.8.0/crti.o
LOAD c:/freescale/kds_2.0.0/toolchain/bin/../lib/gcc/arm-none-eabi/4.8.0/crtbegin.o
LOAD c:/freescale/kds_2.0.0/toolchain/bin/../lib/gcc/arm-none-eabi/4.8.0/../../../../arm-none-eabi/lib/crt0.o
LOAD ./Sources/Appilication.o
LOAD ./Sources/Event.o
LOAD ./Sources/Events.o
LOAD ./Sources/Function_Template.o
LOAD ./Sources/Key.o
LOAD ./Sources/LED.o
LOAD ./Sources/Platform.o
LOAD ./Sources/RTOS.o
LOAD ./Sources/Timer.o
LOAD ./Sources/main.o
LOAD ./Project_Settings/Startup_Code/startup.o
LOAD ./Generated_Code/AS1.o
LOAD ./Generated_Code/ASerialLdd1.o
LOAD ./Generated_Code/BitIoLdd1.o
LOAD ./Generated_Code/BitIoLdd2.o
LOAD ./Generated_Code/BitIoLdd3.o
LOAD ./Generated_Code/BitIoLdd8.o
LOAD ./Generated_Code/BitIoLdd9.o
LOAD ./Generated_Code/CLS1.o
LOAD ./Generated_Code/CS1.o
LOAD ./Generated_Code/Cpu.o
LOAD ./Generated_Code/ExtIntLdd1.o
LOAD ./Generated_Code/ExtIntLdd2.o
LOAD ./Generated_Code/ExtIntLdd3.o
LOAD ./Generated_Code/ExtIntLdd4.o
LOAD ./Generated_Code/ExtIntLdd5.o
LOAD ./Generated_Code/FRTOS1.o
LOAD ./Generated_Code/HF1.o
LOAD ./Generated_Code/KeyA.o
LOAD ./Generated_Code/KeyB.o
LOAD ./Generated_Code/KeyC.o
LOAD ./Generated_Code/KeyD.o
LOAD ./Generated_Code/KeyE.o
LOAD ./Generated_Code/KeyF.o
LOAD ./Generated_Code/KeyKEY.o
LOAD ./Generated_Code/LED1.o
LOAD ./Generated_Code/LED2.o
LOAD ./Generated_Code/LED3.o
LOAD ./Generated_Code/LEDpin1.o
LOAD ./Generated_Code/LEDpin2.o
LOAD ./Generated_Code/LEDpin3.o
LOAD ./Generated_Code/PE_LDD.o
LOAD ./Generated_Code/PTA.o
LOAD ./Generated_Code/TI1.o
LOAD ./Generated_Code/TU1.o
LOAD ./Generated_Code/TimerIntLdd1.o
LOAD ./Generated_Code/UTIL1.o
LOAD ./Generated_Code/Vectors.o
LOAD ./Generated_Code/WAIT1.o
LOAD ./Generated_Code/croutine.o
LOAD ./Generated_Code/event_groups.o
LOAD ./Generated_Code/heap_1.o
LOAD ./Generated_Code/heap_2.o
LOAD ./Generated_Code/heap_3.o
LOAD ./Generated_Code/heap_4.o
LOAD ./Generated_Code/heap_5.o
LOAD ./Generated_Code/list.o
LOAD ./Generated_Code/port.o
LOAD ./Generated_Code/queue.o
LOAD ./Generated_Code/tasks.o
LOAD ./Generated_Code/timers.o
LOAD c:/freescale/kds_2.0.0/toolchain/bin/../lib/gcc/arm-none-eabi/4.8.0/../../../../arm-none-eabi/lib\libstdc++.a
LOAD c:/freescale/kds_2.0.0/toolchain/bin/../lib/gcc/arm-none-eabi/4.8.0/../../../../arm-none-eabi/lib\libm.a
START GROUP
LOAD c:/freescale/kds_2.0.0/toolchain/bin/../lib/gcc/arm-none-eabi/4.8.0\libgcc.a
LOAD c:/freescale/kds_2.0.0/toolchain/bin/../lib/gcc/arm-none-eabi/4.8.0/../../../../arm-none-eabi/lib\libg_s.a
LOAD c:/freescale/kds_2.0.0/toolchain/bin/../lib/gcc/arm-none-eabi/4.8.0/../../../../arm-none-eabi/lib\libc_s.a
END GROUP
LOAD c:/freescale/kds_2.0.0/toolchain/bin/../lib/gcc/arm-none-eabi/4.8.0/crtend.o
LOAD c:/freescale/kds_2.0.0/toolchain/bin/../lib/gcc/arm-none-eabi/4.8.0/crtn.o
                0x20003000                _estack = 0x20003000
                0x20003000                __SP_INIT = _estack
                0x00000000                __heap_size = 0x0
                0x00000400                __stack_size = 0x400

.interrupts     0x00000000       0xc0
                0x00000000                __vector_table = .
                0x00000000                . = ALIGN (0x4)
 *(.vectortable)
 .vectortable   0x00000000       0xc0 ./Generated_Code/Vectors.o
                0x00000000                __vect_table
                0x000000c0                . = ALIGN (0x4)

.cfmprotect     0x00000400       0x10
                0x00000400                . = ALIGN (0x4)
 *(.cfmconfig)
 .cfmconfig     0x00000400       0x10 ./Generated_Code/Cpu.o
                0x00000400                _cfm
                0x00000410                . = ALIGN (0x4)

.text           0x00000410     0x3360
                0x00000410                . = ALIGN (0x4)
 *(.text)
 .text          0x00000410       0x34 c:/freescale/kds_2.0.0/toolchain/bin/../lib/gcc/arm-none-eabi/4.8.0/../../../../arm-none-eabi/lib\libg_s.a(lib_a-setjmp.o)
                0x00000410                setjmp
                0x00000428                longjmp
 *(.text*)
 .text.deregister_tm_clones
                0x00000444       0x24 c:/freescale/kds_2.0.0/toolchain/bin/../lib/gcc/arm-none-eabi/4.8.0/crtbegin.o
 .text.register_tm_clones
                0x00000468       0x28 c:/freescale/kds_2.0.0/toolchain/bin/../lib/gcc/arm-none-eabi/4.8.0/crtbegin.o
 .text.__do_global_dtors_aux
                0x00000490       0x30 c:/freescale/kds_2.0.0/toolchain/bin/../lib/gcc/arm-none-eabi/4.8.0/crtbegin.o
 .text.frame_dummy
                0x000004c0       0x3c c:/freescale/kds_2.0.0/toolchain/bin/../lib/gcc/arm-none-eabi/4.8.0/crtbegin.o
 .text.APP_HandleEvents
                0x000004fc      0x250 ./Sources/Appilication.o
                0x000004fc                APP_HandleEvents
 .text.APP_Run  0x0000074c       0x10 ./Sources/Appilication.o
                0x0000074c                APP_Run
 .text.EVENT_Set
                0x0000075c       0x58 ./Sources/Event.o
                0x0000075c                EVENT_Set
 .text.EVENT_HandleEvent
                0x000007b4       0xc0 ./Sources/Event.o
                0x000007b4                EVENT_HandleEvent
 .text.EVENT_Init
                0x00000874       0x34 ./Sources/Event.o
                0x00000874                EVENT_Init
 .text.Cpu_OnNMIINT
                0x000008a8        0x8 ./Sources/Events.o
                0x000008a8                Cpu_OnNMIINT
 .text.TI1_OnInterrupt
                0x000008b0       0x24 ./Sources/Events.o
                0x000008b0                TI1_OnInterrupt
 .text.KeyD_OnInterrupt
                0x000008d4        0x8 ./Sources/Events.o
                0x000008d4                KeyD_OnInterrupt
 .text.KeyKEY_OnInterrupt
                0x000008dc       0x24 ./Sources/Events.o
                0x000008dc                KeyKEY_OnInterrupt
 .text.KeyC_OnInterrupt
                0x00000900       0x2c ./Sources/Events.o
                0x00000900                KeyC_OnInterrupt
 .text.KeyB_OnInterrupt
                0x0000092c       0x24 ./Sources/Events.o
                0x0000092c                KeyB_OnInterrupt
 .text.KeyA_OnInterrupt
                0x00000950       0x24 ./Sources/Events.o
                0x00000950                KeyA_OnInterrupt
 .text.FRTOS1_vApplicationStackOverflowHook
                0x00000974       0x10 ./Sources/Events.o
                0x00000974                FRTOS1_vApplicationStackOverflowHook
 .text.FRTOS1_vApplicationTickHook
                0x00000984        0x8 ./Sources/Events.o
                0x00000984                FRTOS1_vApplicationTickHook
 .text.FRTOS1_vApplicationIdleHook
                0x0000098c        0x8 ./Sources/Events.o
                0x0000098c                FRTOS1_vApplicationIdleHook
 .text.FRTOS1_vApplicationMallocFailedHook
                0x00000994        0x8 ./Sources/Events.o
                0x00000994                FRTOS1_vApplicationMallocFailedHook
 .text.KEY_OnInterrupt
                0x0000099c       0x64 ./Sources/Key.o
                0x0000099c                KEY_OnInterrupt
 .text.PORTA_OnInterrupt
                0x00000a00        0xc ./Sources/Key.o
                0x00000a00                PORTA_OnInterrupt
 .text.KEY_Scan
                0x00000a0c       0xa8 ./Sources/Key.o
                0x00000a0c                KEY_Scan
 .text.LED_INIT
                0x00000ab4       0x20 ./Sources/LED.o
                0x00000ab4                LED_INIT
 .text.PL_INIT  0x00000ad4       0x14 ./Sources/Platform.o
                0x00000ad4                PL_INIT
 .text.AppTask  0x00000ae8       0x4c ./Sources/RTOS.o
 .text.RTOS_Run
                0x00000b34        0xc ./Sources/RTOS.o
                0x00000b34                RTOS_Run
 .text.RTOS_Init
                0x00000b40       0xa0 ./Sources/RTOS.o
                0x00000b40                RTOS_Init
 .text.main     0x00000be0       0x10 ./Sources/main.o
                0x00000be0                main
 .text.__flush_cache
                0x00000bf0       0x10 ./Project_Settings/Startup_Code/startup.o
                0x00000bf0                __flush_cache
 .text.__copy_rom_section
                0x00000c00       0xd8 ./Project_Settings/Startup_Code/startup.o
                0x00000c00                __copy_rom_section
 .text.__copy_rom_sections_to_ram
                0x00000cd8       0xc0 ./Project_Settings/Startup_Code/startup.o
                0x00000cd8                __copy_rom_sections_to_ram
 .text.zero_fill_bss
                0x00000d98       0xac ./Project_Settings/Startup_Code/startup.o
 .text.__init_registers
                0x00000e44        0x8 ./Project_Settings/Startup_Code/startup.o
                0x00000e44                __init_registers
 .text.__init_user
                0x00000e4c        0x8 ./Project_Settings/Startup_Code/startup.o
                0x00000e4c                __init_user
 .text.__thumb_startup
                0x00000e54       0x48 ./Project_Settings/Startup_Code/startup.o
                0x00000e54                __thumb_startup
 .text.HWEnDi   0x00000e9c       0x20 ./Generated_Code/AS1.o
 .text.AS1_RecvChar
                0x00000ebc       0xe8 ./Generated_Code/AS1.o
                0x00000ebc                AS1_RecvChar
 .text.AS1_SendChar
                0x00000fa4       0xe8 ./Generated_Code/AS1.o
                0x00000fa4                AS1_SendChar
 .text.AS1_GetCharsInRxBuf
                0x0000108c       0x14 ./Generated_Code/AS1.o
                0x0000108c                AS1_GetCharsInRxBuf
 .text.AS1_Init
                0x000010a0       0x64 ./Generated_Code/AS1.o
                0x000010a0                AS1_Init
 .text.ASerialLdd1_OnBlockReceived
                0x00001104       0x7c ./Generated_Code/AS1.o
                0x00001104                ASerialLdd1_OnBlockReceived
 .text.ASerialLdd1_OnBlockSent
                0x00001180       0x88 ./Generated_Code/AS1.o
                0x00001180                ASerialLdd1_OnBlockSent
 .text.ASerialLdd1_OnError
                0x00001208       0x90 ./Generated_Code/AS1.o
                0x00001208                ASerialLdd1_OnError
 .text.ASerialLdd1_OnBreak
                0x00001298       0x20 ./Generated_Code/AS1.o
                0x00001298                ASerialLdd1_OnBreak
 .text.ASerialLdd1_Init
                0x000012b8      0x1c4 ./Generated_Code/ASerialLdd1.o
                0x000012b8                ASerialLdd1_Init
 .text.ASerialLdd1_ReceiveBlock
                0x0000147c       0x50 ./Generated_Code/ASerialLdd1.o
                0x0000147c                ASerialLdd1_ReceiveBlock
 .text.ASerialLdd1_SendBlock
                0x000014cc       0x80 ./Generated_Code/ASerialLdd1.o
                0x000014cc                ASerialLdd1_SendBlock
 .text.InterruptRx
                0x0000154c       0x58 ./Generated_Code/ASerialLdd1.o
 .text.InterruptTx
                0x000015a4       0x80 ./Generated_Code/ASerialLdd1.o
 .text.ASerialLdd1_Interrupt
                0x00001624       0xec ./Generated_Code/ASerialLdd1.o
                0x00001624                ASerialLdd1_Interrupt
 .text.ASerialLdd1_GetError
                0x00001710       0x30 ./Generated_Code/ASerialLdd1.o
                0x00001710                ASerialLdd1_GetError
 .text.BitIoLdd1_Init
                0x00001740       0x60 ./Generated_Code/BitIoLdd1.o
                0x00001740                BitIoLdd1_Init
 .text.BitIoLdd1_ClrVal
                0x000017a0       0x18 ./Generated_Code/BitIoLdd1.o
                0x000017a0                BitIoLdd1_ClrVal
 .text.BitIoLdd1_SetVal
                0x000017b8       0x18 ./Generated_Code/BitIoLdd1.o
                0x000017b8                BitIoLdd1_SetVal
 .text.BitIoLdd1_NegVal
                0x000017d0       0x18 ./Generated_Code/BitIoLdd1.o
                0x000017d0                BitIoLdd1_NegVal
 .text.BitIoLdd2_Init
                0x000017e8       0x60 ./Generated_Code/BitIoLdd2.o
                0x000017e8                BitIoLdd2_Init
 .text.BitIoLdd2_SetVal
                0x00001848       0x18 ./Generated_Code/BitIoLdd2.o
                0x00001848                BitIoLdd2_SetVal
 .text.BitIoLdd3_Init
                0x00001860       0x60 ./Generated_Code/BitIoLdd3.o
                0x00001860                BitIoLdd3_Init
 .text.BitIoLdd3_SetVal
                0x000018c0       0x18 ./Generated_Code/BitIoLdd3.o
                0x000018c0                BitIoLdd3_SetVal
 .text.BitIoLdd8_Init
                0x000018d8       0x68 ./Generated_Code/BitIoLdd8.o
                0x000018d8                BitIoLdd8_Init
 .text.BitIoLdd8_GetVal
                0x00001940       0x44 ./Generated_Code/BitIoLdd8.o
                0x00001940                BitIoLdd8_GetVal
 .text.BitIoLdd9_Init
                0x00001984       0x68 ./Generated_Code/BitIoLdd9.o
                0x00001984                BitIoLdd9_Init
 .text.BitIoLdd9_GetVal
                0x000019ec       0x44 ./Generated_Code/BitIoLdd9.o
                0x000019ec                BitIoLdd9_GetVal
 .text.CLS1_SendStr
                0x00001a30       0x28 ./Generated_Code/CLS1.o
                0x00001a30                CLS1_SendStr
 .text.CLS1_GetStdio
                0x00001a58       0x14 ./Generated_Code/CLS1.o
                0x00001a58                CLS1_GetStdio
 .text.CLS1_ReadChar
                0x00001a6c       0x30 ./Generated_Code/CLS1.o
                0x00001a6c                CLS1_ReadChar
 .text.CLS1_SendChar
                0x00001a9c       0x40 ./Generated_Code/CLS1.o
                0x00001a9c                CLS1_SendChar
 .text.CLS1_KeyPressed
                0x00001adc       0x24 ./Generated_Code/CLS1.o
                0x00001adc                CLS1_KeyPressed
 .text.CLS1_Init
                0x00001b00        0x8 ./Generated_Code/CLS1.o
                0x00001b00                CLS1_Init
 .text.Cpu_ivINT_PORTA
                0x00001b08       0x18 ./Generated_Code/Cpu.o
                0x00001b08                Cpu_ivINT_PORTA
 .text.Cpu_INT_NMIInterrupt
                0x00001b20        0xc ./Generated_Code/Cpu.o
                0x00001b20                Cpu_INT_NMIInterrupt
 .text.Cpu_Interrupt
                0x00001b2c        0xc ./Generated_Code/Cpu.o
                0x00001b2c                Cpu_Interrupt
 .text.__init_hardware
                0x00001b38      0x184 ./Generated_Code/Cpu.o
                0x00001b38                __init_hardware
 .text.PE_low_level_init
                0x00001cbc      0x190 ./Generated_Code/Cpu.o
                0x00001cbc                PE_low_level_init
 .text.ExtIntLdd1_Init
                0x00001e4c       0x94 ./Generated_Code/ExtIntLdd1.o
                0x00001e4c                ExtIntLdd1_Init
 .text.ExtIntLdd1_Interrupt
                0x00001ee0       0x34 ./Generated_Code/ExtIntLdd1.o
                0x00001ee0                ExtIntLdd1_Interrupt
 .text.ExtIntLdd1_GetVal
                0x00001f14       0x24 ./Generated_Code/ExtIntLdd1.o
                0x00001f14                ExtIntLdd1_GetVal
 .text.ExtIntLdd2_Init
                0x00001f38       0x98 ./Generated_Code/ExtIntLdd2.o
                0x00001f38                ExtIntLdd2_Init
 .text.ExtIntLdd2_Interrupt
                0x00001fd0       0x40 ./Generated_Code/ExtIntLdd2.o
                0x00001fd0                ExtIntLdd2_Interrupt
 .text.ExtIntLdd2_GetVal
                0x00002010       0x28 ./Generated_Code/ExtIntLdd2.o
                0x00002010                ExtIntLdd2_GetVal
 .text.ExtIntLdd3_Init
                0x00002038       0x84 ./Generated_Code/ExtIntLdd3.o
                0x00002038                ExtIntLdd3_Init
 .text.ExtIntLdd3_Interrupt
                0x000020bc       0x2c ./Generated_Code/ExtIntLdd3.o
                0x000020bc                ExtIntLdd3_Interrupt
 .text.ExtIntLdd3_GetVal
                0x000020e8       0x24 ./Generated_Code/ExtIntLdd3.o
                0x000020e8                ExtIntLdd3_GetVal
 .text.ExtIntLdd4_Init
                0x0000210c       0x98 ./Generated_Code/ExtIntLdd4.o
                0x0000210c                ExtIntLdd4_Init
 .text.ExtIntLdd4_Interrupt
                0x000021a4       0x40 ./Generated_Code/ExtIntLdd4.o
                0x000021a4                ExtIntLdd4_Interrupt
 .text.ExtIntLdd4_GetVal
                0x000021e4       0x28 ./Generated_Code/ExtIntLdd4.o
                0x000021e4                ExtIntLdd4_GetVal
 .text.ExtIntLdd5_Init
                0x0000220c       0x98 ./Generated_Code/ExtIntLdd5.o
                0x0000220c                ExtIntLdd5_Init
 .text.ExtIntLdd5_Interrupt
                0x000022a4       0x40 ./Generated_Code/ExtIntLdd5.o
                0x000022a4                ExtIntLdd5_Interrupt
 .text.ExtIntLdd5_GetVal
                0x000022e4       0x24 ./Generated_Code/ExtIntLdd5.o
                0x000022e4                ExtIntLdd5_GetVal
 .text.HF1_HandlerC
                0x00002308       0xd0 ./Generated_Code/HF1.o
                0x00002308                HF1_HandlerC
 .text.HF1_HardFaultHandler
                0x000023d8       0x18 ./Generated_Code/HF1.o
                0x000023d8                HF1_HardFaultHandler
 .text.ExtIntLdd1_OnInterrupt
                0x000023f0       0x14 ./Generated_Code/KeyA.o
                0x000023f0                ExtIntLdd1_OnInterrupt
 .text.ExtIntLdd2_OnInterrupt
                0x00002404       0x14 ./Generated_Code/KeyB.o
                0x00002404                ExtIntLdd2_OnInterrupt
 .text.ExtIntLdd3_OnInterrupt
                0x00002418       0x14 ./Generated_Code/KeyC.o
                0x00002418                ExtIntLdd3_OnInterrupt
 .text.ExtIntLdd5_OnInterrupt
                0x0000242c       0x14 ./Generated_Code/KeyD.o
                0x0000242c                ExtIntLdd5_OnInterrupt
 .text.ExtIntLdd4_OnInterrupt
                0x00002440       0x14 ./Generated_Code/KeyKEY.o
                0x00002440                ExtIntLdd4_OnInterrupt
 .text.PTA_Init
                0x00002454        0x8 ./Generated_Code/PTA.o
                0x00002454                PTA_Init
 .text.TimerIntLdd1_OnInterrupt
                0x0000245c       0x14 ./Generated_Code/TI1.o
                0x0000245c                TimerIntLdd1_OnInterrupt
 .text.TU1_Init
                0x00002470       0xc0 ./Generated_Code/TU1.o
                0x00002470                TU1_Init
 .text.TU1_Interrupt
                0x00002530       0x30 ./Generated_Code/TU1.o
                0x00002530                TU1_Interrupt
 .text.TimerIntLdd1_Init
                0x00002560       0x50 ./Generated_Code/TimerIntLdd1.o
                0x00002560                TimerIntLdd1_Init
 .text.TU1_OnCounterRestart
                0x000025b0       0x24 ./Generated_Code/TimerIntLdd1.o
                0x000025b0                TU1_OnCounterRestart
 .text.WAIT1_Wait10Cycles
                0x000025d4        0x8 ./Generated_Code/WAIT1.o
                0x000025d4                WAIT1_Wait10Cycles
 .text.WAIT1_Wait100Cycles
                0x000025dc       0x18 ./Generated_Code/WAIT1.o
                0x000025dc                WAIT1_Wait100Cycles
 .text.WAIT1_WaitCycles
                0x000025f4       0x44 ./Generated_Code/WAIT1.o
                0x000025f4                WAIT1_WaitCycles
 .text.WAIT1_WaitLongCycles
                0x00002638       0x3c ./Generated_Code/WAIT1.o
                0x00002638                WAIT1_WaitLongCycles
 .text.WAIT1_Waitms
                0x00002674       0x38 ./Generated_Code/WAIT1.o
                0x00002674                WAIT1_Waitms
 .text.pvPortMalloc
                0x000026ac      0x124 ./Generated_Code/heap_2.o
                0x000026ac                pvPortMalloc
 .text.vPortFree
                0x000027d0       0x70 ./Generated_Code/heap_2.o
                0x000027d0                vPortFree
 .text.prvHeapInit
                0x00002840       0x4c ./Generated_Code/heap_2.o
 .text.vListInitialise
                0x0000288c       0x3c ./Generated_Code/list.o
                0x0000288c                vListInitialise
 .text.vListInitialiseItem
                0x000028c8       0x14 ./Generated_Code/list.o
                0x000028c8                vListInitialiseItem
 .text.vListInsertEnd
                0x000028dc       0x44 ./Generated_Code/list.o
                0x000028dc                vListInsertEnd
 .text.vListInsert
                0x00002920       0x6c ./Generated_Code/list.o
                0x00002920                vListInsert
 .text.uxListRemove
                0x0000298c       0x50 ./Generated_Code/list.o
                0x0000298c                uxListRemove
 .text.pxPortInitialiseStack
                0x000029dc       0x50 ./Generated_Code/port.o
                0x000029dc                pxPortInitialiseStack
 .text.vPortInitTickTimer
                0x00002a2c       0x3c ./Generated_Code/port.o
                0x00002a2c                vPortInitTickTimer
 .text.vPortStartTickTimer
                0x00002a68       0x14 ./Generated_Code/port.o
                0x00002a68                vPortStartTickTimer
 .text.vPortStopTickTimer
                0x00002a7c       0x14 ./Generated_Code/port.o
                0x00002a7c                vPortStopTickTimer
 .text.xPortStartScheduler
                0x00002a90       0x4c ./Generated_Code/port.o
                0x00002a90                xPortStartScheduler
 .text.vPortEnterCritical
                0x00002adc       0x20 ./Generated_Code/port.o
                0x00002adc                vPortEnterCritical
 .text.vPortExitCritical
                0x00002afc       0x20 ./Generated_Code/port.o
                0x00002afc                vPortExitCritical
 .text.vPortYieldFromISR
                0x00002b1c       0x1c ./Generated_Code/port.o
                0x00002b1c                vPortYieldFromISR
 .text.vPortTickHandler
                0x00002b38       0x1c ./Generated_Code/port.o
                0x00002b38                vPortTickHandler
 .text.vPortStartFirstTask
                0x00002b54       0x1c ./Generated_Code/port.o
                0x00002b54                vPortStartFirstTask
 .text.vPortSVCHandler
                0x00002b70       0x28 ./Generated_Code/port.o
                0x00002b70                vPortSVCHandler
 .text.vPortPendSVHandler
                0x00002b98       0x44 ./Generated_Code/port.o
                0x00002b98                vPortPendSVHandler
 .text.xTaskGenericCreate
                0x00002bdc      0x174 ./Generated_Code/tasks.o
                0x00002bdc                xTaskGenericCreate
 .text.vTaskDelay
                0x00002d50       0x64 ./Generated_Code/tasks.o
                0x00002d50                vTaskDelay
 .text.vTaskStartScheduler
                0x00002db4       0x64 ./Generated_Code/tasks.o
                0x00002db4                vTaskStartScheduler
 .text.vTaskSuspendAll
                0x00002e18       0x18 ./Generated_Code/tasks.o
                0x00002e18                vTaskSuspendAll
 .text.xTaskResumeAll
                0x00002e30      0x108 ./Generated_Code/tasks.o
                0x00002e30                xTaskResumeAll
 .text.xTaskGetTickCount
                0x00002f38       0x24 ./Generated_Code/tasks.o
                0x00002f38                xTaskGetTickCount
 .text.xTaskIncrementTick
                0x00002f5c      0x17c ./Generated_Code/tasks.o
                0x00002f5c                xTaskIncrementTick
 .text.vTaskSwitchContext
                0x000030d8       0xfc ./Generated_Code/tasks.o
                0x000030d8                vTaskSwitchContext
 .text.prvIdleTask
                0x000031d4       0x24 ./Generated_Code/tasks.o
 .text.prvInitialiseTCBVariables
                0x000031f8       0xac ./Generated_Code/tasks.o
 .text.prvInitialiseTaskLists
                0x000032a4       0x88 ./Generated_Code/tasks.o
 .text.prvCheckTasksWaitingTermination
                0x0000332c       0x74 ./Generated_Code/tasks.o
 .text.prvAddCurrentTaskToDelayedList
                0x000033a0       0x6c ./Generated_Code/tasks.o
 .text.prvAllocateTCBAndStack
                0x0000340c       0x78 ./Generated_Code/tasks.o
 .text.prvDeleteTCB
                0x00003484       0x20 ./Generated_Code/tasks.o
 .text.prvResetNextTaskUnblockTime
                0x000034a4       0x44 ./Generated_Code/tasks.o
 .text.memset   0x000034e8       0x12 c:/freescale/kds_2.0.0/toolchain/bin/../lib/gcc/arm-none-eabi/4.8.0/../../../../arm-none-eabi/lib\libg_s.a(lib_a-memset.o)
                0x000034e8                memset
 *(.rodata)
 *fill*         0x000034fa        0x2 
 .rodata        0x000034fc      0x190 ./Sources/Appilication.o
 .rodata        0x0000368c       0x24 ./Sources/RTOS.o
 .rodata        0x000036b0       0x20 ./Generated_Code/tasks.o
 *(.rodata*)
 .rodata.APP_HandleEvents
                0x000036d0       0x5c ./Sources/Appilication.o
 .rodata.KEY_OnInterrupt
                0x0000372c       0x1c ./Sources/Key.o
 .rodata.CLS1_stdio
                0x00003748       0x10 ./Generated_Code/CLS1.o
 *(.glue_7)
 .glue_7        0x00000000        0x0 linker stubs
 *(.glue_7t)
 .glue_7t       0x00000000        0x0 linker stubs
 *(.eh_frame)
 .eh_frame      0x00003758        0x0 c:/freescale/kds_2.0.0/toolchain/bin/../lib/gcc/arm-none-eabi/4.8.0/crtbegin.o
 *(.init)
 .init          0x00003758        0x4 c:/freescale/kds_2.0.0/toolchain/bin/../lib/gcc/arm-none-eabi/4.8.0/crti.o
                0x00003758                _init
 .init          0x0000375c        0x8 c:/freescale/kds_2.0.0/toolchain/bin/../lib/gcc/arm-none-eabi/4.8.0/crtn.o
 *(.fini)
 .fini          0x00003764        0x4 c:/freescale/kds_2.0.0/toolchain/bin/../lib/gcc/arm-none-eabi/4.8.0/crti.o
                0x00003764                _fini
 .fini          0x00003768        0x8 c:/freescale/kds_2.0.0/toolchain/bin/../lib/gcc/arm-none-eabi/4.8.0/crtn.o
                0x00003770                . = ALIGN (0x4)
                0x00003770                _etext = .

.vfp11_veneer   0x00003770        0x0
 .vfp11_veneer  0x00000000        0x0 linker stubs

.v4_bx          0x00003770        0x0
 .v4_bx         0x00000000        0x0 linker stubs

.iplt           0x00003770        0x0
 .iplt          0x00000000        0x0 c:/freescale/kds_2.0.0/toolchain/bin/../lib/gcc/arm-none-eabi/4.8.0/crtbegin.o

.rel.dyn        0x00003770        0x0
 .rel.iplt      0x00000000        0x0 c:/freescale/kds_2.0.0/toolchain/bin/../lib/gcc/arm-none-eabi/4.8.0/crtbegin.o

.ARM.extab
 *(.ARM.extab* .gnu.linkonce.armextab.*)

.ARM            0x00003770        0x0
                0x00003770                __exidx_start = .
 *(.ARM.exidx*)
                0x00003770                __exidx_end = .

.ctors          0x00003770        0x0
                0x00003770                __CTOR_LIST__ = .
 *crtbegin.o(.ctors)
 *(EXCLUDE_FILE(*crtend.o) .ctors)
 *(SORT(.ctors.*))
 *(.ctors)
                0x00003770                __CTOR_END__ = .

.dtors          0x00003770        0x0
                0x00003770                __DTOR_LIST__ = .
 *crtbegin.o(.dtors)
 *(EXCLUDE_FILE(*crtend.o) .dtors)
 *(SORT(.dtors.*))
 *(.dtors)
                0x00003770                __DTOR_END__ = .

.preinit_array  0x00003770        0x0
                0x00003770                PROVIDE (__preinit_array_start, .)
 *(.preinit_array*)
                0x00003770                PROVIDE (__preinit_array_end, .)

.init_array     0x00003770        0x4
                0x00003770                PROVIDE (__init_array_start, .)
 *(SORT(.init_array.*))
 *(.init_array*)
 .init_array    0x00003770        0x4 c:/freescale/kds_2.0.0/toolchain/bin/../lib/gcc/arm-none-eabi/4.8.0/crtbegin.o
                0x00003774                PROVIDE (__init_array_end, .)

.fini_array     0x00003774        0x4
                0x00003774                PROVIDE (__fini_array_start, .)
 *(SORT(.fini_array.*))
 *(.fini_array*)
 .fini_array    0x00003774        0x4 c:/freescale/kds_2.0.0/toolchain/bin/../lib/gcc/arm-none-eabi/4.8.0/crtbegin.o
                0x00003778                PROVIDE (__fini_array_end, .)
                0x00003778                ___ROM_AT = .

.mtb            0x1ffff000        0x0
                0x1ffff000                . = ALIGN (0x8)
                0x1ffff000                _mtb_start = .
 *(.mtb_buf)
                0x1ffff000                . = ALIGN (0x8)
                0x1ffff000                _mtb_end = .

.data           0x1ffff000       0x10 load address 0x00003778
                0x1ffff000                . = ALIGN (0x4)
                0x1ffff000                _sdata = .
 *(.data)
 *(.data*)
 .data.CLS1_currStdIO
                0x1ffff000        0x4 ./Generated_Code/CLS1.o
 .data.xFreeBytesRemaining
                0x1ffff004        0x4 ./Generated_Code/heap_2.o
 .data.uxCriticalNesting
                0x1ffff008        0x4 ./Generated_Code/port.o
 .data.xNextTaskUnblockTime
                0x1ffff00c        0x4 ./Generated_Code/tasks.o
                0x1ffff010                . = ALIGN (0x4)
                0x1ffff010                _edata = .
                0x00000010                ___data_size = (_edata - _sdata)

.jcr            0x1ffff010        0x0 load address 0x00003788
 .jcr           0x1ffff010        0x0 c:/freescale/kds_2.0.0/toolchain/bin/../lib/gcc/arm-none-eabi/4.8.0/crtbegin.o

.tm_clone_table
                0x1ffff010        0x0 load address 0x00003788
 .tm_clone_table
                0x1ffff010        0x0 c:/freescale/kds_2.0.0/toolchain/bin/../lib/gcc/arm-none-eabi/4.8.0/crtbegin.o
 .tm_clone_table
                0x1ffff010        0x0 c:/freescale/kds_2.0.0/toolchain/bin/../lib/gcc/arm-none-eabi/4.8.0/crtend.o

.igot.plt       0x1ffff010        0x0 load address 0x00003788
 .igot.plt      0x00000000        0x0 c:/freescale/kds_2.0.0/toolchain/bin/../lib/gcc/arm-none-eabi/4.8.0/crtbegin.o
                0x1ffff010                . = ALIGN (0x4)

.bss            0x1ffff010      0xb14 load address 0x00003788
                0x1ffff010                __START_BSS = .
                0x1ffff010                PROVIDE (__bss_start__, __START_BSS)
 *(.bss)
 *(.bss*)
 .bss.completed.6137
                0x1ffff010        0x1 c:/freescale/kds_2.0.0/toolchain/bin/../lib/gcc/arm-none-eabi/4.8.0/crtbegin.o
 *fill*         0x1ffff011        0x3 
 .bss.object.6142
                0x1ffff014       0x18 c:/freescale/kds_2.0.0/toolchain/bin/../lib/gcc/arm-none-eabi/4.8.0/crtbegin.o
 .bss.EVENT_Events
                0x1ffff02c        0x4 ./Sources/Event.o
 .bss.argv      0x1ffff030       0x28 ./Project_Settings/Startup_Code/startup.o
 .bss.SerFlag   0x1ffff058        0x2 ./Generated_Code/AS1.o
 .bss.AS1_InpLen
                0x1ffff05a        0x2 ./Generated_Code/AS1.o
 .bss.InpIndexR
                0x1ffff05c        0x2 ./Generated_Code/AS1.o
 .bss.InpIndexW
                0x1ffff05e        0x2 ./Generated_Code/AS1.o
 .bss.InpBuffer
                0x1ffff060       0x20 ./Generated_Code/AS1.o
 .bss.BufferRead
                0x1ffff080        0x1 ./Generated_Code/AS1.o
 *fill*         0x1ffff081        0x1 
 .bss.AS1_OutLen
                0x1ffff082        0x2 ./Generated_Code/AS1.o
 .bss.OutIndexR
                0x1ffff084        0x2 ./Generated_Code/AS1.o
 .bss.OutIndexW
                0x1ffff086        0x2 ./Generated_Code/AS1.o
 .bss.OutBuffer
                0x1ffff088       0x20 ./Generated_Code/AS1.o
 .bss.DeviceDataPrv__DEFAULT_RTOS_ALLOC
                0x1ffff0a8       0x20 ./Generated_Code/ASerialLdd1.o
 .bss.INT_UART0__BAREBOARD_RTOS_ISRPARAM
                0x1ffff0c8        0x4 ./Generated_Code/ASerialLdd1.o
 .bss.DeviceDataPrv__DEFAULT_RTOS_ALLOC
                0x1ffff0cc        0x4 ./Generated_Code/BitIoLdd1.o
 .bss.DeviceDataPrv__DEFAULT_RTOS_ALLOC
                0x1ffff0d0        0x4 ./Generated_Code/BitIoLdd2.o
 .bss.DeviceDataPrv__DEFAULT_RTOS_ALLOC
                0x1ffff0d4        0x4 ./Generated_Code/BitIoLdd3.o
 .bss.DeviceDataPrv__DEFAULT_RTOS_ALLOC
                0x1ffff0d8        0x4 ./Generated_Code/BitIoLdd8.o
 .bss.DeviceDataPrv__DEFAULT_RTOS_ALLOC
                0x1ffff0dc        0x4 ./Generated_Code/BitIoLdd9.o
 .bss.SR_lock   0x1ffff0e0        0x1 ./Generated_Code/Cpu.o
                0x1ffff0e0                SR_lock
 *fill*         0x1ffff0e1        0x3 
 .bss.DeviceDataPrv__DEFAULT_RTOS_ALLOC
                0x1ffff0e4        0x4 ./Generated_Code/ExtIntLdd1.o
 .bss.INT_PORTD__BAREBOARD_RTOS_ISRPARAM
                0x1ffff0e8        0x4 ./Generated_Code/ExtIntLdd1.o
 .bss.DeviceDataPrv__DEFAULT_RTOS_ALLOC
                0x1ffff0ec        0x4 ./Generated_Code/ExtIntLdd2.o
 .bss.INT_PORTA__BAREBOARD_RTOS_ISRPARAM
                0x1ffff0f0        0x4 ./Generated_Code/ExtIntLdd2.o
 .bss.DeviceDataPrv__DEFAULT_RTOS_ALLOC
                0x1ffff0f4        0x8 ./Generated_Code/ExtIntLdd3.o
 .bss.INT_PORTA__BAREBOARD_RTOS_ISRPARAM
                0x1ffff0fc        0x4 ./Generated_Code/ExtIntLdd3.o
 .bss.DeviceDataPrv__DEFAULT_RTOS_ALLOC
                0x1ffff100        0x4 ./Generated_Code/ExtIntLdd4.o
 .bss.INT_PORTA__BAREBOARD_RTOS_ISRPARAM
                0x1ffff104        0x4 ./Generated_Code/ExtIntLdd4.o
 .bss.DeviceDataPrv__DEFAULT_RTOS_ALLOC
                0x1ffff108        0x4 ./Generated_Code/ExtIntLdd5.o
 .bss.INT_PORTA__BAREBOARD_RTOS_ISRPARAM
                0x1ffff10c        0x4 ./Generated_Code/ExtIntLdd5.o
 .bss.stacked_r0.5439
                0x1ffff110        0x4 ./Generated_Code/HF1.o
 .bss.stacked_r1.5440
                0x1ffff114        0x4 ./Generated_Code/HF1.o
 .bss.stacked_r2.5441
                0x1ffff118        0x4 ./Generated_Code/HF1.o
 .bss.stacked_r3.5442
                0x1ffff11c        0x4 ./Generated_Code/HF1.o
 .bss.stacked_r12.5443
                0x1ffff120        0x4 ./Generated_Code/HF1.o
 .bss.stacked_lr.5444
                0x1ffff124        0x4 ./Generated_Code/HF1.o
 .bss.stacked_pc.5445
                0x1ffff128        0x4 ./Generated_Code/HF1.o
 .bss.stacked_psr.5446
                0x1ffff12c        0x4 ./Generated_Code/HF1.o
 .bss._CFSR.5447
                0x1ffff130        0x4 ./Generated_Code/HF1.o
 .bss._HFSR.5448
                0x1ffff134        0x4 ./Generated_Code/HF1.o
 .bss._DFSR.5449
                0x1ffff138        0x4 ./Generated_Code/HF1.o
 .bss._AFSR.5450
                0x1ffff13c        0x4 ./Generated_Code/HF1.o
 .bss._MMAR.5452
                0x1ffff140        0x4 ./Generated_Code/HF1.o
 .bss._BFAR.5451
                0x1ffff144        0x4 ./Generated_Code/HF1.o
 .bss.PE_LDD_DeviceDataList
                0x1ffff148       0x34 ./Generated_Code/PE_LDD.o
                0x1ffff148                PE_LDD_DeviceDataList
 .bss.DeviceDataPrv__DEFAULT_RTOS_ALLOC
                0x1ffff17c        0x8 ./Generated_Code/TU1.o
 .bss.INT_LPTimer__BAREBOARD_RTOS_ISRPARAM
                0x1ffff184        0x4 ./Generated_Code/TU1.o
 .bss.DeviceDataPrv__DEFAULT_RTOS_ALLOC
                0x1ffff188        0xc ./Generated_Code/TimerIntLdd1.o
 .bss.ucHeap    0x1ffff194      0x800 ./Generated_Code/heap_2.o
 .bss.xStart    0x1ffff994        0x8 ./Generated_Code/heap_2.o
 .bss.xEnd      0x1ffff99c        0x8 ./Generated_Code/heap_2.o
 .bss.xHeapHasBeenInitialised.6936
                0x1ffff9a4        0x4 ./Generated_Code/heap_2.o
 .bss.xJumpBuf  0x1ffff9a8       0x5c ./Generated_Code/port.o
 .bss.pxCurrentTCB
                0x1ffffa04        0x4 ./Generated_Code/tasks.o
                0x1ffffa04                pxCurrentTCB
 .bss.pxReadyTasksLists
                0x1ffffa08       0x78 ./Generated_Code/tasks.o
 .bss.xDelayedTaskList1
                0x1ffffa80       0x14 ./Generated_Code/tasks.o
 .bss.xDelayedTaskList2
                0x1ffffa94       0x14 ./Generated_Code/tasks.o
 .bss.pxDelayedTaskList
                0x1ffffaa8        0x4 ./Generated_Code/tasks.o
 .bss.pxOverflowDelayedTaskList
                0x1ffffaac        0x4 ./Generated_Code/tasks.o
 .bss.xPendingReadyList
                0x1ffffab0       0x14 ./Generated_Code/tasks.o
 .bss.xTasksWaitingTermination
                0x1ffffac4       0x14 ./Generated_Code/tasks.o
 .bss.uxTasksDeleted
                0x1ffffad8        0x4 ./Generated_Code/tasks.o
 .bss.xSuspendedTaskList
                0x1ffffadc       0x14 ./Generated_Code/tasks.o
 .bss.uxCurrentNumberOfTasks
                0x1ffffaf0        0x4 ./Generated_Code/tasks.o
 .bss.xTickCount
                0x1ffffaf4        0x4 ./Generated_Code/tasks.o
 .bss.uxTopReadyPriority
                0x1ffffaf8        0x4 ./Generated_Code/tasks.o
 .bss.xSchedulerRunning
                0x1ffffafc        0x4 ./Generated_Code/tasks.o
 .bss.uxPendedTicks
                0x1ffffb00        0x4 ./Generated_Code/tasks.o
 .bss.xYieldPending
                0x1ffffb04        0x4 ./Generated_Code/tasks.o
 .bss.xNumOfOverflows
                0x1ffffb08        0x4 ./Generated_Code/tasks.o
 .bss.uxTaskNumber
                0x1ffffb0c        0x4 ./Generated_Code/tasks.o
 .bss.uxSchedulerSuspended
                0x1ffffb10        0x4 ./Generated_Code/tasks.o
 .bss.ulTaskSwitchedInTime
                0x1ffffb14        0x4 ./Generated_Code/tasks.o
 .bss.ulTotalRunTime
                0x1ffffb18        0x4 ./Generated_Code/tasks.o
 *(COMMON)
 COMMON         0x1ffffb1c        0x4 ./Generated_Code/AS1.o
                0x1ffffb1c                ASerialLdd1_DeviceDataPtr
 COMMON         0x1ffffb20        0x1 ./Generated_Code/Cpu.o
                0x1ffffb20                SR_reg
                0x1ffffb24                . = ALIGN (0x4)
 *fill*         0x1ffffb21        0x3 
                0x1ffffb24                __END_BSS = .
                0x1ffffb24                PROVIDE (__bss_end__, __END_BSS)
                0x00003788                _romp_at = (___ROM_AT + SIZEOF (.data))

.romp           0x1ffffb24       0x18 load address 0x00003788
                0x00003788                __S_romp = _romp_at
                0x1ffffb24        0x4 LONG 0x3778 ___ROM_AT
                0x1ffffb28        0x4 LONG 0x1ffff000 _sdata
                0x1ffffb2c        0x4 LONG 0x10 ___data_size
                0x1ffffb30        0x4 LONG 0x0
                0x1ffffb34        0x4 LONG 0x0
                0x1ffffb38        0x4 LONG 0x0

._user_heap_stack
                0x1ffffb3c      0x400 load address 0x000037a0
                0x1ffffb3c                . = ALIGN (0x4)
                0x1ffffb3c                PROVIDE (end, .)
                0x1ffffb3c                PROVIDE (_end, .)
                0x1ffffb3c                __heap_addr = .
                0x1ffffb3c                __HeapBase = .
                0x1ffffb3c                . = (. + __heap_size)
                0x1ffffb3c                __HeapLimit = .
                0x1fffff3c                . = (. + __stack_size)
 *fill*         0x1ffffb3c      0x400 
                0x1fffff3c                . = ALIGN (0x4)

.ARM.attributes
                0x00000000       0x2d
 *(.ARM.attributes)
 .ARM.attributes
                0x00000000       0x23 c:/freescale/kds_2.0.0/toolchain/bin/../lib/gcc/arm-none-eabi/4.8.0/crti.o
 .ARM.attributes
                0x00000023       0x31 c:/freescale/kds_2.0.0/toolchain/bin/../lib/gcc/arm-none-eabi/4.8.0/crtbegin.o
 .ARM.attributes
                0x00000054       0x32 ./Sources/Appilication.o
 .ARM.attributes
                0x00000086       0x32 ./Sources/Event.o
 .ARM.attributes
                0x000000b8       0x32 ./Sources/Events.o
 .ARM.attributes
                0x000000ea       0x32 ./Sources/Key.o
 .ARM.attributes
                0x0000011c       0x32 ./Sources/LED.o
 .ARM.attributes
                0x0000014e       0x32 ./Sources/Platform.o
 .ARM.attributes
                0x00000180       0x32 ./Sources/RTOS.o
 .ARM.attributes
                0x000001b2       0x32 ./Sources/main.o
 .ARM.attributes
                0x000001e4       0x32 ./Project_Settings/Startup_Code/startup.o
 .ARM.attributes
                0x00000216       0x32 ./Generated_Code/AS1.o
 .ARM.attributes
                0x00000248       0x32 ./Generated_Code/ASerialLdd1.o
 .ARM.attributes
                0x0000027a       0x32 ./Generated_Code/BitIoLdd1.o
 .ARM.attributes
                0x000002ac       0x32 ./Generated_Code/BitIoLdd2.o
 .ARM.attributes
                0x000002de       0x32 ./Generated_Code/BitIoLdd3.o
 .ARM.attributes
                0x00000310       0x32 ./Generated_Code/BitIoLdd8.o
 .ARM.attributes
                0x00000342       0x32 ./Generated_Code/BitIoLdd9.o
 .ARM.attributes
                0x00000374       0x32 ./Generated_Code/CLS1.o
 .ARM.attributes
                0x000003a6       0x32 ./Generated_Code/Cpu.o
 .ARM.attributes
                0x000003d8       0x32 ./Generated_Code/ExtIntLdd1.o
 .ARM.attributes
                0x0000040a       0x32 ./Generated_Code/ExtIntLdd2.o
 .ARM.attributes
                0x0000043c       0x32 ./Generated_Code/ExtIntLdd3.o
 .ARM.attributes
                0x0000046e       0x32 ./Generated_Code/ExtIntLdd4.o
 .ARM.attributes
                0x000004a0       0x32 ./Generated_Code/ExtIntLdd5.o
 .ARM.attributes
                0x000004d2       0x32 ./Generated_Code/HF1.o
 .ARM.attributes
                0x00000504       0x32 ./Generated_Code/KeyA.o
 .ARM.attributes
                0x00000536       0x32 ./Generated_Code/KeyB.o
 .ARM.attributes
                0x00000568       0x32 ./Generated_Code/KeyC.o
 .ARM.attributes
                0x0000059a       0x32 ./Generated_Code/KeyD.o
 .ARM.attributes
                0x000005cc       0x32 ./Generated_Code/KeyKEY.o
 .ARM.attributes
                0x000005fe       0x32 ./Generated_Code/PE_LDD.o
 .ARM.attributes
                0x00000630       0x32 ./Generated_Code/PTA.o
 .ARM.attributes
                0x00000662       0x32 ./Generated_Code/TI1.o
 .ARM.attributes
                0x00000694       0x32 ./Generated_Code/TU1.o
 .ARM.attributes
                0x000006c6       0x32 ./Generated_Code/TimerIntLdd1.o
 .ARM.attributes
                0x000006f8       0x32 ./Generated_Code/Vectors.o
 .ARM.attributes
                0x0000072a       0x32 ./Generated_Code/WAIT1.o
 .ARM.attributes
                0x0000075c       0x32 ./Generated_Code/heap_2.o
 .ARM.attributes
                0x0000078e       0x32 ./Generated_Code/list.o
 .ARM.attributes
                0x000007c0       0x32 ./Generated_Code/port.o
 .ARM.attributes
                0x000007f2       0x32 ./Generated_Code/tasks.o
 .ARM.attributes
                0x00000824       0x31 c:/freescale/kds_2.0.0/toolchain/bin/../lib/gcc/arm-none-eabi/4.8.0/../../../../arm-none-eabi/lib\libg_s.a(lib_a-memset.o)
 .ARM.attributes
                0x00000855       0x21 c:/freescale/kds_2.0.0/toolchain/bin/../lib/gcc/arm-none-eabi/4.8.0/../../../../arm-none-eabi/lib\libg_s.a(lib_a-setjmp.o)
 .ARM.attributes
                0x00000876       0x31 c:/freescale/kds_2.0.0/toolchain/bin/../lib/gcc/arm-none-eabi/4.8.0/crtend.o
 .ARM.attributes
                0x000008a7       0x23 c:/freescale/kds_2.0.0/toolchain/bin/../lib/gcc/arm-none-eabi/4.8.0/crtn.o
OUTPUT(FRDM.elf elf32-littlearm)

.comment        0x00000000       0x2a
 .comment       0x00000000       0x2a c:/freescale/kds_2.0.0/toolchain/bin/../lib/gcc/arm-none-eabi/4.8.0/crtbegin.o
                                 0x2b (size before relaxing)
 .comment       0x00000000       0x2b ./Sources/Appilication.o
 .comment       0x00000000       0x2b ./Sources/Event.o
 .comment       0x00000000       0x2b ./Sources/Events.o
 .comment       0x00000000       0x2b ./Sources/Key.o
 .comment       0x00000000       0x2b ./Sources/LED.o
 .comment       0x00000000       0x2b ./Sources/Platform.o
 .comment       0x00000000       0x2b ./Sources/RTOS.o
 .comment       0x00000000       0x2b ./Sources/main.o
 .comment       0x00000000       0x2b ./Project_Settings/Startup_Code/startup.o
 .comment       0x00000000       0x2b ./Generated_Code/AS1.o
 .comment       0x00000000       0x2b ./Generated_Code/ASerialLdd1.o
 .comment       0x00000000       0x2b ./Generated_Code/BitIoLdd1.o
 .comment       0x00000000       0x2b ./Generated_Code/BitIoLdd2.o
 .comment       0x00000000       0x2b ./Generated_Code/BitIoLdd3.o
 .comment       0x00000000       0x2b ./Generated_Code/BitIoLdd8.o
 .comment       0x00000000       0x2b ./Generated_Code/BitIoLdd9.o
 .comment       0x00000000       0x2b ./Generated_Code/CLS1.o
 .comment       0x00000000       0x2b ./Generated_Code/Cpu.o
 .comment       0x00000000       0x2b ./Generated_Code/ExtIntLdd1.o
 .comment       0x00000000       0x2b ./Generated_Code/ExtIntLdd2.o
 .comment       0x00000000       0x2b ./Generated_Code/ExtIntLdd3.o
 .comment       0x00000000       0x2b ./Generated_Code/ExtIntLdd4.o
 .comment       0x00000000       0x2b ./Generated_Code/ExtIntLdd5.o
 .comment       0x00000000       0x2b ./Generated_Code/HF1.o
 .comment       0x00000000       0x2b ./Generated_Code/KeyA.o
 .comment       0x00000000       0x2b ./Generated_Code/KeyB.o
 .comment       0x00000000       0x2b ./Generated_Code/KeyC.o
 .comment       0x00000000       0x2b ./Generated_Code/KeyD.o
 .comment       0x00000000       0x2b ./Generated_Code/KeyKEY.o
 .comment       0x00000000       0x2b ./Generated_Code/PE_LDD.o
 .comment       0x00000000       0x2b ./Generated_Code/PTA.o
 .comment       0x00000000       0x2b ./Generated_Code/TI1.o
 .comment       0x00000000       0x2b ./Generated_Code/TU1.o
 .comment       0x00000000       0x2b ./Generated_Code/TimerIntLdd1.o
 .comment       0x00000000       0x2b ./Generated_Code/Vectors.o
 .comment       0x00000000       0x2b ./Generated_Code/WAIT1.o
 .comment       0x00000000       0x2b ./Generated_Code/heap_2.o
 .comment       0x00000000       0x2b ./Generated_Code/list.o
 .comment       0x00000000       0x2b ./Generated_Code/port.o
 .comment       0x00000000       0x2b ./Generated_Code/tasks.o
 .comment       0x00000000       0x2b c:/freescale/kds_2.0.0/toolchain/bin/../lib/gcc/arm-none-eabi/4.8.0/../../../../arm-none-eabi/lib\libg_s.a(lib_a-memset.o)
 .comment       0x00000000       0x2b c:/freescale/kds_2.0.0/toolchain/bin/../lib/gcc/arm-none-eabi/4.8.0/crtend.o

.debug_info     0x00000000     0x8265
 .debug_info    0x00000000      0x1a9 ./Sources/Appilication.o
 .debug_info    0x000001a9      0x2d1 ./Sources/Event.o
 .debug_info    0x0000047a      0x268 ./Sources/Events.o
 .debug_info    0x000006e2      0x219 ./Sources/Key.o
 .debug_info    0x000008fb       0xf9 ./Sources/LED.o
 .debug_info    0x000009f4       0xa7 ./Sources/Platform.o
 .debug_info    0x00000a9b      0x210 ./Sources/RTOS.o
 .debug_info    0x00000cab       0x9a ./Sources/main.o
 .debug_info    0x00000d45      0x308 ./Project_Settings/Startup_Code/startup.o
 .debug_info    0x0000104d      0x4aa ./Generated_Code/AS1.o
 .debug_info    0x000014f7      0x799 ./Generated_Code/ASerialLdd1.o
 .debug_info    0x00001c90      0x35c ./Generated_Code/BitIoLdd1.o
 .debug_info    0x00001fec      0x35c ./Generated_Code/BitIoLdd2.o
 .debug_info    0x00002348      0x35c ./Generated_Code/BitIoLdd3.o
 .debug_info    0x000026a4      0x3a0 ./Generated_Code/BitIoLdd8.o
 .debug_info    0x00002a44      0x3a0 ./Generated_Code/BitIoLdd9.o
 .debug_info    0x00002de4      0x96f ./Generated_Code/CLS1.o
 .debug_info    0x00003753      0x8ce ./Generated_Code/Cpu.o
 .debug_info    0x00004021      0x3c2 ./Generated_Code/ExtIntLdd1.o
 .debug_info    0x000043e3      0x3c2 ./Generated_Code/ExtIntLdd2.o
 .debug_info    0x000047a5      0x3ea ./Generated_Code/ExtIntLdd3.o
 .debug_info    0x00004b8f      0x3c2 ./Generated_Code/ExtIntLdd4.o
 .debug_info    0x00004f51      0x3c2 ./Generated_Code/ExtIntLdd5.o
 .debug_info    0x00005313      0x1be ./Generated_Code/HF1.o
 .debug_info    0x000054d1       0xb2 ./Generated_Code/KeyA.o
 .debug_info    0x00005583       0xb2 ./Generated_Code/KeyB.o
 .debug_info    0x00005635       0xb2 ./Generated_Code/KeyC.o
 .debug_info    0x000056e7       0xb2 ./Generated_Code/KeyD.o
 .debug_info    0x00005799       0xb2 ./Generated_Code/KeyKEY.o
 .debug_info    0x0000584b      0x23b ./Generated_Code/PE_LDD.o
 .debug_info    0x00005a86       0x96 ./Generated_Code/PTA.o
 .debug_info    0x00005b1c       0xb2 ./Generated_Code/TI1.o
 .debug_info    0x00005bce      0x49b ./Generated_Code/TU1.o
 .debug_info    0x00006069      0x177 ./Generated_Code/TimerIntLdd1.o
 .debug_info    0x000061e0      0x103 ./Generated_Code/Vectors.o
 .debug_info    0x000062e3      0x132 ./Generated_Code/WAIT1.o
 .debug_info    0x00006415      0x2c8 ./Generated_Code/heap_2.o
 .debug_info    0x000066dd      0x29d ./Generated_Code/list.o
 .debug_info    0x0000697a      0x26a ./Generated_Code/port.o
 .debug_info    0x00006be4     0x1681 ./Generated_Code/tasks.o

.debug_abbrev   0x00000000     0x2959
 .debug_abbrev  0x00000000       0xd5 ./Sources/Appilication.o
 .debug_abbrev  0x000000d5      0x112 ./Sources/Event.o
 .debug_abbrev  0x000001e7      0x145 ./Sources/Events.o
 .debug_abbrev  0x0000032c       0xfc ./Sources/Key.o
 .debug_abbrev  0x00000428       0xc6 ./Sources/LED.o
 .debug_abbrev  0x000004ee       0x45 ./Sources/Platform.o
 .debug_abbrev  0x00000533       0xfb ./Sources/RTOS.o
 .debug_abbrev  0x0000062e       0x47 ./Sources/main.o
 .debug_abbrev  0x00000675      0x148 ./Project_Settings/Startup_Code/startup.o
 .debug_abbrev  0x000007bd      0x1d6 ./Generated_Code/AS1.o
 .debug_abbrev  0x00000993      0x1af ./Generated_Code/ASerialLdd1.o
 .debug_abbrev  0x00000b42      0x127 ./Generated_Code/BitIoLdd1.o
 .debug_abbrev  0x00000c69      0x127 ./Generated_Code/BitIoLdd2.o
 .debug_abbrev  0x00000d90      0x127 ./Generated_Code/BitIoLdd3.o
 .debug_abbrev  0x00000eb7      0x15f ./Generated_Code/BitIoLdd8.o
 .debug_abbrev  0x00001016      0x15f ./Generated_Code/BitIoLdd9.o
 .debug_abbrev  0x00001175      0x1c2 ./Generated_Code/CLS1.o
 .debug_abbrev  0x00001337      0x188 ./Generated_Code/Cpu.o
 .debug_abbrev  0x000014bf      0x177 ./Generated_Code/ExtIntLdd1.o
 .debug_abbrev  0x00001636      0x177 ./Generated_Code/ExtIntLdd2.o
 .debug_abbrev  0x000017ad      0x177 ./Generated_Code/ExtIntLdd3.o
 .debug_abbrev  0x00001924      0x177 ./Generated_Code/ExtIntLdd4.o
 .debug_abbrev  0x00001a9b      0x177 ./Generated_Code/ExtIntLdd5.o
 .debug_abbrev  0x00001c12       0x9a ./Generated_Code/HF1.o
 .debug_abbrev  0x00001cac       0x68 ./Generated_Code/KeyA.o
 .debug_abbrev  0x00001d14       0x68 ./Generated_Code/KeyB.o
 .debug_abbrev  0x00001d7c       0x68 ./Generated_Code/KeyC.o
 .debug_abbrev  0x00001de4       0x68 ./Generated_Code/KeyD.o
 .debug_abbrev  0x00001e4c       0x68 ./Generated_Code/KeyKEY.o
 .debug_abbrev  0x00001eb4      0x10d ./Generated_Code/PE_LDD.o
 .debug_abbrev  0x00001fc1       0x45 ./Generated_Code/PTA.o
 .debug_abbrev  0x00002006       0x68 ./Generated_Code/TI1.o
 .debug_abbrev  0x0000206e      0x15d ./Generated_Code/TU1.o
 .debug_abbrev  0x000021cb       0xdd ./Generated_Code/TimerIntLdd1.o
 .debug_abbrev  0x000022a8       0xa4 ./Generated_Code/Vectors.o
 .debug_abbrev  0x0000234c       0xb1 ./Generated_Code/WAIT1.o
 .debug_abbrev  0x000023fd      0x155 ./Generated_Code/heap_2.o
 .debug_abbrev  0x00002552       0xc1 ./Generated_Code/list.o
 .debug_abbrev  0x00002613      0x10c ./Generated_Code/port.o
 .debug_abbrev  0x0000271f      0x23a ./Generated_Code/tasks.o

.debug_aranges  0x00000000      0xbd0
 .debug_aranges
                0x00000000       0x30 ./Sources/Appilication.o
 .debug_aranges
                0x00000030       0x50 ./Sources/Event.o
 .debug_aranges
                0x00000080       0x70 ./Sources/Events.o
 .debug_aranges
                0x000000f0       0x50 ./Sources/Key.o
 .debug_aranges
                0x00000140       0x30 ./Sources/LED.o
 .debug_aranges
                0x00000170       0x28 ./Sources/Platform.o
 .debug_aranges
                0x00000198       0x48 ./Sources/RTOS.o
 .debug_aranges
                0x000001e0       0x20 ./Sources/main.o
 .debug_aranges
                0x00000200       0x60 ./Project_Settings/Startup_Code/startup.o
 .debug_aranges
                0x00000260       0x88 ./Generated_Code/AS1.o
 .debug_aranges
                0x000002e8       0x50 ./Generated_Code/ASerialLdd1.o
 .debug_aranges
                0x00000338       0x40 ./Generated_Code/BitIoLdd1.o
 .debug_aranges
                0x00000378       0x40 ./Generated_Code/BitIoLdd2.o
 .debug_aranges
                0x000003b8       0x40 ./Generated_Code/BitIoLdd3.o
 .debug_aranges
                0x000003f8       0x48 ./Generated_Code/BitIoLdd8.o
 .debug_aranges
                0x00000440       0x48 ./Generated_Code/BitIoLdd9.o
 .debug_aranges
                0x00000488      0x108 ./Generated_Code/CLS1.o
 .debug_aranges
                0x00000590       0x40 ./Generated_Code/Cpu.o
 .debug_aranges
                0x000005d0       0x40 ./Generated_Code/ExtIntLdd1.o
 .debug_aranges
                0x00000610       0x40 ./Generated_Code/ExtIntLdd2.o
 .debug_aranges
                0x00000650       0x40 ./Generated_Code/ExtIntLdd3.o
 .debug_aranges
                0x00000690       0x40 ./Generated_Code/ExtIntLdd4.o
 .debug_aranges
                0x000006d0       0x40 ./Generated_Code/ExtIntLdd5.o
 .debug_aranges
                0x00000710       0x28 ./Generated_Code/HF1.o
 .debug_aranges
                0x00000738       0x20 ./Generated_Code/KeyA.o
 .debug_aranges
                0x00000758       0x20 ./Generated_Code/KeyB.o
 .debug_aranges
                0x00000778       0x20 ./Generated_Code/KeyC.o
 .debug_aranges
                0x00000798       0x20 ./Generated_Code/KeyD.o
 .debug_aranges
                0x000007b8       0x20 ./Generated_Code/KeyKEY.o
 .debug_aranges
                0x000007d8       0x30 ./Generated_Code/PE_LDD.o
 .debug_aranges
                0x00000808       0x20 ./Generated_Code/PTA.o
 .debug_aranges
                0x00000828       0x20 ./Generated_Code/TI1.o
 .debug_aranges
                0x00000848       0x28 ./Generated_Code/TU1.o
 .debug_aranges
                0x00000870       0x28 ./Generated_Code/TimerIntLdd1.o
 .debug_aranges
                0x00000898       0x18 ./Generated_Code/Vectors.o
 .debug_aranges
                0x000008b0       0x40 ./Generated_Code/WAIT1.o
 .debug_aranges
                0x000008f0       0x40 ./Generated_Code/heap_2.o
 .debug_aranges
                0x00000930       0x40 ./Generated_Code/list.o
 .debug_aranges
                0x00000970       0x90 ./Generated_Code/port.o
 .debug_aranges
                0x00000a00      0x1d0 ./Generated_Code/tasks.o

.debug_ranges   0x00000000      0x948
 .debug_ranges  0x00000000       0x20 ./Sources/Appilication.o
 .debug_ranges  0x00000020       0x40 ./Sources/Event.o
 .debug_ranges  0x00000060       0x60 ./Sources/Events.o
 .debug_ranges  0x000000c0       0x40 ./Sources/Key.o
 .debug_ranges  0x00000100       0x20 ./Sources/LED.o
 .debug_ranges  0x00000120       0x18 ./Sources/Platform.o
 .debug_ranges  0x00000138       0x38 ./Sources/RTOS.o
 .debug_ranges  0x00000170       0x10 ./Sources/main.o
 .debug_ranges  0x00000180       0x50 ./Project_Settings/Startup_Code/startup.o
 .debug_ranges  0x000001d0       0x78 ./Generated_Code/AS1.o
 .debug_ranges  0x00000248       0x40 ./Generated_Code/ASerialLdd1.o
 .debug_ranges  0x00000288       0x30 ./Generated_Code/BitIoLdd1.o
 .debug_ranges  0x000002b8       0x30 ./Generated_Code/BitIoLdd2.o
 .debug_ranges  0x000002e8       0x30 ./Generated_Code/BitIoLdd3.o
 .debug_ranges  0x00000318       0x38 ./Generated_Code/BitIoLdd8.o
 .debug_ranges  0x00000350       0x38 ./Generated_Code/BitIoLdd9.o
 .debug_ranges  0x00000388       0xf8 ./Generated_Code/CLS1.o
 .debug_ranges  0x00000480       0x30 ./Generated_Code/Cpu.o
 .debug_ranges  0x000004b0       0x30 ./Generated_Code/ExtIntLdd1.o
 .debug_ranges  0x000004e0       0x30 ./Generated_Code/ExtIntLdd2.o
 .debug_ranges  0x00000510       0x30 ./Generated_Code/ExtIntLdd3.o
 .debug_ranges  0x00000540       0x30 ./Generated_Code/ExtIntLdd4.o
 .debug_ranges  0x00000570       0x30 ./Generated_Code/ExtIntLdd5.o
 .debug_ranges  0x000005a0       0x18 ./Generated_Code/HF1.o
 .debug_ranges  0x000005b8       0x10 ./Generated_Code/KeyA.o
 .debug_ranges  0x000005c8       0x10 ./Generated_Code/KeyB.o
 .debug_ranges  0x000005d8       0x10 ./Generated_Code/KeyC.o
 .debug_ranges  0x000005e8       0x10 ./Generated_Code/KeyD.o
 .debug_ranges  0x000005f8       0x10 ./Generated_Code/KeyKEY.o
 .debug_ranges  0x00000608       0x20 ./Generated_Code/PE_LDD.o
 .debug_ranges  0x00000628       0x10 ./Generated_Code/PTA.o
 .debug_ranges  0x00000638       0x10 ./Generated_Code/TI1.o
 .debug_ranges  0x00000648       0x18 ./Generated_Code/TU1.o
 .debug_ranges  0x00000660       0x18 ./Generated_Code/TimerIntLdd1.o
 .debug_ranges  0x00000678       0x30 ./Generated_Code/WAIT1.o
 .debug_ranges  0x000006a8       0x30 ./Generated_Code/heap_2.o
 .debug_ranges  0x000006d8       0x30 ./Generated_Code/list.o
 .debug_ranges  0x00000708       0x80 ./Generated_Code/port.o
 .debug_ranges  0x00000788      0x1c0 ./Generated_Code/tasks.o

.debug_macro    0x00000000    0x18825
 .debug_macro   0x00000000      0x2b2 ./Sources/Appilication.o
 .debug_macro   0x000002b2      0x802 ./Sources/Appilication.o
 .debug_macro   0x00000ab4      0x214 ./Sources/Appilication.o
 .debug_macro   0x00000cc8     0x15c3 ./Sources/Appilication.o
 .debug_macro   0x0000228b      0x14e ./Sources/Appilication.o
 .debug_macro   0x000023d9       0x8e ./Sources/Appilication.o
 .debug_macro   0x00002467       0x64 ./Sources/Appilication.o
 .debug_macro   0x000024cb     0x5f60 ./Sources/Appilication.o
 .debug_macro   0x0000842b       0x94 ./Sources/Appilication.o
 .debug_macro   0x000084bf      0x12b ./Sources/Appilication.o
 .debug_macro   0x000085ea       0xa0 ./Sources/Appilication.o
 .debug_macro   0x0000868a       0x40 ./Sources/Appilication.o
 .debug_macro   0x000086ca       0x20 ./Sources/Appilication.o
 .debug_macro   0x000086ea       0x47 ./Sources/Appilication.o
 .debug_macro   0x00008731       0x46 ./Sources/Appilication.o
 .debug_macro   0x00008777       0x20 ./Sources/Appilication.o
 .debug_macro   0x00008797       0x47 ./Sources/Appilication.o
 .debug_macro   0x000087de       0x46 ./Sources/Appilication.o
 .debug_macro   0x00008824       0x20 ./Sources/Appilication.o
 .debug_macro   0x00008844       0x47 ./Sources/Appilication.o
 .debug_macro   0x0000888b       0x82 ./Sources/Appilication.o
 .debug_macro   0x0000890d      0x4e9 ./Sources/Appilication.o
 .debug_macro   0x00008df6       0x3a ./Sources/Appilication.o
 .debug_macro   0x00008e30       0x18 ./Sources/Appilication.o
 .debug_macro   0x00008e48       0x40 ./Sources/Appilication.o
 .debug_macro   0x00008e88       0x18 ./Sources/Appilication.o
 .debug_macro   0x00008ea0       0x40 ./Sources/Appilication.o
 .debug_macro   0x00008ee0       0x18 ./Sources/Appilication.o
 .debug_macro   0x00008ef8       0x40 ./Sources/Appilication.o
 .debug_macro   0x00008f38       0x18 ./Sources/Appilication.o
 .debug_macro   0x00008f50       0x4c ./Sources/Appilication.o
 .debug_macro   0x00008f9c       0x26 ./Sources/Appilication.o
 .debug_macro   0x00008fc2       0x4c ./Sources/Appilication.o
 .debug_macro   0x0000900e       0x26 ./Sources/Appilication.o
 .debug_macro   0x00009034       0x40 ./Sources/Appilication.o
 .debug_macro   0x00009074       0x18 ./Sources/Appilication.o
 .debug_macro   0x0000908c      0x166 ./Sources/Appilication.o
 .debug_macro   0x000091f2       0x98 ./Sources/Appilication.o
 .debug_macro   0x0000928a      0x25e ./Sources/Appilication.o
 .debug_macro   0x000094e8       0x52 ./Sources/Appilication.o
 .debug_macro   0x0000953a       0xce ./Sources/Appilication.o
 .debug_macro   0x00009608       0x10 ./Sources/Appilication.o
 .debug_macro   0x00009618       0x1f ./Sources/Appilication.o
 .debug_macro   0x00009637       0xc0 ./Sources/Appilication.o
 .debug_macro   0x000096f7       0x70 ./Sources/Appilication.o
 .debug_macro   0x00009767      0x330 ./Sources/Appilication.o
 .debug_macro   0x00009a97       0x37 ./Sources/Appilication.o
 .debug_macro   0x00009ace       0xa9 ./Sources/Event.o
 .debug_macro   0x00009b77       0x28 ./Sources/Event.o
 .debug_macro   0x00009b9f      0x428 ./Sources/Events.o
 .debug_macro   0x00009fc7       0x9a ./Sources/Events.o
 .debug_macro   0x0000a061       0x2e ./Sources/Events.o
 .debug_macro   0x0000a08f      0x25a ./Sources/Events.o
 .debug_macro   0x0000a2e9       0x49 ./Sources/Events.o
 .debug_macro   0x0000a332       0x1c ./Sources/Events.o
 .debug_macro   0x0000a34e       0x2e ./Sources/Events.o
 .debug_macro   0x0000a37c       0x2e ./Sources/Events.o
 .debug_macro   0x0000a3aa       0x95 ./Sources/Events.o
 .debug_macro   0x0000a43f       0x3a ./Sources/Events.o
 .debug_macro   0x0000a479       0x52 ./Sources/Events.o
 .debug_macro   0x0000a4cb       0x43 ./Sources/Events.o
 .debug_macro   0x0000a50e      0x16d ./Sources/Events.o
 .debug_macro   0x0000a67b       0x35 ./Sources/Events.o
 .debug_macro   0x0000a6b0       0x19 ./Sources/Events.o
 .debug_macro   0x0000a6c9       0x65 ./Sources/Events.o
 .debug_macro   0x0000a72e       0x1f ./Sources/Events.o
 .debug_macro   0x0000a74d       0x16 ./Sources/Events.o
 .debug_macro   0x0000a763       0xb0 ./Sources/Events.o
 .debug_macro   0x0000a813       0x7f ./Sources/Events.o
 .debug_macro   0x0000a892       0x97 ./Sources/Events.o
 .debug_macro   0x0000a929      0x2a4 ./Sources/Events.o
 .debug_macro   0x0000abcd       0x94 ./Sources/Events.o
 .debug_macro   0x0000ac61       0x10 ./Sources/Events.o
 .debug_macro   0x0000ac71       0x34 ./Sources/Events.o
 .debug_macro   0x0000aca5      0x185 ./Sources/Key.o
 .debug_macro   0x0000ae2a      0x196 ./Sources/LED.o
 .debug_macro   0x0000afc0      0x137 ./Sources/Platform.o
 .debug_macro   0x0000b0f7      0x3b7 ./Sources/RTOS.o
 .debug_macro   0x0000b4ae       0x3d ./Sources/RTOS.o
 .debug_macro   0x0000b4eb      0x446 ./Sources/main.o
 .debug_macro   0x0000b931       0x88 ./Sources/main.o
 .debug_macro   0x0000b9b9      0x119 ./Project_Settings/Startup_Code/startup.o
 .debug_macro   0x0000bad2       0x19 ./Project_Settings/Startup_Code/startup.o
 .debug_macro   0x0000baeb       0x89 ./Project_Settings/Startup_Code/startup.o
 .debug_macro   0x0000bb74       0x10 ./Project_Settings/Startup_Code/startup.o
 .debug_macro   0x0000bb84       0x89 ./Project_Settings/Startup_Code/startup.o
 .debug_macro   0x0000bc0d       0x1c ./Project_Settings/Startup_Code/startup.o
 .debug_macro   0x0000bc29       0x10 ./Project_Settings/Startup_Code/startup.o
 .debug_macro   0x0000bc39     0x5f54 ./Project_Settings/Startup_Code/startup.o
 .debug_macro   0x00011b8d       0xea ./Generated_Code/AS1.o
 .debug_macro   0x00011c77       0x5f ./Generated_Code/AS1.o
 .debug_macro   0x00011cd6      0x114 ./Generated_Code/ASerialLdd1.o
 .debug_macro   0x00011dea     0x15bd ./Generated_Code/ASerialLdd1.o
 .debug_macro   0x000133a7       0x25 ./Generated_Code/ASerialLdd1.o
 .debug_macro   0x000133cc      0x31c ./Generated_Code/ASerialLdd1.o
 .debug_macro   0x000136e8      0x84c ./Generated_Code/ASerialLdd1.o
 .debug_macro   0x00013f34       0xf5 ./Generated_Code/BitIoLdd1.o
 .debug_macro   0x00014029       0xf5 ./Generated_Code/BitIoLdd2.o
 .debug_macro   0x0001411e       0x40 ./Generated_Code/BitIoLdd2.o
 .debug_macro   0x0001415e       0xf5 ./Generated_Code/BitIoLdd3.o
 .debug_macro   0x00014253       0x40 ./Generated_Code/BitIoLdd3.o
 .debug_macro   0x00014293       0xf5 ./Generated_Code/BitIoLdd8.o
 .debug_macro   0x00014388       0x46 ./Generated_Code/BitIoLdd8.o
 .debug_macro   0x000143ce       0xf5 ./Generated_Code/BitIoLdd9.o
 .debug_macro   0x000144c3       0x46 ./Generated_Code/BitIoLdd9.o
 .debug_macro   0x00014509      0x1e5 ./Generated_Code/CLS1.o
 .debug_macro   0x000146ee       0x8e ./Generated_Code/CLS1.o
 .debug_macro   0x0001477c      0x43f ./Generated_Code/Cpu.o
 .debug_macro   0x00014bbb      0x10d ./Generated_Code/ExtIntLdd1.o
 .debug_macro   0x00014cc8      0x10d ./Generated_Code/ExtIntLdd2.o
 .debug_macro   0x00014dd5       0x3a ./Generated_Code/ExtIntLdd2.o
 .debug_macro   0x00014e0f      0x104 ./Generated_Code/ExtIntLdd3.o
 .debug_macro   0x00014f13       0x3a ./Generated_Code/ExtIntLdd3.o
 .debug_macro   0x00014f4d      0x10d ./Generated_Code/ExtIntLdd4.o
 .debug_macro   0x0001505a       0x3a ./Generated_Code/ExtIntLdd4.o
 .debug_macro   0x00015094      0x10d ./Generated_Code/ExtIntLdd5.o
 .debug_macro   0x000151a1       0x3a ./Generated_Code/ExtIntLdd5.o
 .debug_macro   0x000151db       0x6b ./Generated_Code/HF1.o
 .debug_macro   0x00015246      0x407 ./Generated_Code/KeyA.o
 .debug_macro   0x0001564d      0x407 ./Generated_Code/KeyB.o
 .debug_macro   0x00015a54      0x407 ./Generated_Code/KeyC.o
 .debug_macro   0x00015e5b      0x407 ./Generated_Code/KeyD.o
 .debug_macro   0x00016262      0x407 ./Generated_Code/KeyKEY.o
 .debug_macro   0x00016669      0x3a3 ./Generated_Code/PE_LDD.o
 .debug_macro   0x00016a0c       0x70 ./Generated_Code/PTA.o
 .debug_macro   0x00016a7c       0x10 ./Generated_Code/PTA.o
 .debug_macro   0x00016a8c      0x407 ./Generated_Code/TI1.o
 .debug_macro   0x00016e93      0x10a ./Generated_Code/TU1.o
 .debug_macro   0x00016f9d      0x254 ./Generated_Code/TU1.o
 .debug_macro   0x000171f1      0x114 ./Generated_Code/TimerIntLdd1.o
 .debug_macro   0x00017305      0x44b ./Generated_Code/Vectors.o
 .debug_macro   0x00017750       0xdd ./Generated_Code/WAIT1.o
 .debug_macro   0x0001782d      0x452 ./Generated_Code/heap_2.o
 .debug_macro   0x00017c7f       0x10 ./Generated_Code/heap_2.o
 .debug_macro   0x00017c8f      0x152 ./Generated_Code/list.o
 .debug_macro   0x00017de1      0x21c ./Generated_Code/port.o
 .debug_macro   0x00017ffd       0xc8 ./Generated_Code/port.o
 .debug_macro   0x000180c5      0x501 ./Generated_Code/tasks.o
 .debug_macro   0x000185c6       0x16 ./Generated_Code/tasks.o
 .debug_macro   0x000185dc       0x16 ./Generated_Code/tasks.o
 .debug_macro   0x000185f2       0x10 ./Generated_Code/tasks.o
 .debug_macro   0x00018602       0x10 ./Generated_Code/tasks.o
 .debug_macro   0x00018612       0x22 ./Generated_Code/tasks.o
 .debug_macro   0x00018634       0x91 ./Generated_Code/tasks.o
 .debug_macro   0x000186c5       0x16 ./Generated_Code/tasks.o
 .debug_macro   0x000186db      0x14a ./Generated_Code/tasks.o

.debug_line     0x00000000     0xb9e5
 .debug_line    0x00000000      0x4c6 ./Sources/Appilication.o
 .debug_line    0x000004c6      0x284 ./Sources/Event.o
 .debug_line    0x0000074a      0x6c2 ./Sources/Events.o
 .debug_line    0x00000e0c      0x39f ./Sources/Key.o
 .debug_line    0x000011ab      0x3be ./Sources/LED.o
 .debug_line    0x00001569      0x2ea ./Sources/Platform.o
 .debug_line    0x00001853      0x672 ./Sources/RTOS.o
 .debug_line    0x00001ec5      0x630 ./Sources/main.o
 .debug_line    0x000024f5      0x3f8 ./Project_Settings/Startup_Code/startup.o
 .debug_line    0x000028ed      0x384 ./Generated_Code/AS1.o
 .debug_line    0x00002c71      0x36c ./Generated_Code/ASerialLdd1.o
 .debug_line    0x00002fdd      0x2cc ./Generated_Code/BitIoLdd1.o
 .debug_line    0x000032a9      0x2cc ./Generated_Code/BitIoLdd2.o
 .debug_line    0x00003575      0x2cc ./Generated_Code/BitIoLdd3.o
 .debug_line    0x00003841      0x2e3 ./Generated_Code/BitIoLdd8.o
 .debug_line    0x00003b24      0x2e3 ./Generated_Code/BitIoLdd9.o
 .debug_line    0x00003e07      0x651 ./Generated_Code/CLS1.o
 .debug_line    0x00004458      0x8ca ./Generated_Code/Cpu.o
 .debug_line    0x00004d22      0x2ec ./Generated_Code/ExtIntLdd1.o
 .debug_line    0x0000500e      0x2ed ./Generated_Code/ExtIntLdd2.o
 .debug_line    0x000052fb      0x2e0 ./Generated_Code/ExtIntLdd3.o
 .debug_line    0x000055db      0x2ef ./Generated_Code/ExtIntLdd4.o
 .debug_line    0x000058ca      0x2ed ./Generated_Code/ExtIntLdd5.o
 .debug_line    0x00005bb7      0x196 ./Generated_Code/HF1.o
 .debug_line    0x00005d4d      0x64b ./Generated_Code/KeyA.o
 .debug_line    0x00006398      0x64b ./Generated_Code/KeyB.o
 .debug_line    0x000069e3      0x64b ./Generated_Code/KeyC.o
 .debug_line    0x0000702e      0x64b ./Generated_Code/KeyD.o
 .debug_line    0x00007679      0x64f ./Generated_Code/KeyKEY.o
 .debug_line    0x00007cc8      0x5be ./Generated_Code/PE_LDD.o
 .debug_line    0x00008286      0x175 ./Generated_Code/PTA.o
 .debug_line    0x000083fb      0x649 ./Generated_Code/TI1.o
 .debug_line    0x00008a44      0x2af ./Generated_Code/TU1.o
 .debug_line    0x00008cf3      0x2b1 ./Generated_Code/TimerIntLdd1.o
 .debug_line    0x00008fa4      0x815 ./Generated_Code/Vectors.o
 .debug_line    0x000097b9      0x27f ./Generated_Code/WAIT1.o
 .debug_line    0x00009a38      0x734 ./Generated_Code/heap_2.o
 .debug_line    0x0000a16c      0x30c ./Generated_Code/list.o
 .debug_line    0x0000a478      0x41b ./Generated_Code/port.o
 .debug_line    0x0000a893     0x1152 ./Generated_Code/tasks.o

.debug_str      0x00000000    0x48fab
 .debug_str     0x00000000    0x33690 ./Sources/Appilication.o
                              0x33ae1 (size before relaxing)
 .debug_str     0x00033690      0x4a6 ./Sources/Event.o
                              0x2a245 (size before relaxing)
 .debug_str     0x00033b36     0x707d ./Sources/Events.o
                              0x3a9e8 (size before relaxing)
 .debug_str     0x0003abb3       0x8e ./Sources/Key.o
                              0x2f2bc (size before relaxing)
 .debug_str     0x0003ac41       0x35 ./Sources/LED.o
                              0x2ef0e (size before relaxing)
 .debug_str     0x0003ac76       0x28 ./Sources/Platform.o
                              0x2b707 (size before relaxing)
 .debug_str     0x0003ac9e       0x4b ./Sources/RTOS.o
                              0x38eea (size before relaxing)
 .debug_str     0x0003ace9       0x17 ./Sources/main.o
                              0x3a8e8 (size before relaxing)
 .debug_str     0x0003ad00      0x207 ./Project_Settings/Startup_Code/startup.o
                              0x2479b (size before relaxing)
 .debug_str     0x0003af07      0x30f ./Generated_Code/AS1.o
                              0x29f7d (size before relaxing)
 .debug_str     0x0003b216     0x9d59 ./Generated_Code/ASerialLdd1.o
                              0x3740b (size before relaxing)
 .debug_str     0x00044f6f       0xe4 ./Generated_Code/BitIoLdd1.o
                              0x2df17 (size before relaxing)
 .debug_str     0x00045053       0xa0 ./Generated_Code/BitIoLdd2.o
                              0x2df17 (size before relaxing)
 .debug_str     0x000450f3       0xa0 ./Generated_Code/BitIoLdd3.o
                              0x2df17 (size before relaxing)
 .debug_str     0x00045193       0xb1 ./Generated_Code/BitIoLdd8.o
                              0x2df4b (size before relaxing)
 .debug_str     0x00045244       0xb1 ./Generated_Code/BitIoLdd9.o
                              0x2df4b (size before relaxing)
 .debug_str     0x000452f5      0x7b6 ./Generated_Code/CLS1.o
                              0x2fad4 (size before relaxing)
 .debug_str     0x00045aab      0x197 ./Generated_Code/Cpu.o
                              0x3a8b6 (size before relaxing)
 .debug_str     0x00045c42       0xcf ./Generated_Code/ExtIntLdd1.o
                              0x314f4 (size before relaxing)
 .debug_str     0x00045d11       0xcf ./Generated_Code/ExtIntLdd2.o
                              0x314f6 (size before relaxing)
 .debug_str     0x00045de0       0xb8 ./Generated_Code/ExtIntLdd3.o
                              0x2e012 (size before relaxing)
 .debug_str     0x00045e98       0xac ./Generated_Code/ExtIntLdd4.o
                              0x314fe (size before relaxing)
 .debug_str     0x00045f44       0xac ./Generated_Code/ExtIntLdd5.o
                              0x314f4 (size before relaxing)
 .debug_str     0x00045ff0       0xcd ./Generated_Code/HF1.o
                              0x29ae3 (size before relaxing)
 .debug_str     0x000460bd       0x30 ./Generated_Code/KeyA.o
                              0x3a58f (size before relaxing)
 .debug_str     0x000460ed       0x30 ./Generated_Code/KeyB.o
                              0x3a58f (size before relaxing)
 .debug_str     0x0004611d       0x30 ./Generated_Code/KeyC.o
                              0x3a58f (size before relaxing)
 .debug_str     0x0004614d       0x30 ./Generated_Code/KeyD.o
                              0x3a58f (size before relaxing)
 .debug_str     0x0004617d       0x32 ./Generated_Code/KeyKEY.o
                              0x3a591 (size before relaxing)
 .debug_str     0x000461af      0x177 ./Generated_Code/PE_LDD.o
                              0x3a6fb (size before relaxing)
 .debug_str     0x00046326       0x21 ./Generated_Code/PTA.o
                              0x29a6d (size before relaxing)
 .debug_str     0x00046347       0x31 ./Generated_Code/TI1.o
                              0x3a590 (size before relaxing)
 .debug_str     0x00046378       0xe6 ./Generated_Code/TU1.o
                              0x2eea1 (size before relaxing)
 .debug_str     0x0004645e       0xbe ./Generated_Code/TimerIntLdd1.o
                              0x2ed61 (size before relaxing)
 .debug_str     0x0004651c       0x1c ./Generated_Code/Vectors.o
                              0x3a5a3 (size before relaxing)
 .debug_str     0x00046538       0x84 ./Generated_Code/WAIT1.o
                              0x2d29f (size before relaxing)
 .debug_str     0x000465bc      0x39e ./Generated_Code/heap_2.o
                              0x3a98a (size before relaxing)
 .debug_str     0x0004695a      0x124 ./Generated_Code/list.o
                               0xe163 (size before relaxing)
 .debug_str     0x00046a7e      0x9f4 ./Generated_Code/port.o
                              0x2dbf4 (size before relaxing)
 .debug_str     0x00047472     0x1b39 ./Generated_Code/tasks.o
                              0x3c302 (size before relaxing)

.debug_frame    0x00000000     0x216c
 .debug_frame   0x00000000       0x6c ./Sources/Appilication.o
 .debug_frame   0x0000006c       0xec ./Sources/Event.o
 .debug_frame   0x00000158      0x148 ./Sources/Events.o
 .debug_frame   0x000002a0       0xd8 ./Sources/Key.o
 .debug_frame   0x00000378       0x68 ./Sources/LED.o
 .debug_frame   0x000003e0       0x48 ./Sources/Platform.o
 .debug_frame   0x00000428       0xc8 ./Sources/RTOS.o
 .debug_frame   0x000004f0       0x2c ./Sources/main.o
 .debug_frame   0x0000051c      0x120 ./Project_Settings/Startup_Code/startup.o
 .debug_frame   0x0000063c      0x1c4 ./Generated_Code/AS1.o
 .debug_frame   0x00000800       0xf8 ./Generated_Code/ASerialLdd1.o
 .debug_frame   0x000008f8       0xb0 ./Generated_Code/BitIoLdd1.o
 .debug_frame   0x000009a8       0xb0 ./Generated_Code/BitIoLdd2.o
 .debug_frame   0x00000a58       0xb0 ./Generated_Code/BitIoLdd3.o
 .debug_frame   0x00000b08       0xd0 ./Generated_Code/BitIoLdd8.o
 .debug_frame   0x00000bd8       0xd0 ./Generated_Code/BitIoLdd9.o
 .debug_frame   0x00000ca8      0x3b8 ./Generated_Code/CLS1.o
 .debug_frame   0x00001060       0x9c ./Generated_Code/Cpu.o
 .debug_frame   0x000010fc       0xb0 ./Generated_Code/ExtIntLdd1.o
 .debug_frame   0x000011ac       0xb0 ./Generated_Code/ExtIntLdd2.o
 .debug_frame   0x0000125c       0xb0 ./Generated_Code/ExtIntLdd3.o
 .debug_frame   0x0000130c       0xb0 ./Generated_Code/ExtIntLdd4.o
 .debug_frame   0x000013bc       0xb0 ./Generated_Code/ExtIntLdd5.o
 .debug_frame   0x0000146c       0x40 ./Generated_Code/HF1.o
 .debug_frame   0x000014ac       0x30 ./Generated_Code/KeyA.o
 .debug_frame   0x000014dc       0x30 ./Generated_Code/KeyB.o
 .debug_frame   0x0000150c       0x30 ./Generated_Code/KeyC.o
 .debug_frame   0x0000153c       0x30 ./Generated_Code/KeyD.o
 .debug_frame   0x0000156c       0x30 ./Generated_Code/KeyKEY.o
 .debug_frame   0x0000159c       0x6c ./Generated_Code/PE_LDD.o
 .debug_frame   0x00001608       0x2c ./Generated_Code/PTA.o
 .debug_frame   0x00001634       0x30 ./Generated_Code/TI1.o
 .debug_frame   0x00001664       0x50 ./Generated_Code/TU1.o
 .debug_frame   0x000016b4       0x50 ./Generated_Code/TimerIntLdd1.o
 .debug_frame   0x00001704       0x90 ./Generated_Code/WAIT1.o
 .debug_frame   0x00001794       0xa8 ./Generated_Code/heap_2.o
 .debug_frame   0x0000183c       0xb0 ./Generated_Code/list.o
 .debug_frame   0x000018ec      0x1a4 ./Generated_Code/port.o
 .debug_frame   0x00001a90      0x6dc ./Generated_Code/tasks.o
