Archive member included because of file (symbol)

c:/freescale/kds_2.0.0/toolchain/bin/../lib/gcc/arm-none-eabi/4.8.0\libgcc.a(_udivsi3.o)
                              ./Generated_Code/UTIL1.o (__aeabi_uidiv)
c:/freescale/kds_2.0.0/toolchain/bin/../lib/gcc/arm-none-eabi/4.8.0\libgcc.a(_divsi3.o)
                              ./Generated_Code/UTIL1.o (__aeabi_idiv)
c:/freescale/kds_2.0.0/toolchain/bin/../lib/gcc/arm-none-eabi/4.8.0\libgcc.a(_dvmd_tls.o)
                              c:/freescale/kds_2.0.0/toolchain/bin/../lib/gcc/arm-none-eabi/4.8.0\libgcc.a(_udivsi3.o) (__aeabi_idiv0)
c:/freescale/kds_2.0.0/toolchain/bin/../lib/gcc/arm-none-eabi/4.8.0\libgcc.a(_fixunsdfsi.o)
                              ./Generated_Code/trcUser.o (__aeabi_d2uiz)
c:/freescale/kds_2.0.0/toolchain/bin/../lib/gcc/arm-none-eabi/4.8.0\libgcc.a(subdf3.o)
                              c:/freescale/kds_2.0.0/toolchain/bin/../lib/gcc/arm-none-eabi/4.8.0\libgcc.a(_fixunsdfsi.o) (__aeabi_dsub)
c:/freescale/kds_2.0.0/toolchain/bin/../lib/gcc/arm-none-eabi/4.8.0\libgcc.a(fixdfsi.o)
                              c:/freescale/kds_2.0.0/toolchain/bin/../lib/gcc/arm-none-eabi/4.8.0\libgcc.a(_fixunsdfsi.o) (__aeabi_d2iz)
c:/freescale/kds_2.0.0/toolchain/bin/../lib/gcc/arm-none-eabi/4.8.0\libgcc.a(_arm_cmpdf2.o)
                              c:/freescale/kds_2.0.0/toolchain/bin/../lib/gcc/arm-none-eabi/4.8.0\libgcc.a(_fixunsdfsi.o) (__aeabi_dcmpge)
c:/freescale/kds_2.0.0/toolchain/bin/../lib/gcc/arm-none-eabi/4.8.0\libgcc.a(_clzsi2.o)
                              c:/freescale/kds_2.0.0/toolchain/bin/../lib/gcc/arm-none-eabi/4.8.0\libgcc.a(subdf3.o) (__clzsi2)
c:/freescale/kds_2.0.0/toolchain/bin/../lib/gcc/arm-none-eabi/4.8.0\libgcc.a(eqdf2.o)
                              c:/freescale/kds_2.0.0/toolchain/bin/../lib/gcc/arm-none-eabi/4.8.0\libgcc.a(_arm_cmpdf2.o) (__eqdf2)
c:/freescale/kds_2.0.0/toolchain/bin/../lib/gcc/arm-none-eabi/4.8.0\libgcc.a(gedf2.o)
                              c:/freescale/kds_2.0.0/toolchain/bin/../lib/gcc/arm-none-eabi/4.8.0\libgcc.a(_arm_cmpdf2.o) (__gedf2)
c:/freescale/kds_2.0.0/toolchain/bin/../lib/gcc/arm-none-eabi/4.8.0\libgcc.a(ledf2.o)
                              c:/freescale/kds_2.0.0/toolchain/bin/../lib/gcc/arm-none-eabi/4.8.0\libgcc.a(_arm_cmpdf2.o) (__ledf2)
c:/freescale/kds_2.0.0/toolchain/bin/../lib/gcc/arm-none-eabi/4.8.0/../../../../arm-none-eabi/lib\libg_s.a(lib_a-atexit.o)
                              c:/freescale/kds_2.0.0/toolchain/bin/../lib/gcc/arm-none-eabi/4.8.0/../../../../arm-none-eabi/lib/crt0.o (atexit)
c:/freescale/kds_2.0.0/toolchain/bin/../lib/gcc/arm-none-eabi/4.8.0/../../../../arm-none-eabi/lib\libg_s.a(lib_a-exit.o)
                              c:/freescale/kds_2.0.0/toolchain/bin/../lib/gcc/arm-none-eabi/4.8.0/../../../../arm-none-eabi/lib/crt0.o (exit)
c:/freescale/kds_2.0.0/toolchain/bin/../lib/gcc/arm-none-eabi/4.8.0/../../../../arm-none-eabi/lib\libg_s.a(lib_a-fini.o)
                              c:/freescale/kds_2.0.0/toolchain/bin/../lib/gcc/arm-none-eabi/4.8.0/../../../../arm-none-eabi/lib\libg_s.a(lib_a-exit.o) (__libc_fini_array)
c:/freescale/kds_2.0.0/toolchain/bin/../lib/gcc/arm-none-eabi/4.8.0/../../../../arm-none-eabi/lib\libg_s.a(lib_a-impure.o)
                              c:/freescale/kds_2.0.0/toolchain/bin/../lib/gcc/arm-none-eabi/4.8.0/../../../../arm-none-eabi/lib\libg_s.a(lib_a-exit.o) (_global_impure_ptr)
c:/freescale/kds_2.0.0/toolchain/bin/../lib/gcc/arm-none-eabi/4.8.0/../../../../arm-none-eabi/lib\libg_s.a(lib_a-memcpy.o)
                              ./Generated_Code/queue.o (memcpy)
c:/freescale/kds_2.0.0/toolchain/bin/../lib/gcc/arm-none-eabi/4.8.0/../../../../arm-none-eabi/lib\libg_s.a(lib_a-memset.o)
                              c:/freescale/kds_2.0.0/toolchain/bin/../lib/gcc/arm-none-eabi/4.8.0/../../../../arm-none-eabi/lib/crt0.o (memset)
c:/freescale/kds_2.0.0/toolchain/bin/../lib/gcc/arm-none-eabi/4.8.0/../../../../arm-none-eabi/lib\libg_s.a(lib_a-setjmp.o)
                              ./Generated_Code/port.o (setjmp)
c:/freescale/kds_2.0.0/toolchain/bin/../lib/gcc/arm-none-eabi/4.8.0/../../../../arm-none-eabi/lib\libg_s.a(lib_a-strchr.o)
                              ./Generated_Code/UTIL1.o (strchr)
c:/freescale/kds_2.0.0/toolchain/bin/../lib/gcc/arm-none-eabi/4.8.0/../../../../arm-none-eabi/lib\libg_s.a(lib_a-strcmp.o)
                              ./Sources/Shell.o (strcmp)
c:/freescale/kds_2.0.0/toolchain/bin/../lib/gcc/arm-none-eabi/4.8.0/../../../../arm-none-eabi/lib\libg_s.a(lib_a-strcpy.o)
                              ./Generated_Code/tasks.o (strcpy)
c:/freescale/kds_2.0.0/toolchain/bin/../lib/gcc/arm-none-eabi/4.8.0/../../../../arm-none-eabi/lib\libg_s.a(lib_a-strlen.o)
                              ./Generated_Code/BT1.o (strlen)
c:/freescale/kds_2.0.0/toolchain/bin/../lib/gcc/arm-none-eabi/4.8.0/../../../../arm-none-eabi/lib\libg_s.a(lib_a-strncmp.o)
                              ./Sources/Shell.o (strncmp)
[...]
Memory Configuration

Name             Origin             Length             Attributes
m_interrupts     0x00000000         0x000000c0         xr
m_text           0x00000410         0x0001fbf0         xr
m_data           0x1ffff000         0x00004000         rw
m_cfmprotrom     0x00000400         0x00000010         xr
*default*        0x00000000         0xffffffff

Linker script and memory map

LOAD c:/freescale/kds_2.0.0/toolchain/bin/../lib/gcc/arm-none-eabi/4.8.0/crti.o
LOAD c:/freescale/kds_2.0.0/toolchain/bin/../lib/gcc/arm-none-eabi/4.8.0/crtbegin.o
LOAD c:/freescale/kds_2.0.0/toolchain/bin/../lib/gcc/arm-none-eabi/4.8.0/../../../../arm-none-eabi/lib/crt0.o
LOAD ./Sources/Appilication.o
LOAD ./Sources/Buzzer.o
LOAD ./Sources/Debounce.o
LOAD ./Sources/Event.o
LOAD ./Sources/Events.o
LOAD ./Sources/Function_Template.o
LOAD ./Sources/Key.o
LOAD ./Sources/KeyDebounce.o
LOAD ./Sources/LED.o
LOAD ./Sources/Mealy.o
LOAD ./Sources/Platform.o
LOAD ./Sources/RTOS.o
LOAD ./Sources/Shell.o
LOAD ./Sources/Timer.o
LOAD ./Sources/Trigger.o
LOAD ./Sources/main.o
LOAD ./Project_Settings/Startup_Code/startup.o
LOAD ./Generated_Code/AS1.o
LOAD ./Generated_Code/ASerialLdd1.o
LOAD ./Generated_Code/ASerialLdd2.o
LOAD ./Generated_Code/BT1.o
LOAD ./Generated_Code/BitIoLdd1.o
LOAD ./Generated_Code/BitIoLdd2.o
LOAD ./Generated_Code/BitIoLdd3.o
LOAD ./Generated_Code/BitIoLdd4.o
LOAD ./Generated_Code/BitIoLdd5.o
LOAD ./Generated_Code/CDC1.o
LOAD ./Generated_Code/CLS1.o
LOAD ./Generated_Code/CS1.o
LOAD ./Generated_Code/Cpu.o
LOAD ./Generated_Code/ExtIntLdd1.o
LOAD ./Generated_Code/ExtIntLdd2.o
LOAD ./Generated_Code/ExtIntLdd3.o
LOAD ./Generated_Code/ExtIntLdd4.o
LOAD ./Generated_Code/ExtIntLdd5.o
LOAD ./Generated_Code/FRTOS1.o
LOAD ./Generated_Code/HF1.o
LOAD ./Generated_Code/KeyA.o
LOAD ./Generated_Code/KeyB.o
LOAD ./Generated_Code/KeyC.o
LOAD ./Generated_Code/KeyD.o
LOAD ./Generated_Code/KeyE.o
LOAD ./Generated_Code/KeyF.o
LOAD ./Generated_Code/KeyKEY.o
LOAD ./Generated_Code/LED1.o
LOAD ./Generated_Code/LED2.o
LOAD ./Generated_Code/LED3.o
LOAD ./Generated_Code/LEDpin1.o
LOAD ./Generated_Code/LEDpin2.o
LOAD ./Generated_Code/LEDpin3.o
LOAD ./Generated_Code/PE_LDD.o
LOAD ./Generated_Code/PTA.o
LOAD ./Generated_Code/RTOSTRC1.o
LOAD ./Generated_Code/Rx1.o
LOAD ./Generated_Code/Serial1.o
LOAD ./Generated_Code/TI1.o
LOAD ./Generated_Code/TU1.o
LOAD ./Generated_Code/TimerIntLdd1.o
LOAD ./Generated_Code/Tx1.o
LOAD ./Generated_Code/USB0.o
LOAD ./Generated_Code/USB1.o
LOAD ./Generated_Code/UTIL1.o
LOAD ./Generated_Code/Vectors.o
LOAD ./Generated_Code/WAIT1.o
LOAD ./Generated_Code/croutine.o
LOAD ./Generated_Code/event_groups.o
LOAD ./Generated_Code/heap_1.o
LOAD ./Generated_Code/heap_2.o
LOAD ./Generated_Code/heap_3.o
LOAD ./Generated_Code/heap_4.o
LOAD ./Generated_Code/heap_5.o
LOAD ./Generated_Code/list.o
LOAD ./Generated_Code/port.o
LOAD ./Generated_Code/queue.o
LOAD ./Generated_Code/tasks.o
LOAD ./Generated_Code/timers.o
LOAD ./Generated_Code/trcBase.o
LOAD ./Generated_Code/trcHardwarePort.o
LOAD ./Generated_Code/trcKernel.o
LOAD ./Generated_Code/trcKernelPort.o
LOAD ./Generated_Code/trcUser.o
LOAD ./Generated_Code/usb_cdc.o
LOAD ./Generated_Code/usb_cdc_pstn.o
LOAD ./Generated_Code/usb_class.o
LOAD ./Generated_Code/usb_dci_kinetis.o
LOAD ./Generated_Code/usb_descriptor.o
LOAD ./Generated_Code/usb_driver.o
LOAD ./Generated_Code/usb_framework.o
LOAD ./Generated_Code/wdt_kinetis.o
LOAD c:/freescale/kds_2.0.0/toolchain/bin/../lib/gcc/arm-none-eabi/4.8.0/../../../../arm-none-eabi/lib\libstdc++.a
LOAD c:/freescale/kds_2.0.0/toolchain/bin/../lib/gcc/arm-none-eabi/4.8.0/../../../../arm-none-eabi/lib\libm.a
START GROUP
LOAD c:/freescale/kds_2.0.0/toolchain/bin/../lib/gcc/arm-none-eabi/4.8.0\libgcc.a
LOAD c:/freescale/kds_2.0.0/toolchain/bin/../lib/gcc/arm-none-eabi/4.8.0/../../../../arm-none-eabi/lib\libg_s.a
LOAD c:/freescale/kds_2.0.0/toolchain/bin/../lib/gcc/arm-none-eabi/4.8.0/../../../../arm-none-eabi/lib\libc_s.a
END GROUP
LOAD c:/freescale/kds_2.0.0/toolchain/bin/../lib/gcc/arm-none-eabi/4.8.0/crtend.o
LOAD c:/freescale/kds_2.0.0/toolchain/bin/../lib/gcc/arm-none-eabi/4.8.0/crtn.o
                0x20003000                _estack = 0x20003000
                0x20003000                __SP_INIT = _estack
                0x00000000                __heap_size = 0x0
                0x00000400                __stack_size = 0x400

.interrupts     0x00000000       0xc0
                0x00000000                __vector_table = .
                0x00000000                . = ALIGN (0x4)
 *(.vectortable)
 .vectortable   0x00000000       0xc0 ./Generated_Code/Vectors.o
                0x00000000                __vect_table
                0x000000c0                . = ALIGN (0x4)

.cfmprotect     0x00000400       0x10
                0x00000400                . = ALIGN (0x4)
 *(.cfmconfig)
 .cfmconfig     0x00000400       0x10 ./Generated_Code/Cpu.o
                0x00000400                _cfm
                0x00000410                . = ALIGN (0x4)

.text           0x00000410     0xd734
                0x00000410                . = ALIGN (0x4)
 *(.text)
 .text          0x00000410       0x9c c:/freescale/kds_2.0.0/toolchain/bin/../lib/gcc/arm-none-eabi/4.8.0\libgcc.a(_udivsi3.o)
                0x00000410                __aeabi_uidiv
                0x00000410                __udivsi3
                0x00000498                __aeabi_uidivmod
 .text          0x000004ac       0xc0 c:/freescale/kds_2.0.0/toolchain/bin/../lib/gcc/arm-none-eabi/4.8.0\libgcc.a(_divsi3.o)
                0x000004ac                __divsi3
                0x000004ac                __aeabi_idiv
                0x00000558                __aeabi_idivmod
 .text          0x0000056c        0x4 c:/freescale/kds_2.0.0/toolchain/bin/../lib/gcc/arm-none-eabi/4.8.0\libgcc.a(_dvmd_tls.o)
                0x0000056c                __aeabi_idiv0
                0x0000056c                __aeabi_ldiv0
 .text          0x00000570       0x34 c:/freescale/kds_2.0.0/toolchain/bin/../lib/gcc/arm-none-eabi/4.8.0/../../../../arm-none-eabi/lib\libg_s.a(lib_a-setjmp.o)
                0x00000570                setjmp
                0x00000588                longjmp
 *(.text*)
 .text.deregister_tm_clones
                0x000005a4       0x24 c:/freescale/kds_2.0.0/toolchain/bin/../lib/gcc/arm-none-eabi/4.8.0/crtbegin.o
 .text.register_tm_clones
                0x000005c8       0x28 c:/freescale/kds_2.0.0/toolchain/bin/../lib/gcc/arm-none-eabi/4.8.0/crtbegin.o
 .text.__do_global_dtors_aux
                0x000005f0       0x30 c:/freescale/kds_2.0.0/toolchain/bin/../lib/gcc/arm-none-eabi/4.8.0/crtbegin.o
 .text.frame_dummy
                0x00000620       0x3c c:/freescale/kds_2.0.0/toolchain/bin/../lib/gcc/arm-none-eabi/4.8.0/crtbegin.o
 .text.APP_HandleEvents
                0x0000065c      0x250 ./Sources/Appilication.o
                0x0000065c                APP_HandleEvents
 .text.APP_Run  0x000008ac       0x1c ./Sources/Appilication.o
                0x000008ac                APP_Run
 .text.DBNC_Process
                0x000008c8      0x170 ./Sources/Debounce.o
                0x000008c8                DBNC_Process
 .text.DBNC_Init
                0x00000a38        0x8 ./Sources/Debounce.o
                0x00000a38                DBNC_Init
 .text.EVENT_Set
                0x00000a40       0x58 ./Sources/Event.o
                0x00000a40                EVENT_Set
 .text.EVENT_HandleEvent
                0x00000a98       0xc0 ./Sources/Event.o
                0x00000a98                EVENT_HandleEvent
 .text.EVENT_Init
                0x00000b58       0x34 ./Sources/Event.o
                0x00000b58                EVENT_Init
 .text.Cpu_OnNMIINT
                0x00000b8c        0x8 ./Sources/Events.o
                0x00000b8c                Cpu_OnNMIINT
 .text.TI1_OnInterrupt
                0x00000b94        0xc ./Sources/Events.o
                0x00000b94                TI1_OnInterrupt
 .text.KeyD_OnInterrupt
                0x00000ba0       0x24 ./Sources/Events.o
                0x00000ba0                KeyD_OnInterrupt
 .text.KeyKEY_OnInterrupt
                0x00000bc4       0x24 ./Sources/Events.o
                0x00000bc4                KeyKEY_OnInterrupt
 .text.KeyC_OnInterrupt
                0x00000be8       0x2c ./Sources/Events.o
                0x00000be8                KeyC_OnInterrupt
 .text.KeyB_OnInterrupt
                0x00000c14       0x24 ./Sources/Events.o
                0x00000c14                KeyB_OnInterrupt
 .text.KeyA_OnInterrupt
                0x00000c38       0x24 ./Sources/Events.o
                0x00000c38                KeyA_OnInterrupt
 .text.FRTOS1_vApplicationStackOverflowHook
                0x00000c5c       0x10 ./Sources/Events.o
                0x00000c5c                FRTOS1_vApplicationStackOverflowHook
 .text.FRTOS1_vApplicationTickHook
                0x00000c6c        0x8 ./Sources/Events.o
                0x00000c6c                FRTOS1_vApplicationTickHook
 .text.FRTOS1_vApplicationIdleHook
                0x00000c74        0x8 ./Sources/Events.o
                0x00000c74                FRTOS1_vApplicationIdleHook
 .text.FRTOS1_vApplicationMallocFailedHook
                0x00000c7c        0x8 ./Sources/Events.o
                0x00000c7c                FRTOS1_vApplicationMallocFailedHook
 .text.RTOSTRC1_OnTraceWrap
                0x00000c84        0x8 ./Sources/Events.o
                0x00000c84                RTOSTRC1_OnTraceWrap
 .text.KEY_OnInterrupt
                0x00000c8c       0x18 ./Sources/Key.o
                0x00000c8c                KEY_OnInterrupt
 .text.KEY_EnableInterrupts
                0x00000ca4       0x40 ./Sources/Key.o
                0x00000ca4                KEY_EnableInterrupts
 .text.KEY_DisableInterrupts
                0x00000ce4       0x40 ./Sources/Key.o
                0x00000ce4                KEY_DisableInterrupts
 .text.PORTA_OnInterrupt
                0x00000d24        0xc ./Sources/Key.o
                0x00000d24                PORTA_OnInterrupt
 .text.KEY_Init
                0x00000d30        0x8 ./Sources/Key.o
                0x00000d30                KEY_Init
 .text.KEY_Scan
                0x00000d38        0xc ./Sources/Key.o
                0x00000d38                KEY_Scan
 .text.KEYDBNC_GetKeys
                0x00000d44       0xe0 ./Sources/KeyDebounce.o
 .text.KEYDBNC_OnDebounceEvent
                0x00000e24      0x170 ./Sources/KeyDebounce.o
 .text.KEYDBNC_Scan
                0x00000f94       0x2c ./Sources/KeyDebounce.o
                0x00000f94                KEYDBNC_Scan
 .text.LED_INIT
                0x00000fc0       0x20 ./Sources/LED.o
                0x00000fc0                LED_INIT
 .text.GetInput
                0x00000fe0       0x24 ./Sources/Mealy.o
 .text.LEDPut   0x00001004       0x58 ./Sources/Mealy.o
 .text.MEALY_Step
                0x0000105c       0x54 ./Sources/Mealy.o
                0x0000105c                MEALY_Step
 .text.MEALY_Init
                0x000010b0       0x14 ./Sources/Mealy.o
                0x000010b0                MEALY_Init
 .text.PL_INIT  0x000010c4       0x28 ./Sources/Platform.o
                0x000010c4                PL_INIT
 .text.AppTask  0x000010ec       0x50 ./Sources/RTOS.o
 .text.RTOS_Run
                0x0000113c        0xc ./Sources/RTOS.o
                0x0000113c                RTOS_Run
 .text.RTOS_Init
                0x00001148       0xa0 ./Sources/RTOS.o
                0x00001148                RTOS_Init
 .text.SHELL_PrintHelp
                0x000011e8       0x60 ./Sources/Shell.o
 .text.SHELL_PrintStatus
                0x00001248       0x6c ./Sources/Shell.o
 .text.SHELL_ParseCommand
                0x000012b4       0xdc ./Sources/Shell.o
 .text.CDC_StdIOKeyPressed
                0x00001390       0x18 ./Sources/Shell.o
 .text.CDC_StdIOReadChar
                0x000013a8       0x24 ./Sources/Shell.o
 .text.CDC_StdIOSendChar
                0x000013cc       0x24 ./Sources/Shell.o
 .text.ShellTask
                0x000013f0       0x64 ./Sources/Shell.o
 .text.SHELL_Init
                0x00001454       0x40 ./Sources/Shell.o
                0x00001454                SHELL_Init
 .text.TIMER_OnInterrupt
                0x00001494       0x34 ./Sources/Timer.o
                0x00001494                TIMER_OnInterrupt
 .text.TRG_SetTrigger
                0x000014c8       0x84 ./Sources/Trigger.o
                0x000014c8                TRG_SetTrigger
 .text.CheckCallbacks
                0x0000154c       0xe0 ./Sources/Trigger.o
 .text.TRG_IncTick
                0x0000162c       0x80 ./Sources/Trigger.o
                0x0000162c                TRG_IncTick
 .text.TRG_Init
                0x000016ac       0x68 ./Sources/Trigger.o
                0x000016ac                TRG_Init
 .text.main     0x00001714       0x10 ./Sources/main.o
                0x00001714                main
 .text.__flush_cache
                0x00001724       0x10 ./Project_Settings/Startup_Code/startup.o
                0x00001724                __flush_cache
 .text.__copy_rom_section
                0x00001734       0xd8 ./Project_Settings/Startup_Code/startup.o
                0x00001734                __copy_rom_section
 .text.__copy_rom_sections_to_ram
                0x0000180c       0xc0 ./Project_Settings/Startup_Code/startup.o
                0x0000180c                __copy_rom_sections_to_ram
 .text.zero_fill_bss
                0x000018cc       0xac ./Project_Settings/Startup_Code/startup.o
 .text.__init_registers
                0x00001978        0x8 ./Project_Settings/Startup_Code/startup.o
                0x00001978                __init_registers
 .text.__init_user
                0x00001980        0x8 ./Project_Settings/Startup_Code/startup.o
                0x00001980                __init_user
 .text.__thumb_startup
                0x00001988       0x48 ./Project_Settings/Startup_Code/startup.o
                0x00001988                __thumb_startup
 .text.HWEnDi   0x000019d0       0x20 ./Generated_Code/AS1.o
 .text.AS1_RecvChar
                0x000019f0       0xe8 ./Generated_Code/AS1.o
                0x000019f0                AS1_RecvChar
 .text.AS1_SendChar
                0x00001ad8       0xe8 ./Generated_Code/AS1.o
                0x00001ad8                AS1_SendChar
 .text.AS1_GetCharsInRxBuf
                0x00001bc0       0x14 ./Generated_Code/AS1.o
                0x00001bc0                AS1_GetCharsInRxBuf
 .text.AS1_Init
                0x00001bd4       0x64 ./Generated_Code/AS1.o
                0x00001bd4                AS1_Init
 .text.ASerialLdd1_OnBlockReceived
                0x00001c38       0x7c ./Generated_Code/AS1.o
                0x00001c38                ASerialLdd1_OnBlockReceived
 .text.ASerialLdd1_OnBlockSent
                0x00001cb4       0x88 ./Generated_Code/AS1.o
                0x00001cb4                ASerialLdd1_OnBlockSent
 .text.ASerialLdd1_OnError
                0x00001d3c       0x90 ./Generated_Code/AS1.o
                0x00001d3c                ASerialLdd1_OnError
 .text.ASerialLdd1_OnBreak
                0x00001dcc       0x20 ./Generated_Code/AS1.o
                0x00001dcc                ASerialLdd1_OnBreak
 .text.ASerialLdd1_Init
                0x00001dec      0x1c4 ./Generated_Code/ASerialLdd1.o
                0x00001dec                ASerialLdd1_Init
 .text.ASerialLdd1_ReceiveBlock
                0x00001fb0       0x50 ./Generated_Code/ASerialLdd1.o
                0x00001fb0                ASerialLdd1_ReceiveBlock
 .text.ASerialLdd1_SendBlock
                0x00002000       0x80 ./Generated_Code/ASerialLdd1.o
                0x00002000                ASerialLdd1_SendBlock
 .text.InterruptRx
                0x00002080       0x58 ./Generated_Code/ASerialLdd1.o
 .text.InterruptTx
                0x000020d8       0x80 ./Generated_Code/ASerialLdd1.o
 .text.ASerialLdd1_Interrupt
                0x00002158       0xec ./Generated_Code/ASerialLdd1.o
                0x00002158                ASerialLdd1_Interrupt
 .text.ASerialLdd1_GetError
                0x00002244       0x30 ./Generated_Code/ASerialLdd1.o
                0x00002244                ASerialLdd1_GetError
 .text.ASerialLdd2_Init
                0x00002274      0x170 ./Generated_Code/ASerialLdd2.o
                0x00002274                ASerialLdd2_Init
 .text.ASerialLdd2_ReceiveBlock
                0x000023e4       0x50 ./Generated_Code/ASerialLdd2.o
                0x000023e4                ASerialLdd2_ReceiveBlock
 .text.ASerialLdd2_SendBlock
                0x00002434       0x80 ./Generated_Code/ASerialLdd2.o
                0x00002434                ASerialLdd2_SendBlock
 .text.InterruptRx
                0x000024b4       0x58 ./Generated_Code/ASerialLdd2.o
 .text.InterruptTx
                0x0000250c       0x80 ./Generated_Code/ASerialLdd2.o
 .text.ASerialLdd2_Interrupt
                0x0000258c       0xe8 ./Generated_Code/ASerialLdd2.o
                0x0000258c                ASerialLdd2_Interrupt
 .text.ASerialLdd2_GetError
                0x00002674       0x30 ./Generated_Code/ASerialLdd2.o
                0x00002674                ASerialLdd2_GetError
 .text.BT1_Init
                0x000026a4       0x14 ./Generated_Code/BT1.o
                0x000026a4                BT1_Init
 .text.BitIoLdd1_Init
                0x000026b8       0x60 ./Generated_Code/BitIoLdd1.o
                0x000026b8                BitIoLdd1_Init
 .text.BitIoLdd1_ClrVal
                0x00002718       0x18 ./Generated_Code/BitIoLdd1.o
                0x00002718                BitIoLdd1_ClrVal
 .text.BitIoLdd1_SetVal
                0x00002730       0x18 ./Generated_Code/BitIoLdd1.o
                0x00002730                BitIoLdd1_SetVal
 .text.BitIoLdd1_NegVal
                0x00002748       0x18 ./Generated_Code/BitIoLdd1.o
                0x00002748                BitIoLdd1_NegVal
 .text.BitIoLdd2_Init
                0x00002760       0x60 ./Generated_Code/BitIoLdd2.o
                0x00002760                BitIoLdd2_Init
 .text.BitIoLdd2_ClrVal
                0x000027c0       0x18 ./Generated_Code/BitIoLdd2.o
                0x000027c0                BitIoLdd2_ClrVal
 .text.BitIoLdd2_SetVal
                0x000027d8       0x18 ./Generated_Code/BitIoLdd2.o
                0x000027d8                BitIoLdd2_SetVal
 .text.BitIoLdd3_Init
                0x000027f0       0x60 ./Generated_Code/BitIoLdd3.o
                0x000027f0                BitIoLdd3_Init
 .text.BitIoLdd3_SetVal
                0x00002850       0x18 ./Generated_Code/BitIoLdd3.o
                0x00002850                BitIoLdd3_SetVal
 .text.BitIoLdd4_Init
                0x00002868       0x68 ./Generated_Code/BitIoLdd4.o
                0x00002868                BitIoLdd4_Init
 .text.BitIoLdd4_GetVal
                0x000028d0       0x44 ./Generated_Code/BitIoLdd4.o
                0x000028d0                BitIoLdd4_GetVal
 .text.BitIoLdd5_Init
                0x00002914       0x68 ./Generated_Code/BitIoLdd5.o
                0x00002914                BitIoLdd5_Init
 .text.BitIoLdd5_GetVal
                0x0000297c       0x44 ./Generated_Code/BitIoLdd5.o
                0x0000297c                BitIoLdd5_GetVal
 .text.CDC1_GetCharsInRxBuf
                0x000029c0       0x20 ./Generated_Code/CDC1.o
                0x000029c0                CDC1_GetCharsInRxBuf
 .text.CDC1_SendChar
                0x000029e0       0x68 ./Generated_Code/CDC1.o
                0x000029e0                CDC1_SendChar
 .text.CDC1_App_Callback
                0x00002a48       0xf4 ./Generated_Code/CDC1.o
                0x00002a48                CDC1_App_Callback
 .text.CDC1_Notify_Callback
                0x00002b3c       0x50 ./Generated_Code/CDC1.o
                0x00002b3c                CDC1_Notify_Callback
 .text.CDC1_RunUsbEngine
                0x00002b8c        0x8 ./Generated_Code/CDC1.o
                0x00002b8c                CDC1_RunUsbEngine
 .text.CDC1_SendDataBlock
                0x00002b94       0x5c ./Generated_Code/CDC1.o
                0x00002b94                CDC1_SendDataBlock
 .text.CDC1_App_Task
                0x00002bf0       0xe0 ./Generated_Code/CDC1.o
                0x00002bf0                CDC1_App_Task
 .text.CDC1_Init
                0x00002cd0       0x3c ./Generated_Code/CDC1.o
                0x00002cd0                CDC1_Init
 .text.CLS1_SendStr
                0x00002d0c       0x28 ./Generated_Code/CLS1.o
                0x00002d0c                CLS1_SendStr
 .text.CLS1_ParseCommand
                0x00002d34      0x12c ./Generated_Code/CLS1.o
                0x00002d34                CLS1_ParseCommand
 .text.CLS1_PrintPrompt
                0x00002e60       0x20 ./Generated_Code/CLS1.o
                0x00002e60                CLS1_PrintPrompt
 .text.CLS1_IsHistoryCharacter
                0x00002e80       0x24 ./Generated_Code/CLS1.o
                0x00002e80                CLS1_IsHistoryCharacter
 .text.CLS1_ReadLine
                0x00002ea4       0xf8 ./Generated_Code/CLS1.o
                0x00002ea4                CLS1_ReadLine
 .text.CLS1_PrintStatus
                0x00002f9c       0xb0 ./Generated_Code/CLS1.o
                0x00002f9c                CLS1_PrintStatus
 .text.CLS1_PrintCommandFailed
                0x0000304c       0x78 ./Generated_Code/CLS1.o
                0x0000304c                CLS1_PrintCommandFailed
 .text.CLS1_IterateTable
                0x000030c4       0x58 ./Generated_Code/CLS1.o
                0x000030c4                CLS1_IterateTable
 .text.CLS1_ParseWithCommandTable
                0x0000311c       0xb0 ./Generated_Code/CLS1.o
                0x0000311c                CLS1_ParseWithCommandTable
 .text.CLS1_GetStdio
                0x000031cc       0x14 ./Generated_Code/CLS1.o
                0x000031cc                CLS1_GetStdio
 .text.CLS1_ReadAndParseWithCommandTable
                0x000031e0       0xf4 ./Generated_Code/CLS1.o
                0x000031e0                CLS1_ReadAndParseWithCommandTable
 .text.SendSeparatedStrings
                0x000032d4       0x7c ./Generated_Code/CLS1.o
 .text.CLS1_SendHelpStr
                0x00003350       0x28 ./Generated_Code/CLS1.o
                0x00003350                CLS1_SendHelpStr
 .text.CLS1_SendStatusStr
                0x00003378       0x28 ./Generated_Code/CLS1.o
                0x00003378                CLS1_SendStatusStr
 .text.CLS1_ReadChar
                0x000033a0       0x30 ./Generated_Code/CLS1.o
                0x000033a0                CLS1_ReadChar
 .text.CLS1_SendChar
                0x000033d0       0x40 ./Generated_Code/CLS1.o
                0x000033d0                CLS1_SendChar
 .text.CLS1_KeyPressed
                0x00003410       0x24 ./Generated_Code/CLS1.o
                0x00003410                CLS1_KeyPressed
 .text.CLS1_Init
                0x00003434        0x8 ./Generated_Code/CLS1.o
                0x00003434                CLS1_Init
 .text.Cpu_ivINT_PORTA
                0x0000343c       0x18 ./Generated_Code/Cpu.o
                0x0000343c                Cpu_ivINT_PORTA
 .text.Cpu_INT_NMIInterrupt
                0x00003454        0xc ./Generated_Code/Cpu.o
                0x00003454                Cpu_INT_NMIInterrupt
 .text.Cpu_Interrupt
                0x00003460        0xc ./Generated_Code/Cpu.o
                0x00003460                Cpu_Interrupt
 .text.__init_hardware
                0x0000346c      0x184 ./Generated_Code/Cpu.o
                0x0000346c                __init_hardware
 .text.PE_low_level_init
                0x000035f0      0x1ec ./Generated_Code/Cpu.o
                0x000035f0                PE_low_level_init
 .text.ExtIntLdd1_Init
                0x000037dc       0x94 ./Generated_Code/ExtIntLdd1.o
                0x000037dc                ExtIntLdd1_Init
 .text.ExtIntLdd1_Enable
                0x00003870       0x38 ./Generated_Code/ExtIntLdd1.o
                0x00003870                ExtIntLdd1_Enable
 .text.ExtIntLdd1_Disable
                0x000038a8       0x24 ./Generated_Code/ExtIntLdd1.o
                0x000038a8                ExtIntLdd1_Disable
 .text.ExtIntLdd1_Interrupt
                0x000038cc       0x34 ./Generated_Code/ExtIntLdd1.o
                0x000038cc                ExtIntLdd1_Interrupt
 .text.ExtIntLdd1_GetVal
                0x00003900       0x24 ./Generated_Code/ExtIntLdd1.o
                0x00003900                ExtIntLdd1_GetVal
 .text.ExtIntLdd2_Init
                0x00003924       0x98 ./Generated_Code/ExtIntLdd2.o
                0x00003924                ExtIntLdd2_Init
 .text.ExtIntLdd2_Enable
                0x000039bc       0x38 ./Generated_Code/ExtIntLdd2.o
                0x000039bc                ExtIntLdd2_Enable
 .text.ExtIntLdd2_Disable
                0x000039f4       0x24 ./Generated_Code/ExtIntLdd2.o
                0x000039f4                ExtIntLdd2_Disable
 .text.ExtIntLdd2_Interrupt
                0x00003a18       0x40 ./Generated_Code/ExtIntLdd2.o
                0x00003a18                ExtIntLdd2_Interrupt
 .text.ExtIntLdd2_GetVal
                0x00003a58       0x28 ./Generated_Code/ExtIntLdd2.o
                0x00003a58                ExtIntLdd2_GetVal
 .text.ExtIntLdd3_Init
                0x00003a80       0x84 ./Generated_Code/ExtIntLdd3.o
                0x00003a80                ExtIntLdd3_Init
 .text.ExtIntLdd3_Enable
                0x00003b04       0x18 ./Generated_Code/ExtIntLdd3.o
                0x00003b04                ExtIntLdd3_Enable
 .text.ExtIntLdd3_Disable
                0x00003b1c       0x18 ./Generated_Code/ExtIntLdd3.o
                0x00003b1c                ExtIntLdd3_Disable
 .text.ExtIntLdd3_Interrupt
                0x00003b34       0x2c ./Generated_Code/ExtIntLdd3.o
                0x00003b34                ExtIntLdd3_Interrupt
 .text.ExtIntLdd3_GetVal
                0x00003b60       0x24 ./Generated_Code/ExtIntLdd3.o
                0x00003b60                ExtIntLdd3_GetVal
 .text.ExtIntLdd4_Init
                0x00003b84       0x98 ./Generated_Code/ExtIntLdd4.o
                0x00003b84                ExtIntLdd4_Init
 .text.ExtIntLdd4_Enable
                0x00003c1c       0x38 ./Generated_Code/ExtIntLdd4.o
                0x00003c1c                ExtIntLdd4_Enable
 .text.ExtIntLdd4_Disable
                0x00003c54       0x24 ./Generated_Code/ExtIntLdd4.o
                0x00003c54                ExtIntLdd4_Disable
 .text.ExtIntLdd4_Interrupt
                0x00003c78       0x40 ./Generated_Code/ExtIntLdd4.o
                0x00003c78                ExtIntLdd4_Interrupt
 .text.ExtIntLdd4_GetVal
                0x00003cb8       0x24 ./Generated_Code/ExtIntLdd4.o
                0x00003cb8                ExtIntLdd4_GetVal
 .text.ExtIntLdd5_Init
                0x00003cdc       0x98 ./Generated_Code/ExtIntLdd5.o
                0x00003cdc                ExtIntLdd5_Init
 .text.ExtIntLdd5_Enable
                0x00003d74       0x38 ./Generated_Code/ExtIntLdd5.o
                0x00003d74                ExtIntLdd5_Enable
 .text.ExtIntLdd5_Disable
                0x00003dac       0x24 ./Generated_Code/ExtIntLdd5.o
                0x00003dac                ExtIntLdd5_Disable
 .text.ExtIntLdd5_Interrupt
                0x00003dd0       0x40 ./Generated_Code/ExtIntLdd5.o
                0x00003dd0                ExtIntLdd5_Interrupt
 .text.ExtIntLdd5_GetVal
                0x00003e10       0x28 ./Generated_Code/ExtIntLdd5.o
                0x00003e10                ExtIntLdd5_GetVal
 .text.PrintStatus
                0x00003e38      0x20c ./Generated_Code/FRTOS1.o
 .text.PrintHelp
                0x00004044       0x48 ./Generated_Code/FRTOS1.o
 .text.FRTOS1_ParseCommand
                0x0000408c       0x94 ./Generated_Code/FRTOS1.o
                0x0000408c                FRTOS1_ParseCommand
 .text.HF1_HandlerC
                0x00004120       0xd0 ./Generated_Code/HF1.o
                0x00004120                HF1_HandlerC
 .text.HF1_HardFaultHandler
                0x000041f0       0x18 ./Generated_Code/HF1.o
                0x000041f0                HF1_HardFaultHandler
 .text.ExtIntLdd1_OnInterrupt
                0x00004208       0x14 ./Generated_Code/KeyA.o
                0x00004208                ExtIntLdd1_OnInterrupt
 .text.ExtIntLdd2_OnInterrupt
                0x0000421c       0x14 ./Generated_Code/KeyB.o
                0x0000421c                ExtIntLdd2_OnInterrupt
 .text.ExtIntLdd3_OnInterrupt
                0x00004230       0x14 ./Generated_Code/KeyC.o
                0x00004230                ExtIntLdd3_OnInterrupt
 .text.ExtIntLdd4_OnInterrupt
                0x00004244       0x14 ./Generated_Code/KeyD.o
                0x00004244                ExtIntLdd4_OnInterrupt
 .text.ExtIntLdd5_OnInterrupt
                0x00004258       0x14 ./Generated_Code/KeyKEY.o
                0x00004258                ExtIntLdd5_OnInterrupt
 .text.PTA_Init
                0x0000426c        0x8 ./Generated_Code/PTA.o
                0x0000426c                PTA_Init
 .text.Rx1_Put  0x00004274       0x88 ./Generated_Code/Rx1.o
                0x00004274                Rx1_Put
 .text.Rx1_Get  0x000042fc       0x84 ./Generated_Code/Rx1.o
                0x000042fc                Rx1_Get
 .text.Rx1_NofElements
                0x00004380       0x14 ./Generated_Code/Rx1.o
                0x00004380                Rx1_NofElements
 .text.Rx1_Init
                0x00004394       0x28 ./Generated_Code/Rx1.o
                0x00004394                Rx1_Init
 .text.HWEnDi   0x000043bc       0x20 ./Generated_Code/Serial1.o
 .text.Serial1_Init
                0x000043dc       0x64 ./Generated_Code/Serial1.o
                0x000043dc                Serial1_Init
 .text.ASerialLdd2_OnBlockReceived
                0x00004440       0x7c ./Generated_Code/Serial1.o
                0x00004440                ASerialLdd2_OnBlockReceived
 .text.ASerialLdd2_OnBlockSent
                0x000044bc       0x88 ./Generated_Code/Serial1.o
                0x000044bc                ASerialLdd2_OnBlockSent
 .text.ASerialLdd2_OnError
                0x00004544       0x90 ./Generated_Code/Serial1.o
                0x00004544                ASerialLdd2_OnError
 .text.ASerialLdd2_OnBreak
                0x000045d4       0x20 ./Generated_Code/Serial1.o
                0x000045d4                ASerialLdd2_OnBreak
 .text.TimerIntLdd1_OnInterrupt
                0x000045f4       0x14 ./Generated_Code/TI1.o
                0x000045f4                TimerIntLdd1_OnInterrupt
 .text.TU1_Init
                0x00004608       0xc0 ./Generated_Code/TU1.o
                0x00004608                TU1_Init
 .text.TU1_Interrupt
                0x000046c8       0x30 ./Generated_Code/TU1.o
                0x000046c8                TU1_Interrupt
 .text.TimerIntLdd1_Init
                0x000046f8       0x50 ./Generated_Code/TimerIntLdd1.o
                0x000046f8                TimerIntLdd1_Init
 .text.TU1_OnCounterRestart
                0x00004748       0x24 ./Generated_Code/TimerIntLdd1.o
                0x00004748                TU1_OnCounterRestart
 .text.Tx1_Put  0x0000476c       0x88 ./Generated_Code/Tx1.o
                0x0000476c                Tx1_Put
 .text.Tx1_Get  0x000047f4       0x84 ./Generated_Code/Tx1.o
                0x000047f4                Tx1_Get
 .text.Tx1_NofElements
                0x00004878       0x14 ./Generated_Code/Tx1.o
                0x00004878                Tx1_NofElements
 .text.Tx1_Init
                0x0000488c       0x28 ./Generated_Code/Tx1.o
                0x0000488c                Tx1_Init
 .text.USB0_Init
                0x000048b4      0x17c ./Generated_Code/USB0.o
                0x000048b4                USB0_Init
 .text.USB1_usb_int_en
                0x00004a30       0x20 ./Generated_Code/USB1.o
                0x00004a30                USB1_usb_int_en
 .text.USB1_Init
                0x00004a50       0x2c ./Generated_Code/USB1.o
                0x00004a50                USB1_Init
 .text.UTIL1_strcpy
                0x00004a7c       0x44 ./Generated_Code/UTIL1.o
                0x00004a7c                UTIL1_strcpy
 .text.UTIL1_strcat
                0x00004ac0       0x60 ./Generated_Code/UTIL1.o
                0x00004ac0                UTIL1_strcat
 .text.UTIL1_chcat
                0x00004b20       0x50 ./Generated_Code/UTIL1.o
                0x00004b20                UTIL1_chcat
 .text.UTIL1_Num16sToStr
                0x00004b70      0x1ac ./Generated_Code/UTIL1.o
                0x00004b70                UTIL1_Num16sToStr
 .text.UTIL1_strcatNum32u
                0x00004d1c       0x34 ./Generated_Code/UTIL1.o
                0x00004d1c                UTIL1_strcatNum32u
 .text.UTIL1_Num32sToStr
                0x00004d50      0x188 ./Generated_Code/UTIL1.o
                0x00004d50                UTIL1_Num32sToStr
 .text.UTIL1_Num32uToStr
                0x00004ed8      0x120 ./Generated_Code/UTIL1.o
                0x00004ed8                UTIL1_Num32uToStr
 .text.UTIL1_xatoi
                0x00004ff8      0x1f0 ./Generated_Code/UTIL1.o
                0x00004ff8                UTIL1_xatoi
 .text.WAIT1_Wait10Cycles
                0x000051e8        0x8 ./Generated_Code/WAIT1.o
                0x000051e8                WAIT1_Wait10Cycles
 .text.WAIT1_Wait100Cycles
                0x000051f0       0x18 ./Generated_Code/WAIT1.o
                0x000051f0                WAIT1_Wait100Cycles
 .text.WAIT1_WaitCycles
                0x00005208       0x44 ./Generated_Code/WAIT1.o
                0x00005208                WAIT1_WaitCycles
 .text.WAIT1_WaitLongCycles
                0x0000524c       0x3c ./Generated_Code/WAIT1.o
                0x0000524c                WAIT1_WaitLongCycles
 .text.WAIT1_Waitms
                0x00005288       0x38 ./Generated_Code/WAIT1.o
                0x00005288                WAIT1_Waitms
 .text.pvPortMalloc
                0x000052c0      0x124 ./Generated_Code/heap_2.o
                0x000052c0                pvPortMalloc
 .text.vPortFree
                0x000053e4       0x70 ./Generated_Code/heap_2.o
                0x000053e4                vPortFree
 .text.xPortGetFreeHeapSize
                0x00005454       0x14 ./Generated_Code/heap_2.o
                0x00005454                xPortGetFreeHeapSize
 .text.prvHeapInit
                0x00005468       0x4c ./Generated_Code/heap_2.o
 .text.vListInitialise
                0x000054b4       0x3c ./Generated_Code/list.o
                0x000054b4                vListInitialise
 .text.vListInitialiseItem
                0x000054f0       0x14 ./Generated_Code/list.o
                0x000054f0                vListInitialiseItem
 .text.vListInsertEnd
                0x00005504       0x44 ./Generated_Code/list.o
                0x00005504                vListInsertEnd
 .text.vListInsert
                0x00005548       0x6c ./Generated_Code/list.o
                0x00005548                vListInsert
 .text.uxListRemove
                0x000055b4       0x50 ./Generated_Code/list.o
                0x000055b4                uxListRemove
 .text.pxPortInitialiseStack
                0x00005604       0x50 ./Generated_Code/port.o
                0x00005604                pxPortInitialiseStack
 .text.vPortInitTickTimer
                0x00005654       0x3c ./Generated_Code/port.o
                0x00005654                vPortInitTickTimer
 .text.vPortStartTickTimer
                0x00005690       0x14 ./Generated_Code/port.o
                0x00005690                vPortStartTickTimer
 .text.vPortStopTickTimer
                0x000056a4       0x14 ./Generated_Code/port.o
                0x000056a4                vPortStopTickTimer
 .text.xPortStartScheduler
                0x000056b8       0x4c ./Generated_Code/port.o
                0x000056b8                xPortStartScheduler
 .text.vPortEnterCritical
                0x00005704       0x20 ./Generated_Code/port.o
                0x00005704                vPortEnterCritical
 .text.vPortExitCritical
                0x00005724       0x20 ./Generated_Code/port.o
                0x00005724                vPortExitCritical
 .text.vPortYieldFromISR
                0x00005744       0x1c ./Generated_Code/port.o
                0x00005744                vPortYieldFromISR
 .text.uxGetTickCounterValue
                0x00005760       0x1c ./Generated_Code/port.o
                0x00005760                uxGetTickCounterValue
 .text.vPortTickHandler
                0x0000577c       0x1c ./Generated_Code/port.o
                0x0000577c                vPortTickHandler
 .text.vPortStartFirstTask
                0x00005798       0x1c ./Generated_Code/port.o
                0x00005798                vPortStartFirstTask
 .text.vPortSVCHandler
                0x000057b4       0x28 ./Generated_Code/port.o
                0x000057b4                vPortSVCHandler
 .text.vPortPendSVHandler
                0x000057dc       0x44 ./Generated_Code/port.o
                0x000057dc                vPortPendSVHandler
 .text.xTaskGenericCreate
                0x00005820      0x1ec ./Generated_Code/tasks.o
                0x00005820                xTaskGenericCreate
 .text.vTaskDelay
                0x00005a0c       0x94 ./Generated_Code/tasks.o
                0x00005a0c                vTaskDelay
 .text.vTaskStartScheduler
                0x00005aa0       0x64 ./Generated_Code/tasks.o
                0x00005aa0                vTaskStartScheduler
 .text.vTaskSuspendAll
                0x00005b04       0x18 ./Generated_Code/tasks.o
                0x00005b04                vTaskSuspendAll
 .text.xTaskResumeAll
                0x00005b1c      0x118 ./Generated_Code/tasks.o
                0x00005b1c                xTaskResumeAll
 .text.xTaskGetTickCount
                0x00005c34       0x24 ./Generated_Code/tasks.o
                0x00005c34                xTaskGetTickCount
 .text.uxTaskGetNumberOfTasks
                0x00005c58       0x14 ./Generated_Code/tasks.o
                0x00005c58                uxTaskGetNumberOfTasks
 .text.uxTaskGetSystemState
                0x00005c6c      0x100 ./Generated_Code/tasks.o
                0x00005c6c                uxTaskGetSystemState
 .text.xTaskIncrementTick
                0x00005d6c      0x1b4 ./Generated_Code/tasks.o
                0x00005d6c                xTaskIncrementTick
 .text.vTaskSwitchContext
                0x00005f20      0x110 ./Generated_Code/tasks.o
                0x00005f20                vTaskSwitchContext
 .text.uxTaskGetTaskNumber
                0x00006030       0x28 ./Generated_Code/tasks.o
                0x00006030                uxTaskGetTaskNumber
 .text.prvIdleTask
                0x00006058       0x24 ./Generated_Code/tasks.o
 .text.prvInitialiseTCBVariables
                0x0000607c       0xac ./Generated_Code/tasks.o
 .text.prvInitialiseTaskLists
                0x00006128       0x88 ./Generated_Code/tasks.o
 .text.prvCheckTasksWaitingTermination
                0x000061b0       0x74 ./Generated_Code/tasks.o
 .text.prvAddCurrentTaskToDelayedList
                0x00006224       0x6c ./Generated_Code/tasks.o
 .text.prvAllocateTCBAndStack
                0x00006290       0x78 ./Generated_Code/tasks.o
 .text.prvListTaskWithinSingleList
                0x00006308      0x120 ./Generated_Code/tasks.o
 .text.prvTaskCheckFreeStackSpace
                0x00006428       0x34 ./Generated_Code/tasks.o
 .text.prvDeleteTCB
                0x0000645c       0x20 ./Generated_Code/tasks.o
 .text.prvResetNextTaskUnblockTime
                0x0000647c       0x44 ./Generated_Code/tasks.o
 .text.xTaskGetCurrentTaskHandle
                0x000064c0       0x1c ./Generated_Code/tasks.o
                0x000064c0                xTaskGetCurrentTaskHandle
 .text.prvWriteNameToBuffer
                0x000064dc       0x54 ./Generated_Code/tasks.o
 .text.vTaskList
                0x00006530      0x190 ./Generated_Code/tasks.o
                0x00006530                vTaskList
 .text.vTaskGetRunTimeStats
                0x000066c0      0x168 ./Generated_Code/tasks.o
                0x000066c0                vTaskGetRunTimeStats
 .text.prvTraceInitTraceData
                0x00006828      0x234 ./Generated_Code/trcBase.o
                0x00006828                prvTraceInitTraceData
 .text.vInitStartMarkers
                0x00006a5c       0x54 ./Generated_Code/trcBase.o
 .text.xTraceNextFreeEventBufferSlot
                0x00006ab0       0x50 ./Generated_Code/trcBase.o
                0x00006ab0                xTraceNextFreeEventBufferSlot
 .text.uiIndexOfObject
                0x00006b00       0xd0 ./Generated_Code/trcBase.o
                0x00006b00                uiIndexOfObject
 .text.xTraceGetObjectHandle
                0x00006bd0      0x2d0 ./Generated_Code/trcBase.o
                0x00006bd0                xTraceGetObjectHandle
 .text.vTraceSetObjectName
                0x00006ea0       0xdc ./Generated_Code/trcBase.o
                0x00006ea0                vTraceSetObjectName
 .text.vTraceError
                0x00006f7c       0x80 ./Generated_Code/trcBase.o
                0x00006f7c                vTraceError
 .text.prvCheckDataToBeOverwrittenForMultiEntryEvents
                0x00006ffc      0x144 ./Generated_Code/trcBase.o
                0x00006ffc                prvCheckDataToBeOverwrittenForMultiEntryEvents
 .text.prvTraceUpdateCounters
                0x00007140       0x58 ./Generated_Code/trcBase.o
                0x00007140                prvTraceUpdateCounters
 .text.prvTraceGetDTS
                0x00007198      0x180 ./Generated_Code/trcBase.o
                0x00007198                prvTraceGetDTS
 .text.prvTraceDisableIRQ
                0x00007318        0xc ./Generated_Code/trcHardwarePort.o
                0x00007318                prvTraceDisableIRQ
 .text.prvTraceSetIRQMask
                0x00007324       0x14 ./Generated_Code/trcHardwarePort.o
                0x00007324                prvTraceSetIRQMask
 .text.prvTraceGetIRQMask
                0x00007338       0x18 ./Generated_Code/trcHardwarePort.o
                0x00007338                prvTraceGetIRQMask
 .text.prvTraceInitCortexM
                0x00007350       0x24 ./Generated_Code/trcHardwarePort.o
                0x00007350                prvTraceInitCortexM
 .text.vTracePortGetTimeStamp
                0x00007374       0xc8 ./Generated_Code/trcHardwarePort.o
                0x00007374                vTracePortGetTimeStamp
 .text.vTraceStoreTaskReady
                0x0000743c      0x100 ./Generated_Code/trcKernel.o
                0x0000743c                vTraceStoreTaskReady
 .text.vTraceStoreKernelCall
                0x0000753c      0x160 ./Generated_Code/trcKernel.o
                0x0000753c                vTraceStoreKernelCall
 .text.prvTraceGetParam
                0x0000769c       0x84 ./Generated_Code/trcKernel.o
 .text.vTraceStoreKernelCallWithNumericParamOnly
                0x00007720      0x114 ./Generated_Code/trcKernel.o
                0x00007720                vTraceStoreKernelCallWithNumericParamOnly
 .text.vTraceStoreTaskswitch
                0x00007834      0x150 ./Generated_Code/trcKernel.o
                0x00007834                vTraceStoreTaskswitch
 .text.vTraceSetPriorityProperty
                0x00007984       0x90 ./Generated_Code/trcKernel.o
                0x00007984                vTraceSetPriorityProperty
 .text.vTraceSetObjectState
                0x00007a14       0x90 ./Generated_Code/trcKernel.o
                0x00007a14                vTraceSetObjectState
 .text.uiTraceGetObjectState
                0x00007aa4       0x90 ./Generated_Code/trcKernel.o
                0x00007aa4                uiTraceGetObjectState
 .text.vTraceSetTaskInstanceFinished
                0x00007b34       0x5c ./Generated_Code/trcKernel.o
                0x00007b34                vTraceSetTaskInstanceFinished
 .text.prvTraceGetTaskNumber
                0x00007b90       0x1c ./Generated_Code/trcKernelPort.o
                0x00007b90                prvTraceGetTaskNumber
 .text.prvTraceGetCurrentTaskHandle
                0x00007bac       0x10 ./Generated_Code/trcKernelPort.o
                0x00007bac                prvTraceGetCurrentTaskHandle
 .text.vTraceInitObjectPropertyTable
                0x00007bbc      0x13c ./Generated_Code/trcKernelPort.o
                0x00007bbc                vTraceInitObjectPropertyTable
 .text.vTraceInitObjectHandleStack
                0x00007cf8       0x98 ./Generated_Code/trcKernelPort.o
                0x00007cf8                vTraceInitObjectHandleStack
 .text.pszTraceGetErrorNotEnoughHandles
                0x00007d90       0x68 ./Generated_Code/trcKernelPort.o
                0x00007d90                pszTraceGetErrorNotEnoughHandles
 .text.uiTraceIsObjectExcluded
                0x00007df8      0x18c ./Generated_Code/trcKernelPort.o
                0x00007df8                uiTraceIsObjectExcluded
 .text.vTraceInitTraceData
                0x00007f84        0xc ./Generated_Code/trcUser.o
                0x00007f84                vTraceInitTraceData
 .text.uiTraceStart
                0x00007f90       0xc8 ./Generated_Code/trcUser.o
                0x00007f90                uiTraceStart
 .text.USB_Class_CDC_Service_Cic_Notify
                0x00008058      0x148 ./Generated_Code/usb_cdc.o
                0x00008058                USB_Class_CDC_Service_Cic_Notify
 .text.USB_Class_CDC_Service_Dic_Bulk_In
                0x000081a0      0x17c ./Generated_Code/usb_cdc.o
                0x000081a0                USB_Class_CDC_Service_Dic_Bulk_In
 .text.USB_Class_CDC_Service_Dic_Bulk_Out
                0x0000831c       0x78 ./Generated_Code/usb_cdc.o
                0x0000831c                USB_Class_CDC_Service_Dic_Bulk_Out
 .text.USB_Class_CDC_Event
                0x00008394      0x1dc ./Generated_Code/usb_cdc.o
                0x00008394                USB_Class_CDC_Event
 .text.USB_Other_Requests
                0x00008570      0x180 ./Generated_Code/usb_cdc.o
 .text.USB_Class_CDC_Init
                0x000086f0      0x154 ./Generated_Code/usb_cdc.o
                0x000086f0                USB_Class_CDC_Init
 .text.USB_Class_CDC_Send_Data
                0x00008844      0x1bc ./Generated_Code/usb_cdc.o
                0x00008844                USB_Class_CDC_Send_Data
 .text.USB_Class_CDC_Pstn_Init
                0x00008a00       0x30 ./Generated_Code/usb_cdc_pstn.o
                0x00008a00                USB_Class_CDC_Pstn_Init
 .text.USB_Class_CDC_PSTN_Get_Line_Coding
                0x00008a30       0x50 ./Generated_Code/usb_cdc_pstn.o
                0x00008a30                USB_Class_CDC_PSTN_Get_Line_Coding
 .text.USB_Class_CDC_PSTN_Set_Line_Coding
                0x00008a80       0x58 ./Generated_Code/usb_cdc_pstn.o
                0x00008a80                USB_Class_CDC_PSTN_Set_Line_Coding
 .text.USB_Class_CDC_PSTN_Set_Ctrl_Line_State
                0x00008ad8       0xdc ./Generated_Code/usb_cdc_pstn.o
                0x00008ad8                USB_Class_CDC_PSTN_Set_Ctrl_Line_State
 .text.USB_Class_CDC_PSTN_Send_Break
                0x00008bb4       0x30 ./Generated_Code/usb_cdc_pstn.o
                0x00008bb4                USB_Class_CDC_PSTN_Send_Break
 .text.USB_Class_CDC_PSTN_Get_Comm_Feature
                0x00008be4       0x94 ./Generated_Code/usb_cdc_pstn.o
                0x00008be4                USB_Class_CDC_PSTN_Get_Comm_Feature
 .text.USB_Class_CDC_PSTN_Set_Comm_Feature
                0x00008c78       0x94 ./Generated_Code/usb_cdc_pstn.o
                0x00008c78                USB_Class_CDC_PSTN_Set_Comm_Feature
 .text.USB_Class_CDC_PSTN_Send_Serial_State
                0x00008d0c       0x40 ./Generated_Code/usb_cdc_pstn.o
                0x00008d0c                USB_Class_CDC_PSTN_Send_Serial_State
 .text.USB_Suspend_Service
                0x00008d4c       0x44 ./Generated_Code/usb_class.o
                0x00008d4c                USB_Suspend_Service
 .text.USB_Resume_Service
                0x00008d90       0x54 ./Generated_Code/usb_class.o
                0x00008d90                USB_Resume_Service
 .text.USB_Stall_Service
                0x00008de4       0x34 ./Generated_Code/usb_class.o
                0x00008de4                USB_Stall_Service
 .text.USB_Sof_Service
                0x00008e18       0x7c ./Generated_Code/usb_class.o
                0x00008e18                USB_Sof_Service
 .text.USB_Reset_Service
                0x00008e94      0x118 ./Generated_Code/usb_class.o
                0x00008e94                USB_Reset_Service
 .text.USB_Error_Service
                0x00008fac       0x28 ./Generated_Code/usb_class.o
                0x00008fac                USB_Error_Service
 .text.USB_Class_Init
                0x00008fd4      0x158 ./Generated_Code/usb_class.o
                0x00008fd4                USB_Class_Init
 .text.USB_Class_Initiate_Resume
                0x0000912c       0x84 ./Generated_Code/usb_class.o
                0x0000912c                USB_Class_Initiate_Resume
 .text.USB_Class_Send_Data
                0x000091b0       0x60 ./Generated_Code/usb_class.o
                0x000091b0                USB_Class_Send_Data
 .text.USB_Class_Periodic_Task
                0x00009210        0x8 ./Generated_Code/usb_class.o
                0x00009210                USB_Class_Periodic_Task
 .text.USB_Bus_Reset_Handler
                0x00009218       0xd0 ./Generated_Code/usb_dci_kinetis.o
 .text.USB_DCI_Get_BDT_Index
                0x000092e8       0x5c ./Generated_Code/usb_dci_kinetis.o
 .text.USB_DCI_Validate_Param
                0x00009344       0x78 ./Generated_Code/usb_dci_kinetis.o
 .text.USB_DCI_Prepare_Send_Data
                0x000093bc       0xfc ./Generated_Code/usb_dci_kinetis.o
 .text.USB_DCI_Init
                0x000094b8      0x184 ./Generated_Code/usb_dci_kinetis.o
                0x000094b8                USB_DCI_Init
 .text.USB_DCI_Init_EndPoint
                0x0000963c      0x35c ./Generated_Code/usb_dci_kinetis.o
                0x0000963c                USB_DCI_Init_EndPoint
 .text._usb_device_cancel_transfer
                0x00009998       0xd0 ./Generated_Code/usb_dci_kinetis.o
                0x00009998                _usb_device_cancel_transfer
 .text.USB_DCI_Deinit_EndPoint
                0x00009a68       0xdc ./Generated_Code/usb_dci_kinetis.o
                0x00009a68                USB_DCI_Deinit_EndPoint
 .text._usb_device_stall_endpoint
                0x00009b44       0xa0 ./Generated_Code/usb_dci_kinetis.o
                0x00009b44                _usb_device_stall_endpoint
 .text._usb_device_unstall_endpoint
                0x00009be4      0x120 ./Generated_Code/usb_dci_kinetis.o
                0x00009be4                _usb_device_unstall_endpoint
 .text._usb_device_clear_data0_endpoint
                0x00009d04       0x7c ./Generated_Code/usb_dci_kinetis.o
                0x00009d04                _usb_device_clear_data0_endpoint
 .text._usb_device_recv_data
                0x00009d80      0x294 ./Generated_Code/usb_dci_kinetis.o
                0x00009d80                _usb_device_recv_data
 .text._usb_device_send_data
                0x0000a014      0x168 ./Generated_Code/usb_dci_kinetis.o
                0x0000a014                _usb_device_send_data
 .text._usb_device_set_address
                0x0000a17c       0x34 ./Generated_Code/usb_dci_kinetis.o
                0x0000a17c                _usb_device_set_address
 .text._usb_device_assert_resume
                0x0000a1b0       0xd0 ./Generated_Code/usb_dci_kinetis.o
                0x0000a1b0                _usb_device_assert_resume
 .text.USB_Bus_Token_Cpl_Handler
                0x0000a280      0x634 ./Generated_Code/usb_dci_kinetis.o
 .text.USB_ISR  0x0000a8b4      0x358 ./Generated_Code/usb_dci_kinetis.o
                0x0000a8b4                USB_ISR
 .text.Clear_Mem
                0x0000ac0c       0x28 ./Generated_Code/usb_dci_kinetis.o
                0x0000ac0c                Clear_Mem
 .text.USB_Desc_Get_Descriptor
                0x0000ac34      0x13c ./Generated_Code/usb_descriptor.o
                0x0000ac34                USB_Desc_Get_Descriptor
 .text.USB_Desc_Get_Interface
                0x0000ad70       0x3c ./Generated_Code/usb_descriptor.o
                0x0000ad70                USB_Desc_Get_Interface
 .text.USB_Desc_Set_Interface
                0x0000adac       0x38 ./Generated_Code/usb_descriptor.o
                0x0000adac                USB_Desc_Set_Interface
 .text.USB_Desc_Valid_Configation
                0x0000ade4       0x58 ./Generated_Code/usb_descriptor.o
                0x0000ade4                USB_Desc_Valid_Configation
 .text.USB_Desc_Remote_Wakeup
                0x0000ae3c       0x18 ./Generated_Code/usb_descriptor.o
                0x0000ae3c                USB_Desc_Remote_Wakeup
 .text.USB_Desc_Get_Endpoints
                0x0000ae54       0x1c ./Generated_Code/usb_descriptor.o
                0x0000ae54                USB_Desc_Get_Endpoints
 .text.USB_Desc_Get_Line_Coding
                0x0000ae70       0x40 ./Generated_Code/usb_descriptor.o
                0x0000ae70                USB_Desc_Get_Line_Coding
 .text.USB_Desc_Set_Line_Coding
                0x0000aeb0       0x78 ./Generated_Code/usb_descriptor.o
                0x0000aeb0                USB_Desc_Set_Line_Coding
 .text.USB_Desc_Get_Abstract_State
                0x0000af28       0x3c ./Generated_Code/usb_descriptor.o
                0x0000af28                USB_Desc_Get_Abstract_State
 .text.USB_Desc_Get_Country_Setting
                0x0000af64       0x3c ./Generated_Code/usb_descriptor.o
                0x0000af64                USB_Desc_Get_Country_Setting
 .text.USB_Desc_Set_Abstract_State
                0x0000afa0       0x70 ./Generated_Code/usb_descriptor.o
                0x0000afa0                USB_Desc_Set_Abstract_State
 .text.USB_Desc_Set_Country_Setting
                0x0000b010       0x70 ./Generated_Code/usb_descriptor.o
                0x0000b010                USB_Desc_Set_Country_Setting
 .text.USB_Device_Init_Params
                0x0000b080       0x74 ./Generated_Code/usb_driver.o
 .text._usb_device_init
                0x0000b0f4       0x5c ./Generated_Code/usb_driver.o
                0x0000b0f4                _usb_device_init
 .text._usb_device_init_endpoint
                0x0000b150       0xc8 ./Generated_Code/usb_driver.o
                0x0000b150                _usb_device_init_endpoint
 .text._usb_device_deinit_endpoint
                0x0000b218       0x84 ./Generated_Code/usb_driver.o
                0x0000b218                _usb_device_deinit_endpoint
 .text._usb_device_get_status
                0x0000b29c       0x84 ./Generated_Code/usb_driver.o
                0x0000b29c                _usb_device_get_status
 .text._usb_device_set_status
                0x0000b320      0x10c ./Generated_Code/usb_driver.o
                0x0000b320                _usb_device_set_status
 .text._usb_device_register_service
                0x0000b42c       0x20 ./Generated_Code/usb_driver.o
                0x0000b42c                _usb_device_register_service
 .text.USB_Device_Call_Service
                0x0000b44c       0x48 ./Generated_Code/usb_driver.o
                0x0000b44c                USB_Device_Call_Service
 .text.USB_NULL_CALLBACK
                0x0000b494       0x10 ./Generated_Code/usb_driver.o
                0x0000b494                USB_NULL_CALLBACK
 .text.USB_Framework_Init
                0x0000b4a4       0x5c ./Generated_Code/usb_framework.o
                0x0000b4a4                USB_Framework_Init
 .text.USB_Control_Service
                0x0000b500      0x21c ./Generated_Code/usb_framework.o
                0x0000b500                USB_Control_Service
 .text.USB_Control_Service_Handler
                0x0000b71c       0x84 ./Generated_Code/usb_framework.o
 .text.USB_Strd_Req_Get_Status
                0x0000b7a0      0x1c4 ./Generated_Code/usb_framework.o
 .text.USB_Strd_Req_Feature
                0x0000b964      0x208 ./Generated_Code/usb_framework.o
 .text.USB_Strd_Req_Set_Address
                0x0000bb6c       0x40 ./Generated_Code/usb_framework.o
 .text.USB_Strd_Req_Assign_Address
                0x0000bbac       0x44 ./Generated_Code/usb_framework.o
 .text.USB_Strd_Req_Get_Config
                0x0000bbf0       0x54 ./Generated_Code/usb_framework.o
 .text.USB_Strd_Req_Set_Config
                0x0000bc44       0xdc ./Generated_Code/usb_framework.o
 .text.USB_Strd_Req_Get_Interface
                0x0000bd20       0x64 ./Generated_Code/usb_framework.o
 .text.USB_Strd_Req_Set_Interface
                0x0000bd84       0x5c ./Generated_Code/usb_framework.o
 .text.USB_Strd_Req_Sync_Frame
                0x0000bde0       0x58 ./Generated_Code/usb_framework.o
 .text.USB_Strd_Req_Get_Descriptor
                0x0000be38       0x84 ./Generated_Code/usb_framework.o
 .text.Watchdog_Reset
                0x0000bebc       0x1c ./Generated_Code/wdt_kinetis.o
                0x0000bebc                Watchdog_Reset
 .text.memcpy   0x0000bed8       0x12 c:/freescale/kds_2.0.0/toolchain/bin/../lib/gcc/arm-none-eabi/4.8.0/../../../../arm-none-eabi/lib\libg_s.a(lib_a-memcpy.o)
                0x0000bed8                memcpy
 .text.memset   0x0000beea       0x12 c:/freescale/kds_2.0.0/toolchain/bin/../lib/gcc/arm-none-eabi/4.8.0/../../../../arm-none-eabi/lib\libg_s.a(lib_a-memset.o)
                0x0000beea                memset
 .text.strcmp   0x0000befc       0x14 c:/freescale/kds_2.0.0/toolchain/bin/../lib/gcc/arm-none-eabi/4.8.0/../../../../arm-none-eabi/lib\libg_s.a(lib_a-strcmp.o)
                0x0000befc                strcmp
 .text.strcpy   0x0000bf10       0x10 c:/freescale/kds_2.0.0/toolchain/bin/../lib/gcc/arm-none-eabi/4.8.0/../../../../arm-none-eabi/lib\libg_s.a(lib_a-strcpy.o)
                0x0000bf10                strcpy
 .text.strlen   0x0000bf20        0xe c:/freescale/kds_2.0.0/toolchain/bin/../lib/gcc/arm-none-eabi/4.8.0/../../../../arm-none-eabi/lib\libg_s.a(lib_a-strlen.o)
                0x0000bf20                strlen
 .text.strncmp  0x0000bf2e       0x2c c:/freescale/kds_2.0.0/toolchain/bin/../lib/gcc/arm-none-eabi/4.8.0/../../../../arm-none-eabi/lib\libg_s.a(lib_a-strncmp.o)
                0x0000bf2e                strncmp
 .text.strncpy  0x0000bf5a       0x28 c:/freescale/kds_2.0.0/toolchain/bin/../lib/gcc/arm-none-eabi/4.8.0/../../../../arm-none-eabi/lib\libg_s.a(lib_a-strncpy.o)
                0x0000bf5a                strncpy
 *(.rodata)
 *fill*         0x0000bf82        0x2 
 .rodata        0x0000bf84      0x190 ./Sources/Appilication.o
 .rodata        0x0000c114       0x24 ./Sources/RTOS.o
 .rodata        0x0000c138       0xb8 ./Sources/Shell.o
 .rodata        0x0000c1f0      0x16c ./Generated_Code/CLS1.o
 .rodata        0x0000c35c      0x180 ./Generated_Code/FRTOS1.o
 .rodata        0x0000c4dc       0x18 ./Generated_Code/UTIL1.o
 .rodata        0x0000c4f4       0x20 ./Generated_Code/tasks.o
 .rodata        0x0000c514      0x614 ./Generated_Code/trcBase.o
 .rodata        0x0000cb28      0x758 ./Generated_Code/trcKernel.o
 .rodata        0x0000d280      0x298 ./Generated_Code/trcKernelPort.o
 .rodata        0x0000d518      0x35c ./Generated_Code/trcUser.o
 .rodata        0x0000d874        0x8 ./Generated_Code/usb_dci_kinetis.o
 *(.rodata*)
 .rodata.APP_HandleEvents
                0x0000d87c       0x5c ./Sources/Appilication.o
 .rodata.tbl    0x0000d8d8        0xc ./Sources/Mealy.o
                0x0000d8d8                tbl
 .rodata.CmdParserTable
                0x0000d8e4       0x10 ./Sources/Shell.o
 .rodata.CDC_stdio
                0x0000d8f4       0x10 ./Sources/Shell.o
 .rodata.CLS1_stdio
                0x0000d904       0x10 ./Generated_Code/CLS1.o
 .rodata.xTraceGetObjectHandle
                0x0000d914       0x1c ./Generated_Code/trcBase.o
 .rodata.pszTraceGetErrorNotEnoughHandles
                0x0000d930       0x1c ./Generated_Code/trcKernelPort.o
 .rodata.uiTraceIsObjectExcluded
                0x0000d94c       0x1c ./Generated_Code/trcKernelPort.o
 .rodata.USB_Other_Requests
                0x0000d968       0x90 ./Generated_Code/usb_cdc.o
 .rodata.usb_desc_ep
                0x0000d9f8       0x10 ./Generated_Code/usb_descriptor.o
                0x0000d9f8                usb_desc_ep
 .rodata.g_std_desc_size
                0x0000da08       0x10 ./Generated_Code/usb_descriptor.o
                0x0000da08                g_std_desc_size
 .rodata.g_std_descriptors
                0x0000da18       0x20 ./Generated_Code/usb_descriptor.o
                0x0000da18                g_std_descriptors
 .rodata.g_string_desc_size
                0x0000da38        0x4 ./Generated_Code/usb_descriptor.o
                0x0000da38                g_string_desc_size
 .rodata.g_string_descriptors
                0x0000da3c       0x10 ./Generated_Code/usb_descriptor.o
                0x0000da3c                g_string_descriptors
 .rodata.g_languages
                0x0000da4c       0x20 ./Generated_Code/usb_descriptor.o
                0x0000da4c                g_languages
 .rodata.g_valid_config_values
                0x0000da6c        0x4 ./Generated_Code/usb_descriptor.o
                0x0000da6c                g_valid_config_values
 .rodata.g_usb_CB
                0x0000da70       0x60 ./Generated_Code/usb_driver.o
 .rodata.g_validate_request
                0x0000dad0       0x28 ./Generated_Code/usb_framework.o
                0x0000dad0                g_validate_request
 .rodata.g_standard_request
                0x0000daf8       0x34 ./Generated_Code/usb_framework.o
                0x0000daf8                g_standard_request
 *(.glue_7)
 .glue_7        0x00000000        0x0 linker stubs
 *(.glue_7t)
 .glue_7t       0x00000000        0x0 linker stubs
 *(.eh_frame)
 .eh_frame      0x0000db2c        0x0 c:/freescale/kds_2.0.0/toolchain/bin/../lib/gcc/arm-none-eabi/4.8.0/crtbegin.o
 *(.init)
 .init          0x0000db2c        0x4 c:/freescale/kds_2.0.0/toolchain/bin/../lib/gcc/arm-none-eabi/4.8.0/crti.o
                0x0000db2c                _init
 .init          0x0000db30        0x8 c:/freescale/kds_2.0.0/toolchain/bin/../lib/gcc/arm-none-eabi/4.8.0/crtn.o
 *(.fini)
 .fini          0x0000db38        0x4 c:/freescale/kds_2.0.0/toolchain/bin/../lib/gcc/arm-none-eabi/4.8.0/crti.o
                0x0000db38                _fini
 .fini          0x0000db3c        0x8 c:/freescale/kds_2.0.0/toolchain/bin/../lib/gcc/arm-none-eabi/4.8.0/crtn.o
                0x0000db44                . = ALIGN (0x4)
                0x0000db44                _etext = .

.vfp11_veneer   0x0000db44        0x0
 .vfp11_veneer  0x00000000        0x0 linker stubs

.v4_bx          0x0000db44        0x0
 .v4_bx         0x00000000        0x0 linker stubs

.iplt           0x0000db44        0x0
 .iplt          0x00000000        0x0 c:/freescale/kds_2.0.0/toolchain/bin/../lib/gcc/arm-none-eabi/4.8.0/crtbegin.o

.rel.dyn        0x0000db44        0x0
 .rel.iplt      0x00000000        0x0 c:/freescale/kds_2.0.0/toolchain/bin/../lib/gcc/arm-none-eabi/4.8.0/crtbegin.o

.ARM.extab
 *(.ARM.extab* .gnu.linkonce.armextab.*)

.ARM            0x0000db44        0x0
                0x0000db44                __exidx_start = .
 *(.ARM.exidx*)
                0x0000db44                __exidx_end = .

.ctors          0x0000db44        0x0
                0x0000db44                __CTOR_LIST__ = .
 *crtbegin.o(.ctors)
 *(EXCLUDE_FILE(*crtend.o) .ctors)
 *(SORT(.ctors.*))
 *(.ctors)
                0x0000db44                __CTOR_END__ = .

.dtors          0x0000db44        0x0
                0x0000db44                __DTOR_LIST__ = .
 *crtbegin.o(.dtors)
 *(EXCLUDE_FILE(*crtend.o) .dtors)
 *(SORT(.dtors.*))
 *(.dtors)
                0x0000db44                __DTOR_END__ = .

.preinit_array  0x0000db44        0x0
                0x0000db44                PROVIDE (__preinit_array_start, .)
 *(.preinit_array*)
                0x0000db44                PROVIDE (__preinit_array_end, .)

.init_array     0x0000db44        0x4
                0x0000db44                PROVIDE (__init_array_start, .)
 *(SORT(.init_array.*))
 *(.init_array*)
 .init_array    0x0000db44        0x4 c:/freescale/kds_2.0.0/toolchain/bin/../lib/gcc/arm-none-eabi/4.8.0/crtbegin.o
                0x0000db48                PROVIDE (__init_array_end, .)

.fini_array     0x0000db48        0x4
                0x0000db48                PROVIDE (__fini_array_start, .)
 *(SORT(.fini_array.*))
 *(.fini_array*)
 .fini_array    0x0000db48        0x4 c:/freescale/kds_2.0.0/toolchain/bin/../lib/gcc/arm-none-eabi/4.8.0/crtbegin.o
                0x0000db4c                PROVIDE (__fini_array_end, .)
                0x0000db4c                ___ROM_AT = .

.mtb            0x1ffff000        0x0
                0x1ffff000                . = ALIGN (0x8)
                0x1ffff000                _mtb_start = .
 *(.mtb_buf)
                0x1ffff000                . = ALIGN (0x8)
                0x1ffff000                _mtb_end = .

.data           0x1ffff000      0x128 load address 0x0000db4c
                0x1ffff000                . = ALIGN (0x4)
                0x1ffff000                _sdata = .
 *(.data)
 *(.data*)
 .data.KEYDBNC_FSMdata
                0x1ffff000       0x14 ./Sources/KeyDebounce.o
 .data.BT1_lastErr
                0x1ffff014        0x1 ./Generated_Code/BT1.o
 *fill*         0x1ffff015        0x3 
 .data.CLS1_currStdIO
                0x1ffff018        0x4 ./Generated_Code/CLS1.o
 .data.xFreeBytesRemaining
                0x1ffff01c        0x4 ./Generated_Code/heap_2.o
 .data.uxCriticalNesting
                0x1ffff020        0x4 ./Generated_Code/port.o
 .data.xNextTaskUnblockTime
                0x1ffff024        0x4 ./Generated_Code/tasks.o
 .data.readyEventsEnabled
                0x1ffff028        0x4 ./Generated_Code/trcKernel.o
 .data.g_serial_state_buf
                0x1ffff02c        0xc ./Generated_Code/usb_cdc_pstn.o
 .data.g_trf_direction
                0x1ffff038        0x1 ./Generated_Code/usb_dci_kinetis.o
 *fill*         0x1ffff039        0x3 
 .data.g_device_descriptor
                0x1ffff03c       0x14 ./Generated_Code/usb_descriptor.o
                0x1ffff03c                g_device_descriptor
 .data.g_config_descriptor
                0x1ffff050       0x44 ./Generated_Code/usb_descriptor.o
                0x1ffff050                g_config_descriptor
 .data.USB_STR_0
                0x1ffff094        0x4 ./Generated_Code/usb_descriptor.o
                0x1ffff094                USB_STR_0
 .data.USB_STR_1
                0x1ffff098       0x3c ./Generated_Code/usb_descriptor.o
                0x1ffff098                USB_STR_1
 .data.USB_STR_2
                0x1ffff0d4       0x20 ./Generated_Code/usb_descriptor.o
                0x1ffff0d4                USB_STR_2
 .data.USB_STR_n
                0x1ffff0f4       0x24 ./Generated_Code/usb_descriptor.o
                0x1ffff0f4                USB_STR_n
 .data.g_line_coding
                0x1ffff118       0x10 ./Generated_Code/usb_descriptor.o
                0x1ffff128                . = ALIGN (0x4)
                0x1ffff128                _edata = .
                0x00000128                ___data_size = (_edata - _sdata)

.jcr            0x1ffff128        0x0 load address 0x0000dc74
 .jcr           0x1ffff128        0x0 c:/freescale/kds_2.0.0/toolchain/bin/../lib/gcc/arm-none-eabi/4.8.0/crtbegin.o

.tm_clone_table
                0x1ffff128        0x0 load address 0x0000dc74
 .tm_clone_table
                0x1ffff128        0x0 c:/freescale/kds_2.0.0/toolchain/bin/../lib/gcc/arm-none-eabi/4.8.0/crtbegin.o
 .tm_clone_table
                0x1ffff128        0x0 c:/freescale/kds_2.0.0/toolchain/bin/../lib/gcc/arm-none-eabi/4.8.0/crtend.o

.igot.plt       0x1ffff128        0x0 load address 0x0000dc74
 .igot.plt      0x00000000        0x0 c:/freescale/kds_2.0.0/toolchain/bin/../lib/gcc/arm-none-eabi/4.8.0/crtbegin.o
                0x1ffff128                . = ALIGN (0x4)

.bss            0x1ffff200     0x3e00 load address 0x0000de00
                0x1ffff200                __START_BSS = .
                0x1ffff200                PROVIDE (__bss_start__, __START_BSS)
 *(.bss)
 *(.bss*)
 .bss.completed.6137
                0x1ffff200        0x1 c:/freescale/kds_2.0.0/toolchain/bin/../lib/gcc/arm-none-eabi/4.8.0/crtbegin.o
 *fill*         0x1ffff201        0x3 
 .bss.object.6142
                0x1ffff204       0x18 c:/freescale/kds_2.0.0/toolchain/bin/../lib/gcc/arm-none-eabi/4.8.0/crtbegin.o
 .bss.EVENT_Events
                0x1ffff21c        0x4 ./Sources/Event.o
 .bss.state     0x1ffff220        0x1 ./Sources/Mealy.o
 *fill*         0x1ffff221        0x3 
 .bss.SHELL_val
                0x1ffff224        0x4 ./Sources/Shell.o
 .bss.cdc_buf.7567
                0x1ffff228       0x30 ./Sources/Shell.o
 .bss.localConsole_buf.7568
                0x1ffff258       0x30 ./Sources/Shell.o
 .bss.counter.5553
                0x1ffff288        0x4 ./Sources/Timer.o
 .bss.TRG_Triggers
                0x1ffff28c       0x18 ./Sources/Trigger.o
 .bss.argv      0x1ffff2a4       0x28 ./Project_Settings/Startup_Code/startup.o
 .bss.SerFlag   0x1ffff2cc        0x2 ./Generated_Code/AS1.o
 .bss.AS1_InpLen
                0x1ffff2ce        0x2 ./Generated_Code/AS1.o
 .bss.InpIndexR
                0x1ffff2d0        0x2 ./Generated_Code/AS1.o
 .bss.InpIndexW
                0x1ffff2d2        0x2 ./Generated_Code/AS1.o
 .bss.InpBuffer
                0x1ffff2d4       0x20 ./Generated_Code/AS1.o
 .bss.BufferRead
                0x1ffff2f4        0x1 ./Generated_Code/AS1.o
 *fill*         0x1ffff2f5        0x1 
 .bss.AS1_OutLen
                0x1ffff2f6        0x2 ./Generated_Code/AS1.o
 .bss.OutIndexR
                0x1ffff2f8        0x2 ./Generated_Code/AS1.o
 .bss.OutIndexW
                0x1ffff2fa        0x2 ./Generated_Code/AS1.o
 .bss.OutBuffer
                0x1ffff2fc       0x20 ./Generated_Code/AS1.o
 .bss.DeviceDataPrv__DEFAULT_RTOS_ALLOC
                0x1ffff31c       0x20 ./Generated_Code/ASerialLdd1.o
 .bss.INT_UART0__BAREBOARD_RTOS_ISRPARAM
                0x1ffff33c        0x4 ./Generated_Code/ASerialLdd1.o
 .bss.DeviceDataPrv__DEFAULT_RTOS_ALLOC
                0x1ffff340       0x20 ./Generated_Code/ASerialLdd2.o
 .bss.INT_UART1__BAREBOARD_RTOS_ISRPARAM
                0x1ffff360        0x4 ./Generated_Code/ASerialLdd2.o
 .bss.DeviceDataPrv__DEFAULT_RTOS_ALLOC
                0x1ffff364        0x4 ./Generated_Code/BitIoLdd1.o
 .bss.DeviceDataPrv__DEFAULT_RTOS_ALLOC
                0x1ffff368        0x4 ./Generated_Code/BitIoLdd2.o
 .bss.DeviceDataPrv__DEFAULT_RTOS_ALLOC
                0x1ffff36c        0x4 ./Generated_Code/BitIoLdd3.o
 .bss.DeviceDataPrv__DEFAULT_RTOS_ALLOC
                0x1ffff370        0x4 ./Generated_Code/BitIoLdd4.o
 .bss.DeviceDataPrv__DEFAULT_RTOS_ALLOC
                0x1ffff374        0x4 ./Generated_Code/BitIoLdd5.o
 .bss.start_app
                0x1ffff378        0x1 ./Generated_Code/CDC1.o
 .bss.start_transactions
                0x1ffff379        0x1 ./Generated_Code/CDC1.o
 .bss.transactionOngoing
                0x1ffff37a        0x1 ./Generated_Code/CDC1.o
 *fill*         0x1ffff37b        0x1 
 .bss.txBuf.6889
                0x1ffff37c       0x40 ./Generated_Code/CDC1.o
 .bss.txBuf.6899
                0x1ffff3bc       0x40 ./Generated_Code/CDC1.o
 .bss.SR_lock   0x1ffff3fc        0x1 ./Generated_Code/Cpu.o
                0x1ffff3fc                SR_lock
 *fill*         0x1ffff3fd        0x3 
 .bss.DeviceDataPrv__DEFAULT_RTOS_ALLOC
                0x1ffff400        0x4 ./Generated_Code/ExtIntLdd1.o
 .bss.INT_PORTD__BAREBOARD_RTOS_ISRPARAM
                0x1ffff404        0x4 ./Generated_Code/ExtIntLdd1.o
 .bss.DeviceDataPrv__DEFAULT_RTOS_ALLOC
                0x1ffff408        0x4 ./Generated_Code/ExtIntLdd2.o
 .bss.INT_PORTA__BAREBOARD_RTOS_ISRPARAM
                0x1ffff40c        0x4 ./Generated_Code/ExtIntLdd2.o
 .bss.DeviceDataPrv__DEFAULT_RTOS_ALLOC
                0x1ffff410        0x8 ./Generated_Code/ExtIntLdd3.o
 .bss.INT_PORTA__BAREBOARD_RTOS_ISRPARAM
                0x1ffff418        0x4 ./Generated_Code/ExtIntLdd3.o
 .bss.DeviceDataPrv__DEFAULT_RTOS_ALLOC
                0x1ffff41c        0x4 ./Generated_Code/ExtIntLdd4.o
 .bss.INT_PORTA__BAREBOARD_RTOS_ISRPARAM
                0x1ffff420        0x4 ./Generated_Code/ExtIntLdd4.o
 .bss.DeviceDataPrv__DEFAULT_RTOS_ALLOC
                0x1ffff424        0x4 ./Generated_Code/ExtIntLdd5.o
 .bss.INT_PORTA__BAREBOARD_RTOS_ISRPARAM
                0x1ffff428        0x4 ./Generated_Code/ExtIntLdd5.o
 .bss.stacked_r0.5439
                0x1ffff42c        0x4 ./Generated_Code/HF1.o
 .bss.stacked_r1.5440
                0x1ffff430        0x4 ./Generated_Code/HF1.o
 .bss.stacked_r2.5441
                0x1ffff434        0x4 ./Generated_Code/HF1.o
 .bss.stacked_r3.5442
                0x1ffff438        0x4 ./Generated_Code/HF1.o
 .bss.stacked_r12.5443
                0x1ffff43c        0x4 ./Generated_Code/HF1.o
 .bss.stacked_lr.5444
                0x1ffff440        0x4 ./Generated_Code/HF1.o
 .bss.stacked_pc.5445
                0x1ffff444        0x4 ./Generated_Code/HF1.o
 .bss.stacked_psr.5446
                0x1ffff448        0x4 ./Generated_Code/HF1.o
 .bss._CFSR.5447
                0x1ffff44c        0x4 ./Generated_Code/HF1.o
 .bss._HFSR.5448
                0x1ffff450        0x4 ./Generated_Code/HF1.o
 .bss._DFSR.5449
                0x1ffff454        0x4 ./Generated_Code/HF1.o
 .bss._AFSR.5450
                0x1ffff458        0x4 ./Generated_Code/HF1.o
 .bss._MMAR.5452
                0x1ffff45c        0x4 ./Generated_Code/HF1.o
 .bss._BFAR.5451
                0x1ffff460        0x4 ./Generated_Code/HF1.o
 .bss.PE_LDD_DeviceDataList
                0x1ffff464       0x38 ./Generated_Code/PE_LDD.o
                0x1ffff464                PE_LDD_DeviceDataList
 .bss.Rx1_buffer
                0x1ffff49c        0x4 ./Generated_Code/Rx1.o
 .bss.Rx1_inIdx
                0x1ffff4a0        0x1 ./Generated_Code/Rx1.o
 .bss.Rx1_outIdx
                0x1ffff4a1        0x1 ./Generated_Code/Rx1.o
 .bss.Rx1_inSize
                0x1ffff4a2        0x1 ./Generated_Code/Rx1.o
 *fill*         0x1ffff4a3        0x1 
 .bss.SerFlag   0x1ffff4a4        0x2 ./Generated_Code/Serial1.o
 .bss.Serial1_InpLen
                0x1ffff4a6        0x2 ./Generated_Code/Serial1.o
 .bss.InpIndexR
                0x1ffff4a8        0x2 ./Generated_Code/Serial1.o
 .bss.InpIndexW
                0x1ffff4aa        0x2 ./Generated_Code/Serial1.o
 .bss.InpBuffer
                0x1ffff4ac       0x40 ./Generated_Code/Serial1.o
 .bss.BufferRead
                0x1ffff4ec        0x1 ./Generated_Code/Serial1.o
 *fill*         0x1ffff4ed        0x1 
 .bss.Serial1_OutLen
                0x1ffff4ee        0x2 ./Generated_Code/Serial1.o
 .bss.OutIndexR
                0x1ffff4f0        0x2 ./Generated_Code/Serial1.o
 .bss.OutIndexW
                0x1ffff4f2        0x2 ./Generated_Code/Serial1.o
 .bss.OutBuffer
                0x1ffff4f4       0x40 ./Generated_Code/Serial1.o
 .bss.DeviceDataPrv__DEFAULT_RTOS_ALLOC
                0x1ffff534        0x8 ./Generated_Code/TU1.o
 .bss.INT_LPTimer__BAREBOARD_RTOS_ISRPARAM
                0x1ffff53c        0x4 ./Generated_Code/TU1.o
 .bss.DeviceDataPrv__DEFAULT_RTOS_ALLOC
                0x1ffff540        0xc ./Generated_Code/TimerIntLdd1.o
 .bss.Tx1_buffer
                0x1ffff54c        0x4 ./Generated_Code/Tx1.o
 .bss.Tx1_inIdx
                0x1ffff550        0x1 ./Generated_Code/Tx1.o
 .bss.Tx1_outIdx
                0x1ffff551        0x1 ./Generated_Code/Tx1.o
 .bss.Tx1_inSize
                0x1ffff552        0x1 ./Generated_Code/Tx1.o
 *fill*         0x1ffff553        0x1 
 .bss.ucHeap    0x1ffff554     0x1770 ./Generated_Code/heap_2.o
 .bss.xStart    0x20000cc4        0x8 ./Generated_Code/heap_2.o
 .bss.xEnd      0x20000ccc        0x8 ./Generated_Code/heap_2.o
 .bss.xHeapHasBeenInitialised.8099
                0x20000cd4        0x4 ./Generated_Code/heap_2.o
 .bss.xJumpBuf  0x20000cd8       0x5c ./Generated_Code/port.o
 .bss.pxCurrentTCB
                0x20000d34        0x4 ./Generated_Code/tasks.o
                0x20000d34                pxCurrentTCB
 .bss.pxReadyTasksLists
                0x20000d38       0x78 ./Generated_Code/tasks.o
 .bss.xDelayedTaskList1
                0x20000db0       0x14 ./Generated_Code/tasks.o
 .bss.xDelayedTaskList2
                0x20000dc4       0x14 ./Generated_Code/tasks.o
 .bss.pxDelayedTaskList
                0x20000dd8        0x4 ./Generated_Code/tasks.o
 .bss.pxOverflowDelayedTaskList
                0x20000ddc        0x4 ./Generated_Code/tasks.o
 .bss.xPendingReadyList
                0x20000de0       0x14 ./Generated_Code/tasks.o
 .bss.xTasksWaitingTermination
                0x20000df4       0x14 ./Generated_Code/tasks.o
 .bss.uxTasksDeleted
                0x20000e08        0x4 ./Generated_Code/tasks.o
 .bss.xSuspendedTaskList
                0x20000e0c       0x14 ./Generated_Code/tasks.o
 .bss.uxCurrentNumberOfTasks
                0x20000e20        0x4 ./Generated_Code/tasks.o
 .bss.xTickCount
                0x20000e24        0x4 ./Generated_Code/tasks.o
 .bss.uxTopReadyPriority
                0x20000e28        0x4 ./Generated_Code/tasks.o
 .bss.xSchedulerRunning
                0x20000e2c        0x4 ./Generated_Code/tasks.o
 .bss.uxPendedTicks
                0x20000e30        0x4 ./Generated_Code/tasks.o
 .bss.xYieldPending
                0x20000e34        0x4 ./Generated_Code/tasks.o
 .bss.xNumOfOverflows
                0x20000e38        0x4 ./Generated_Code/tasks.o
 .bss.uxTaskNumber
                0x20000e3c        0x4 ./Generated_Code/tasks.o
 .bss.uxSchedulerSuspended
                0x20000e40        0x4 ./Generated_Code/tasks.o
 .bss.ulTaskSwitchedInTime
                0x20000e44        0x4 ./Generated_Code/tasks.o
 .bss.ulTotalRunTime
                0x20000e48        0x4 ./Generated_Code/tasks.o
 .bss.excludedObjects
                0x20000e4c        0x8 ./Generated_Code/trcBase.o
                0x20000e4c                excludedObjects
 .bss.excludedEventCodes
                0x20000e54       0x24 ./Generated_Code/trcBase.o
                0x20000e54                excludedEventCodes
 .bss.objectHandleStacks
                0x20000e78       0x58 ./Generated_Code/trcBase.o
                0x20000e78                objectHandleStacks
 .bss.RecorderDataPtr
                0x20000ed0        0x4 ./Generated_Code/trcBase.o
                0x20000ed0                RecorderDataPtr
 .bss.recorder_busy
                0x20000ed4        0x4 ./Generated_Code/trcBase.o
                0x20000ed4                recorder_busy
 .bss.traceErrorMessage
                0x20000ed8        0x4 ./Generated_Code/trcBase.o
                0x20000ed8                traceErrorMessage
 .bss.indexOfHandle.6323
                0x20000edc        0x4 ./Generated_Code/trcBase.o
 .bss.idx.6342  0x20000ee0        0x2 ./Generated_Code/trcBase.o
 *fill*         0x20000ee2        0x2 
 .bss.old_timestamp.6372
                0x20000ee4        0x4 ./Generated_Code/trcBase.o
 .bss.trace_disable_timestamp
                0x20000ee8        0x4 ./Generated_Code/trcHardwarePort.o
                0x20000ee8                trace_disable_timestamp
 .bss.last_timestamp
                0x20000eec        0x4 ./Generated_Code/trcHardwarePort.o
                0x20000eec                last_timestamp
 .bss.uiTraceTickCount
                0x20000ef0        0x4 ./Generated_Code/trcHardwarePort.o
                0x20000ef0                uiTraceTickCount
 .bss.DWT_CYCLES_ADDED
                0x20000ef4        0x4 ./Generated_Code/trcHardwarePort.o
                0x20000ef4                DWT_CYCLES_ADDED
 .bss.last_traceTickCount.6894
                0x20000ef8        0x4 ./Generated_Code/trcHardwarePort.o
 .bss.last_hwtc_count.6895
                0x20000efc        0x4 ./Generated_Code/trcHardwarePort.o
 .bss.nISRactive
                0x20000f00        0x1 ./Generated_Code/trcKernel.o
                0x20000f00                nISRactive
 .bss.handle_of_last_logged_task
                0x20000f01        0x1 ./Generated_Code/trcKernel.o
                0x20000f01                handle_of_last_logged_task
 .bss.inExcludedTask
                0x20000f02        0x1 ./Generated_Code/trcKernel.o
                0x20000f02                inExcludedTask
 *fill*         0x20000f03        0x1 
 .bss.g_cdc_class_callback
                0x20000f04        0x4 ./Generated_Code/usb_cdc.o
 .bss.g_vendor_req_callback
                0x20000f08        0x4 ./Generated_Code/usb_cdc.o
 .bss.g_cdc_ep  0x20000f0c       0x9c ./Generated_Code/usb_cdc.o
 .bss.g_pstn_callback
                0x20000fa8        0x4 ./Generated_Code/usb_cdc_pstn.o
 .bss.g_dte_present
                0x20000fac        0x1 ./Generated_Code/usb_cdc_pstn.o
 .bss.g_dte_status
                0x20000fad        0x1 ./Generated_Code/usb_cdc_pstn.o
 .bss.g_break_duration
                0x20000fae        0x2 ./Generated_Code/usb_cdc_pstn.o
 .bss.g_current_interface
                0x20000fb0        0x1 ./Generated_Code/usb_cdc_pstn.o
 *fill*         0x20000fb1        0x3 
 .bss.g_uart_bitmap
                0x20000fb4        0x4 ./Generated_Code/usb_cdc_pstn.o
 .bss.g_class_callback
                0x20000fb8        0x4 ./Generated_Code/usb_class.o
 .bss.g_device_state_before_suspend
                0x20000fbc        0x1 ./Generated_Code/usb_class.o
 *fill*         0x20000fbd        0x3 
 .bss.g_bdtmap  0x20000fc0        0x4 ./Generated_Code/usb_dci_kinetis.o
                0x20000fc0                g_bdtmap
 .bss.g_bdt_elem
                0x20000fc4      0x240 ./Generated_Code/usb_dci_kinetis.o
 .bss.g_dci_controller_Id
                0x20001204        0x1 ./Generated_Code/usb_dci_kinetis.o
 *fill*         0x20001205        0x3 
 .bss.g_bdt_address
                0x20001208        0x4 ./Generated_Code/usb_dci_kinetis.o
 .bss.g_abstract_state
                0x2000120c        0x4 ./Generated_Code/usb_descriptor.o
 .bss.g_country_code
                0x20001210        0x4 ./Generated_Code/usb_descriptor.o
 .bss.g_alternate_interface
                0x20001214        0x4 ./Generated_Code/usb_descriptor.o
 .bss.g_usb_component_status
                0x20001218        0x8 ./Generated_Code/usb_driver.o
 .bss.g_usb_ep_status
                0x20001220        0x8 ./Generated_Code/usb_driver.o
 .bss.g_EPn     0x20001228        0x1 ./Generated_Code/usb_driver.o
 .bss.g_EPn_max
                0x20001229        0x1 ./Generated_Code/usb_driver.o
 *fill*         0x2000122a        0x2 
 .bss.g_setup_pkt
                0x2000122c        0x8 ./Generated_Code/usb_framework.o
 .bss.g_std_framework_data
                0x20001234        0x2 ./Generated_Code/usb_framework.o
 .bss.g_assigned_address
                0x20001236        0x1 ./Generated_Code/usb_framework.o
 *fill*         0x20001237        0x1 
 .bss.g_framework_callback
                0x20001238        0x4 ./Generated_Code/usb_framework.o
 .bss.g_other_req_callback
                0x2000123c        0x4 ./Generated_Code/usb_framework.o
 .bss.ext_req_to_host
                0x20001240       0x28 ./Generated_Code/usb_framework.o
 *(COMMON)
 COMMON         0x20001268        0x4 ./Generated_Code/AS1.o
                0x20001268                ASerialLdd1_DeviceDataPtr
 COMMON         0x2000126c        0x1 ./Generated_Code/Cpu.o
                0x2000126c                SR_reg
 *fill*         0x2000126d        0x3 
 COMMON         0x20001270        0x4 ./Generated_Code/Serial1.o
                0x20001270                ASerialLdd2_DeviceDataPtr
 COMMON         0x20001274     0x17a4 ./Generated_Code/trcBase.o
                0x20001274                RecorderData
                0x20002a14                init_hwtc_count
 *fill*         0x20002a18      0x1e8 
 COMMON         0x20002c00      0x400 ./Generated_Code/usb_dci_kinetis.o
                0x20002c00                g_Mem
                0x20003000                . = ALIGN (0x4)
                0x20003000                __END_BSS = .
                0x20003000                PROVIDE (__bss_end__, __END_BSS)
                0x0000dc74                _romp_at = (___ROM_AT + SIZEOF (.data))

.romp           0x20003000       0x18 load address 0x0000dc74
                0x0000dc74                __S_romp = _romp_at
                0x20003000        0x4 LONG 0xdb4c ___ROM_AT
                0x20003004        0x4 LONG 0x1ffff000 _sdata
                0x20003008        0x4 LONG 0x128 ___data_size
                0x2000300c        0x4 LONG 0x0
                0x20003010        0x4 LONG 0x0
                0x20003014        0x4 LONG 0x0

._user_heap_stack
                0x20003018      0x400 load address 0x0000dc8c
                0x20003018                . = ALIGN (0x4)
                0x20003018                PROVIDE (end, .)
                0x20003018                PROVIDE (_end, .)
                0x20003018                __heap_addr = .
                0x20003018                __HeapBase = .
                0x20003018                . = (. + __heap_size)
                0x20003018                __HeapLimit = .
                0x20003418                . = (. + __stack_size)
 *fill*         0x20003018      0x400 
                0x20003418                . = ALIGN (0x4)

.ARM.attributes
                0x00000000       0x2d
 *(.ARM.attributes)
 .ARM.attributes
                0x00000000       0x23 c:/freescale/kds_2.0.0/toolchain/bin/../lib/gcc/arm-none-eabi/4.8.0/crti.o
 .ARM.attributes
                0x00000023       0x31 c:/freescale/kds_2.0.0/toolchain/bin/../lib/gcc/arm-none-eabi/4.8.0/crtbegin.o
 .ARM.attributes
                0x00000054       0x32 ./Sources/Appilication.o
 .ARM.attributes
                0x00000086       0x32 ./Sources/Debounce.o
 .ARM.attributes
                0x000000b8       0x32 ./Sources/Event.o
 .ARM.attributes
                0x000000ea       0x32 ./Sources/Events.o
 .ARM.attributes
                0x0000011c       0x32 ./Sources/Key.o
 .ARM.attributes
                0x0000014e       0x32 ./Sources/KeyDebounce.o
 .ARM.attributes
                0x00000180       0x32 ./Sources/LED.o
 .ARM.attributes
                0x000001b2       0x32 ./Sources/Mealy.o
 .ARM.attributes
                0x000001e4       0x32 ./Sources/Platform.o
 .ARM.attributes
                0x00000216       0x32 ./Sources/RTOS.o
 .ARM.attributes
                0x00000248       0x32 ./Sources/Shell.o
 .ARM.attributes
                0x0000027a       0x32 ./Sources/Timer.o
 .ARM.attributes
                0x000002ac       0x32 ./Sources/Trigger.o
 .ARM.attributes
                0x000002de       0x32 ./Sources/main.o
 .ARM.attributes
                0x00000310       0x32 ./Project_Settings/Startup_Code/startup.o
 .ARM.attributes
                0x00000342       0x32 ./Generated_Code/AS1.o
 .ARM.attributes
                0x00000374       0x32 ./Generated_Code/ASerialLdd1.o
 .ARM.attributes
                0x000003a6       0x32 ./Generated_Code/ASerialLdd2.o
 .ARM.attributes
                0x000003d8       0x32 ./Generated_Code/BT1.o
 .ARM.attributes
                0x0000040a       0x32 ./Generated_Code/BitIoLdd1.o
 .ARM.attributes
                0x0000043c       0x32 ./Generated_Code/BitIoLdd2.o
 .ARM.attributes
                0x0000046e       0x32 ./Generated_Code/BitIoLdd3.o
 .ARM.attributes
                0x000004a0       0x32 ./Generated_Code/BitIoLdd4.o
 .ARM.attributes
                0x000004d2       0x32 ./Generated_Code/BitIoLdd5.o
 .ARM.attributes
                0x00000504       0x32 ./Generated_Code/CDC1.o
 .ARM.attributes
                0x00000536       0x32 ./Generated_Code/CLS1.o
 .ARM.attributes
                0x00000568       0x32 ./Generated_Code/Cpu.o
 .ARM.attributes
                0x0000059a       0x32 ./Generated_Code/ExtIntLdd1.o
 .ARM.attributes
                0x000005cc       0x32 ./Generated_Code/ExtIntLdd2.o
 .ARM.attributes
                0x000005fe       0x32 ./Generated_Code/ExtIntLdd3.o
 .ARM.attributes
                0x00000630       0x32 ./Generated_Code/ExtIntLdd4.o
 .ARM.attributes
                0x00000662       0x32 ./Generated_Code/ExtIntLdd5.o
 .ARM.attributes
                0x00000694       0x32 ./Generated_Code/FRTOS1.o
 .ARM.attributes
                0x000006c6       0x32 ./Generated_Code/HF1.o
 .ARM.attributes
                0x000006f8       0x32 ./Generated_Code/KeyA.o
 .ARM.attributes
                0x0000072a       0x32 ./Generated_Code/KeyB.o
 .ARM.attributes
                0x0000075c       0x32 ./Generated_Code/KeyC.o
 .ARM.attributes
                0x0000078e       0x32 ./Generated_Code/KeyD.o
 .ARM.attributes
                0x000007c0       0x32 ./Generated_Code/KeyKEY.o
 .ARM.attributes
                0x000007f2       0x32 ./Generated_Code/PE_LDD.o
 .ARM.attributes
                0x00000824       0x32 ./Generated_Code/PTA.o
 .ARM.attributes
                0x00000856       0x32 ./Generated_Code/Rx1.o
 .ARM.attributes
                0x00000888       0x32 ./Generated_Code/Serial1.o
 .ARM.attributes
                0x000008ba       0x32 ./Generated_Code/TI1.o
 .ARM.attributes
                0x000008ec       0x32 ./Generated_Code/TU1.o
 .ARM.attributes
                0x0000091e       0x32 ./Generated_Code/TimerIntLdd1.o
 .ARM.attributes
                0x00000950       0x32 ./Generated_Code/Tx1.o
 .ARM.attributes
                0x00000982       0x32 ./Generated_Code/USB0.o
 .ARM.attributes
                0x000009b4       0x32 ./Generated_Code/USB1.o
 .ARM.attributes
                0x000009e6       0x32 ./Generated_Code/UTIL1.o
 .ARM.attributes
                0x00000a18       0x32 ./Generated_Code/Vectors.o
 .ARM.attributes
                0x00000a4a       0x32 ./Generated_Code/WAIT1.o
 .ARM.attributes
                0x00000a7c       0x32 ./Generated_Code/heap_2.o
 .ARM.attributes
                0x00000aae       0x32 ./Generated_Code/list.o
 .ARM.attributes
                0x00000ae0       0x32 ./Generated_Code/port.o
 .ARM.attributes
                0x00000b12       0x32 ./Generated_Code/tasks.o
 .ARM.attributes
                0x00000b44       0x32 ./Generated_Code/trcBase.o
 .ARM.attributes
                0x00000b76       0x32 ./Generated_Code/trcHardwarePort.o
 .ARM.attributes
                0x00000ba8       0x32 ./Generated_Code/trcKernel.o
 .ARM.attributes
                0x00000bda       0x32 ./Generated_Code/trcKernelPort.o
 .ARM.attributes
                0x00000c0c       0x32 ./Generated_Code/trcUser.o
 .ARM.attributes
                0x00000c3e       0x32 ./Generated_Code/usb_cdc.o
 .ARM.attributes
                0x00000c70       0x32 ./Generated_Code/usb_cdc_pstn.o
 .ARM.attributes
                0x00000ca2       0x32 ./Generated_Code/usb_class.o
 .ARM.attributes
                0x00000cd4       0x32 ./Generated_Code/usb_dci_kinetis.o
 .ARM.attributes
                0x00000d06       0x32 ./Generated_Code/usb_descriptor.o
 .ARM.attributes
                0x00000d38       0x32 ./Generated_Code/usb_driver.o
 .ARM.attributes
                0x00000d6a       0x32 ./Generated_Code/usb_framework.o
 .ARM.attributes
                0x00000d9c       0x32 ./Generated_Code/wdt_kinetis.o
 .ARM.attributes
                0x00000dce       0x23 c:/freescale/kds_2.0.0/toolchain/bin/../lib/gcc/arm-none-eabi/4.8.0\libgcc.a(_udivsi3.o)
 .ARM.attributes
                0x00000df1       0x23 c:/freescale/kds_2.0.0/toolchain/bin/../lib/gcc/arm-none-eabi/4.8.0\libgcc.a(_divsi3.o)
 .ARM.attributes
                0x00000e14       0x23 c:/freescale/kds_2.0.0/toolchain/bin/../lib/gcc/arm-none-eabi/4.8.0\libgcc.a(_dvmd_tls.o)
 .ARM.attributes
                0x00000e37       0x31 c:/freescale/kds_2.0.0/toolchain/bin/../lib/gcc/arm-none-eabi/4.8.0/../../../../arm-none-eabi/lib\libg_s.a(lib_a-memcpy.o)
 .ARM.attributes
                0x00000e68       0x31 c:/freescale/kds_2.0.0/toolchain/bin/../lib/gcc/arm-none-eabi/4.8.0/../../../../arm-none-eabi/lib\libg_s.a(lib_a-memset.o)
 .ARM.attributes
                0x00000e99       0x21 c:/freescale/kds_2.0.0/toolchain/bin/../lib/gcc/arm-none-eabi/4.8.0/../../../../arm-none-eabi/lib\libg_s.a(lib_a-setjmp.o)
 .ARM.attributes
                0x00000eba       0x31 c:/freescale/kds_2.0.0/toolchain/bin/../lib/gcc/arm-none-eabi/4.8.0/../../../../arm-none-eabi/lib\libg_s.a(lib_a-strcmp.o)
 .ARM.attributes
                0x00000eeb       0x31 c:/freescale/kds_2.0.0/toolchain/bin/../lib/gcc/arm-none-eabi/4.8.0/../../../../arm-none-eabi/lib\libg_s.a(lib_a-strcpy.o)
 .ARM.attributes
                0x00000f1c       0x31 c:/freescale/kds_2.0.0/toolchain/bin/../lib/gcc/arm-none-eabi/4.8.0/../../../../arm-none-eabi/lib\libg_s.a(lib_a-strlen.o)
 .ARM.attributes
                0x00000f4d       0x31 c:/freescale/kds_2.0.0/toolchain/bin/../lib/gcc/arm-none-eabi/4.8.0/../../../../arm-none-eabi/lib\libg_s.a(lib_a-strncmp.o)
 .ARM.attributes
                0x00000f7e       0x31 c:/freescale/kds_2.0.0/toolchain/bin/../lib/gcc/arm-none-eabi/4.8.0/../../../../arm-none-eabi/lib\libg_s.a(lib_a-strncpy.o)
 .ARM.attributes
                0x00000faf       0x31 c:/freescale/kds_2.0.0/toolchain/bin/../lib/gcc/arm-none-eabi/4.8.0/crtend.o
 .ARM.attributes
                0x00000fe0       0x23 c:/freescale/kds_2.0.0/toolchain/bin/../lib/gcc/arm-none-eabi/4.8.0/crtn.o
OUTPUT(FRDM.elf elf32-littlearm)

.comment        0x00000000       0x2a
 .comment       0x00000000       0x2a c:/freescale/kds_2.0.0/toolchain/bin/../lib/gcc/arm-none-eabi/4.8.0/crtbegin.o
                                 0x2b (size before relaxing)
 .comment       0x00000000       0x2b ./Sources/Appilication.o
 .comment       0x00000000       0x2b ./Sources/Debounce.o
 .comment       0x00000000       0x2b ./Sources/Event.o
 .comment       0x00000000       0x2b ./Sources/Events.o
 .comment       0x00000000       0x2b ./Sources/Key.o
 .comment       0x00000000       0x2b ./Sources/KeyDebounce.o
 .comment       0x00000000       0x2b ./Sources/LED.o
 .comment       0x00000000       0x2b ./Sources/Mealy.o
 .comment       0x00000000       0x2b ./Sources/Platform.o
 .comment       0x00000000       0x2b ./Sources/RTOS.o
 .comment       0x00000000       0x2b ./Sources/Shell.o
 .comment       0x00000000       0x2b ./Sources/Timer.o
 .comment       0x00000000       0x2b ./Sources/Trigger.o
 .comment       0x00000000       0x2b ./Sources/main.o
 .comment       0x00000000       0x2b ./Project_Settings/Startup_Code/startup.o
 .comment       0x00000000       0x2b ./Generated_Code/AS1.o
 .comment       0x00000000       0x2b ./Generated_Code/ASerialLdd1.o